ARM GAS  /tmp/cc0SEPPq.s 			page 1


   1              		.cpu cortex-m4
   2              		.arch armv7e-m
   3              		.fpu fpv4-sp-d16
   4              		.eabi_attribute 27, 1
   5              		.eabi_attribute 28, 1
   6              		.eabi_attribute 20, 1
   7              		.eabi_attribute 21, 1
   8              		.eabi_attribute 23, 3
   9              		.eabi_attribute 24, 1
  10              		.eabi_attribute 25, 1
  11              		.eabi_attribute 26, 1
  12              		.eabi_attribute 30, 1
  13              		.eabi_attribute 34, 1
  14              		.eabi_attribute 18, 4
  15              		.file	"adc.c"
  16              		.text
  17              	.Ltext0:
  18              		.cfi_sections	.debug_frame
  19              		.file 1 "Core/Src/adc.c"
  20              		.section	.text.MX_ADC1_Init,"ax",%progbits
  21              		.align	1
  22              		.global	MX_ADC1_Init
  23              		.syntax unified
  24              		.thumb
  25              		.thumb_func
  27              	MX_ADC1_Init:
  28              	.LFB220:
   1:Core/Src/adc.c **** /* USER CODE BEGIN Header */
   2:Core/Src/adc.c **** /**
   3:Core/Src/adc.c ****   ******************************************************************************
   4:Core/Src/adc.c ****   * @file    adc.c
   5:Core/Src/adc.c ****   * @brief   This file provides code for the configuration
   6:Core/Src/adc.c ****   *          of the ADC instances.
   7:Core/Src/adc.c ****   ******************************************************************************
   8:Core/Src/adc.c ****   * @attention
   9:Core/Src/adc.c ****   *
  10:Core/Src/adc.c ****   * Copyright (c) 2026 STMicroelectronics.
  11:Core/Src/adc.c ****   * All rights reserved.
  12:Core/Src/adc.c ****   *
  13:Core/Src/adc.c ****   * This software is licensed under terms that can be found in the LICENSE file
  14:Core/Src/adc.c ****   * in the root directory of this software component.
  15:Core/Src/adc.c ****   * If no LICENSE file comes with this software, it is provided AS-IS.
  16:Core/Src/adc.c ****   *
  17:Core/Src/adc.c ****   ******************************************************************************
  18:Core/Src/adc.c ****   */
  19:Core/Src/adc.c **** /* USER CODE END Header */
  20:Core/Src/adc.c **** /* Includes ------------------------------------------------------------------*/
  21:Core/Src/adc.c **** #include "adc.h"
  22:Core/Src/adc.c **** 
  23:Core/Src/adc.c **** /* USER CODE BEGIN 0 */
  24:Core/Src/adc.c **** 
  25:Core/Src/adc.c **** /* USER CODE END 0 */
  26:Core/Src/adc.c **** 
  27:Core/Src/adc.c **** ADC_HandleTypeDef hadc1;
  28:Core/Src/adc.c **** DMA_HandleTypeDef hdma_adc1;
  29:Core/Src/adc.c **** 
  30:Core/Src/adc.c **** /* ADC1 init function */
ARM GAS  /tmp/cc0SEPPq.s 			page 2


  31:Core/Src/adc.c **** void MX_ADC1_Init(void)
  32:Core/Src/adc.c **** {
  29              		.loc 1 32 1 view -0
  30              		.cfi_startproc
  31              		@ args = 0, pretend = 0, frame = 16
  32              		@ frame_needed = 0, uses_anonymous_args = 0
  33 0000 00B5     		push	{lr}
  34              	.LCFI0:
  35              		.cfi_def_cfa_offset 4
  36              		.cfi_offset 14, -4
  37 0002 85B0     		sub	sp, sp, #20
  38              	.LCFI1:
  39              		.cfi_def_cfa_offset 24
  33:Core/Src/adc.c **** 
  34:Core/Src/adc.c ****   /* USER CODE BEGIN ADC1_Init 0 */
  35:Core/Src/adc.c **** 
  36:Core/Src/adc.c ****   /* USER CODE END ADC1_Init 0 */
  37:Core/Src/adc.c **** 
  38:Core/Src/adc.c ****   ADC_ChannelConfTypeDef sConfig = {0};
  40              		.loc 1 38 3 view .LVU1
  41              		.loc 1 38 26 is_stmt 0 view .LVU2
  42 0004 0023     		movs	r3, #0
  43 0006 0093     		str	r3, [sp]
  44 0008 0193     		str	r3, [sp, #4]
  45 000a 0293     		str	r3, [sp, #8]
  46 000c 0393     		str	r3, [sp, #12]
  39:Core/Src/adc.c **** 
  40:Core/Src/adc.c ****   /* USER CODE BEGIN ADC1_Init 1 */
  41:Core/Src/adc.c **** 
  42:Core/Src/adc.c ****   /* USER CODE END ADC1_Init 1 */
  43:Core/Src/adc.c **** 
  44:Core/Src/adc.c ****   /** Configure the global features of the ADC (Clock, Resolution, Data Alignment and number of con
  45:Core/Src/adc.c ****   */
  46:Core/Src/adc.c ****   hadc1.Instance = ADC1;
  47              		.loc 1 46 3 is_stmt 1 view .LVU3
  48              		.loc 1 46 18 is_stmt 0 view .LVU4
  49 000e 2148     		ldr	r0, .L11
  50 0010 214A     		ldr	r2, .L11+4
  51 0012 0260     		str	r2, [r0]
  47:Core/Src/adc.c ****   hadc1.Init.ClockPrescaler = ADC_CLOCK_SYNC_PCLK_DIV4;
  52              		.loc 1 47 3 is_stmt 1 view .LVU5
  53              		.loc 1 47 29 is_stmt 0 view .LVU6
  54 0014 4FF48032 		mov	r2, #65536
  55 0018 4260     		str	r2, [r0, #4]
  48:Core/Src/adc.c ****   hadc1.Init.Resolution = ADC_RESOLUTION_12B;
  56              		.loc 1 48 3 is_stmt 1 view .LVU7
  57              		.loc 1 48 25 is_stmt 0 view .LVU8
  58 001a 8360     		str	r3, [r0, #8]
  49:Core/Src/adc.c ****   hadc1.Init.ScanConvMode = ENABLE;
  59              		.loc 1 49 3 is_stmt 1 view .LVU9
  60              		.loc 1 49 27 is_stmt 0 view .LVU10
  61 001c 0122     		movs	r2, #1
  62 001e 0261     		str	r2, [r0, #16]
  50:Core/Src/adc.c ****   hadc1.Init.ContinuousConvMode = ENABLE;
  63              		.loc 1 50 3 is_stmt 1 view .LVU11
  64              		.loc 1 50 33 is_stmt 0 view .LVU12
  65 0020 0276     		strb	r2, [r0, #24]
ARM GAS  /tmp/cc0SEPPq.s 			page 3


  51:Core/Src/adc.c ****   hadc1.Init.DiscontinuousConvMode = DISABLE;
  66              		.loc 1 51 3 is_stmt 1 view .LVU13
  67              		.loc 1 51 36 is_stmt 0 view .LVU14
  68 0022 80F82030 		strb	r3, [r0, #32]
  52:Core/Src/adc.c ****   hadc1.Init.ExternalTrigConvEdge = ADC_EXTERNALTRIGCONVEDGE_NONE;
  69              		.loc 1 52 3 is_stmt 1 view .LVU15
  70              		.loc 1 52 35 is_stmt 0 view .LVU16
  71 0026 C362     		str	r3, [r0, #44]
  53:Core/Src/adc.c ****   hadc1.Init.ExternalTrigConv = ADC_SOFTWARE_START;
  72              		.loc 1 53 3 is_stmt 1 view .LVU17
  73              		.loc 1 53 31 is_stmt 0 view .LVU18
  74 0028 1C49     		ldr	r1, .L11+8
  75 002a 8162     		str	r1, [r0, #40]
  54:Core/Src/adc.c ****   hadc1.Init.DataAlign = ADC_DATAALIGN_RIGHT;
  76              		.loc 1 54 3 is_stmt 1 view .LVU19
  77              		.loc 1 54 24 is_stmt 0 view .LVU20
  78 002c C360     		str	r3, [r0, #12]
  55:Core/Src/adc.c ****   hadc1.Init.NbrOfConversion = 3;
  79              		.loc 1 55 3 is_stmt 1 view .LVU21
  80              		.loc 1 55 30 is_stmt 0 view .LVU22
  81 002e 0321     		movs	r1, #3
  82 0030 C161     		str	r1, [r0, #28]
  56:Core/Src/adc.c ****   hadc1.Init.DMAContinuousRequests = ENABLE;
  83              		.loc 1 56 3 is_stmt 1 view .LVU23
  84              		.loc 1 56 36 is_stmt 0 view .LVU24
  85 0032 80F83020 		strb	r2, [r0, #48]
  57:Core/Src/adc.c ****   hadc1.Init.EOCSelection = ADC_EOC_SEQ_CONV;
  86              		.loc 1 57 3 is_stmt 1 view .LVU25
  87              		.loc 1 57 27 is_stmt 0 view .LVU26
  88 0036 4361     		str	r3, [r0, #20]
  58:Core/Src/adc.c ****   if (HAL_ADC_Init(&hadc1) != HAL_OK)
  89              		.loc 1 58 3 is_stmt 1 view .LVU27
  90              		.loc 1 58 7 is_stmt 0 view .LVU28
  91 0038 FFF7FEFF 		bl	HAL_ADC_Init
  92              	.LVL0:
  93              		.loc 1 58 6 discriminator 1 view .LVU29
  94 003c E8B9     		cbnz	r0, .L7
  95              	.L2:
  59:Core/Src/adc.c ****   {
  60:Core/Src/adc.c ****     Error_Handler();
  61:Core/Src/adc.c ****   }
  62:Core/Src/adc.c **** 
  63:Core/Src/adc.c ****   /** Configure for the selected ADC regular channel its corresponding rank in the sequencer and it
  64:Core/Src/adc.c ****   */
  65:Core/Src/adc.c ****   sConfig.Channel = ADC_CHANNEL_1;
  96              		.loc 1 65 3 is_stmt 1 view .LVU30
  97              		.loc 1 65 19 is_stmt 0 view .LVU31
  98 003e 0123     		movs	r3, #1
  99 0040 0093     		str	r3, [sp]
  66:Core/Src/adc.c ****   sConfig.Rank = 1;
 100              		.loc 1 66 3 is_stmt 1 view .LVU32
 101              		.loc 1 66 16 is_stmt 0 view .LVU33
 102 0042 0193     		str	r3, [sp, #4]
  67:Core/Src/adc.c ****   sConfig.SamplingTime = ADC_SAMPLETIME_480CYCLES;
 103              		.loc 1 67 3 is_stmt 1 view .LVU34
 104              		.loc 1 67 24 is_stmt 0 view .LVU35
 105 0044 0723     		movs	r3, #7
ARM GAS  /tmp/cc0SEPPq.s 			page 4


 106 0046 0293     		str	r3, [sp, #8]
  68:Core/Src/adc.c ****   if (HAL_ADC_ConfigChannel(&hadc1, &sConfig) != HAL_OK)
 107              		.loc 1 68 3 is_stmt 1 view .LVU36
 108              		.loc 1 68 7 is_stmt 0 view .LVU37
 109 0048 6946     		mov	r1, sp
 110 004a 1248     		ldr	r0, .L11
 111 004c FFF7FEFF 		bl	HAL_ADC_ConfigChannel
 112              	.LVL1:
 113              		.loc 1 68 6 discriminator 1 view .LVU38
 114 0050 B0B9     		cbnz	r0, .L8
 115              	.L3:
  69:Core/Src/adc.c ****   {
  70:Core/Src/adc.c ****     Error_Handler();
  71:Core/Src/adc.c ****   }
  72:Core/Src/adc.c **** 
  73:Core/Src/adc.c ****   /** Configure for the selected ADC regular channel its corresponding rank in the sequencer and it
  74:Core/Src/adc.c ****   */
  75:Core/Src/adc.c ****   sConfig.Channel = ADC_CHANNEL_4;
 116              		.loc 1 75 3 is_stmt 1 view .LVU39
 117              		.loc 1 75 19 is_stmt 0 view .LVU40
 118 0052 0423     		movs	r3, #4
 119 0054 0093     		str	r3, [sp]
  76:Core/Src/adc.c ****   sConfig.Rank = 2;
 120              		.loc 1 76 3 is_stmt 1 view .LVU41
 121              		.loc 1 76 16 is_stmt 0 view .LVU42
 122 0056 0223     		movs	r3, #2
 123 0058 0193     		str	r3, [sp, #4]
  77:Core/Src/adc.c ****   if (HAL_ADC_ConfigChannel(&hadc1, &sConfig) != HAL_OK)
 124              		.loc 1 77 3 is_stmt 1 view .LVU43
 125              		.loc 1 77 7 is_stmt 0 view .LVU44
 126 005a 6946     		mov	r1, sp
 127 005c 0D48     		ldr	r0, .L11
 128 005e FFF7FEFF 		bl	HAL_ADC_ConfigChannel
 129              	.LVL2:
 130              		.loc 1 77 6 discriminator 1 view .LVU45
 131 0062 80B9     		cbnz	r0, .L9
 132              	.L4:
  78:Core/Src/adc.c ****   {
  79:Core/Src/adc.c ****     Error_Handler();
  80:Core/Src/adc.c ****   }
  81:Core/Src/adc.c **** 
  82:Core/Src/adc.c ****   /** Configure for the selected ADC regular channel its corresponding rank in the sequencer and it
  83:Core/Src/adc.c ****   */
  84:Core/Src/adc.c ****   sConfig.Channel = ADC_CHANNEL_8;
 133              		.loc 1 84 3 is_stmt 1 view .LVU46
 134              		.loc 1 84 19 is_stmt 0 view .LVU47
 135 0064 0823     		movs	r3, #8
 136 0066 0093     		str	r3, [sp]
  85:Core/Src/adc.c ****   sConfig.Rank = 3;
 137              		.loc 1 85 3 is_stmt 1 view .LVU48
 138              		.loc 1 85 16 is_stmt 0 view .LVU49
 139 0068 0323     		movs	r3, #3
 140 006a 0193     		str	r3, [sp, #4]
  86:Core/Src/adc.c ****   if (HAL_ADC_ConfigChannel(&hadc1, &sConfig) != HAL_OK)
 141              		.loc 1 86 3 is_stmt 1 view .LVU50
 142              		.loc 1 86 7 is_stmt 0 view .LVU51
 143 006c 6946     		mov	r1, sp
ARM GAS  /tmp/cc0SEPPq.s 			page 5


 144 006e 0948     		ldr	r0, .L11
 145 0070 FFF7FEFF 		bl	HAL_ADC_ConfigChannel
 146              	.LVL3:
 147              		.loc 1 86 6 discriminator 1 view .LVU52
 148 0074 50B9     		cbnz	r0, .L10
 149              	.L1:
  87:Core/Src/adc.c ****   {
  88:Core/Src/adc.c ****     Error_Handler();
  89:Core/Src/adc.c ****   }
  90:Core/Src/adc.c ****   /* USER CODE BEGIN ADC1_Init 2 */
  91:Core/Src/adc.c **** 
  92:Core/Src/adc.c ****   /* USER CODE END ADC1_Init 2 */
  93:Core/Src/adc.c **** 
  94:Core/Src/adc.c **** }
 150              		.loc 1 94 1 view .LVU53
 151 0076 05B0     		add	sp, sp, #20
 152              	.LCFI2:
 153              		.cfi_remember_state
 154              		.cfi_def_cfa_offset 4
 155              		@ sp needed
 156 0078 00BD     		pop	{pc}
 157              	.L7:
 158              	.LCFI3:
 159              		.cfi_restore_state
  60:Core/Src/adc.c ****   }
 160              		.loc 1 60 5 is_stmt 1 view .LVU54
 161 007a FFF7FEFF 		bl	Error_Handler
 162              	.LVL4:
 163 007e DEE7     		b	.L2
 164              	.L8:
  70:Core/Src/adc.c ****   }
 165              		.loc 1 70 5 view .LVU55
 166 0080 FFF7FEFF 		bl	Error_Handler
 167              	.LVL5:
 168 0084 E5E7     		b	.L3
 169              	.L9:
  79:Core/Src/adc.c ****   }
 170              		.loc 1 79 5 view .LVU56
 171 0086 FFF7FEFF 		bl	Error_Handler
 172              	.LVL6:
 173 008a EBE7     		b	.L4
 174              	.L10:
  88:Core/Src/adc.c ****   }
 175              		.loc 1 88 5 view .LVU57
 176 008c FFF7FEFF 		bl	Error_Handler
 177              	.LVL7:
 178              		.loc 1 94 1 is_stmt 0 view .LVU58
 179 0090 F1E7     		b	.L1
 180              	.L12:
 181 0092 00BF     		.align	2
 182              	.L11:
 183 0094 00000000 		.word	hadc1
 184 0098 00200140 		.word	1073815552
 185 009c 0100000F 		.word	251658241
 186              		.cfi_endproc
 187              	.LFE220:
 189              		.section	.text.HAL_ADC_MspInit,"ax",%progbits
ARM GAS  /tmp/cc0SEPPq.s 			page 6


 190              		.align	1
 191              		.global	HAL_ADC_MspInit
 192              		.syntax unified
 193              		.thumb
 194              		.thumb_func
 196              	HAL_ADC_MspInit:
 197              	.LVL8:
 198              	.LFB221:
  95:Core/Src/adc.c **** 
  96:Core/Src/adc.c **** void HAL_ADC_MspInit(ADC_HandleTypeDef* adcHandle)
  97:Core/Src/adc.c **** {
 199              		.loc 1 97 1 is_stmt 1 view -0
 200              		.cfi_startproc
 201              		@ args = 0, pretend = 0, frame = 32
 202              		@ frame_needed = 0, uses_anonymous_args = 0
 203              		.loc 1 97 1 is_stmt 0 view .LVU60
 204 0000 F0B5     		push	{r4, r5, r6, r7, lr}
 205              	.LCFI4:
 206              		.cfi_def_cfa_offset 20
 207              		.cfi_offset 4, -20
 208              		.cfi_offset 5, -16
 209              		.cfi_offset 6, -12
 210              		.cfi_offset 7, -8
 211              		.cfi_offset 14, -4
 212 0002 89B0     		sub	sp, sp, #36
 213              	.LCFI5:
 214              		.cfi_def_cfa_offset 56
  98:Core/Src/adc.c **** 
  99:Core/Src/adc.c ****   GPIO_InitTypeDef GPIO_InitStruct = {0};
 215              		.loc 1 99 3 is_stmt 1 view .LVU61
 216              		.loc 1 99 20 is_stmt 0 view .LVU62
 217 0004 0023     		movs	r3, #0
 218 0006 0393     		str	r3, [sp, #12]
 219 0008 0493     		str	r3, [sp, #16]
 220 000a 0593     		str	r3, [sp, #20]
 221 000c 0693     		str	r3, [sp, #24]
 222 000e 0793     		str	r3, [sp, #28]
 100:Core/Src/adc.c ****   if(adcHandle->Instance==ADC1)
 223              		.loc 1 100 3 is_stmt 1 view .LVU63
 224              		.loc 1 100 15 is_stmt 0 view .LVU64
 225 0010 0268     		ldr	r2, [r0]
 226              		.loc 1 100 5 view .LVU65
 227 0012 03F18043 		add	r3, r3, #1073741824
 228 0016 03F59033 		add	r3, r3, #73728
 229 001a 9A42     		cmp	r2, r3
 230 001c 01D0     		beq	.L17
 231              	.LVL9:
 232              	.L13:
 101:Core/Src/adc.c ****   {
 102:Core/Src/adc.c ****   /* USER CODE BEGIN ADC1_MspInit 0 */
 103:Core/Src/adc.c **** 
 104:Core/Src/adc.c ****   /* USER CODE END ADC1_MspInit 0 */
 105:Core/Src/adc.c ****     /* ADC1 clock enable */
 106:Core/Src/adc.c ****     __HAL_RCC_ADC1_CLK_ENABLE();
 107:Core/Src/adc.c **** 
 108:Core/Src/adc.c ****     __HAL_RCC_GPIOA_CLK_ENABLE();
 109:Core/Src/adc.c ****     __HAL_RCC_GPIOB_CLK_ENABLE();
ARM GAS  /tmp/cc0SEPPq.s 			page 7


 110:Core/Src/adc.c ****     /**ADC1 GPIO Configuration
 111:Core/Src/adc.c ****     PA1     ------> ADC1_IN1
 112:Core/Src/adc.c ****     PA4     ------> ADC1_IN4
 113:Core/Src/adc.c ****     PB0     ------> ADC1_IN8
 114:Core/Src/adc.c ****     */
 115:Core/Src/adc.c ****     GPIO_InitStruct.Pin = LINE_SENSOR_RIGHT_Pin|VBAT_Pin;
 116:Core/Src/adc.c ****     GPIO_InitStruct.Mode = GPIO_MODE_ANALOG;
 117:Core/Src/adc.c ****     GPIO_InitStruct.Pull = GPIO_NOPULL;
 118:Core/Src/adc.c ****     HAL_GPIO_Init(GPIOA, &GPIO_InitStruct);
 119:Core/Src/adc.c **** 
 120:Core/Src/adc.c ****     GPIO_InitStruct.Pin = VCURR_Pin;
 121:Core/Src/adc.c ****     GPIO_InitStruct.Mode = GPIO_MODE_ANALOG;
 122:Core/Src/adc.c ****     GPIO_InitStruct.Pull = GPIO_NOPULL;
 123:Core/Src/adc.c ****     HAL_GPIO_Init(VCURR_GPIO_Port, &GPIO_InitStruct);
 124:Core/Src/adc.c **** 
 125:Core/Src/adc.c ****     /* ADC1 DMA Init */
 126:Core/Src/adc.c ****     /* ADC1 Init */
 127:Core/Src/adc.c ****     hdma_adc1.Instance = DMA2_Stream0;
 128:Core/Src/adc.c ****     hdma_adc1.Init.Channel = DMA_CHANNEL_0;
 129:Core/Src/adc.c ****     hdma_adc1.Init.Direction = DMA_PERIPH_TO_MEMORY;
 130:Core/Src/adc.c ****     hdma_adc1.Init.PeriphInc = DMA_PINC_DISABLE;
 131:Core/Src/adc.c ****     hdma_adc1.Init.MemInc = DMA_MINC_ENABLE;
 132:Core/Src/adc.c ****     hdma_adc1.Init.PeriphDataAlignment = DMA_PDATAALIGN_WORD;
 133:Core/Src/adc.c ****     hdma_adc1.Init.MemDataAlignment = DMA_MDATAALIGN_WORD;
 134:Core/Src/adc.c ****     hdma_adc1.Init.Mode = DMA_CIRCULAR;
 135:Core/Src/adc.c ****     hdma_adc1.Init.Priority = DMA_PRIORITY_MEDIUM;
 136:Core/Src/adc.c ****     hdma_adc1.Init.FIFOMode = DMA_FIFOMODE_DISABLE;
 137:Core/Src/adc.c ****     if (HAL_DMA_Init(&hdma_adc1) != HAL_OK)
 138:Core/Src/adc.c ****     {
 139:Core/Src/adc.c ****       Error_Handler();
 140:Core/Src/adc.c ****     }
 141:Core/Src/adc.c **** 
 142:Core/Src/adc.c ****     __HAL_LINKDMA(adcHandle,DMA_Handle,hdma_adc1);
 143:Core/Src/adc.c **** 
 144:Core/Src/adc.c ****   /* USER CODE BEGIN ADC1_MspInit 1 */
 145:Core/Src/adc.c **** 
 146:Core/Src/adc.c ****   /* USER CODE END ADC1_MspInit 1 */
 147:Core/Src/adc.c ****   }
 148:Core/Src/adc.c **** }
 233              		.loc 1 148 1 view .LVU66
 234 001e 09B0     		add	sp, sp, #36
 235              	.LCFI6:
 236              		.cfi_remember_state
 237              		.cfi_def_cfa_offset 20
 238              		@ sp needed
 239 0020 F0BD     		pop	{r4, r5, r6, r7, pc}
 240              	.LVL10:
 241              	.L17:
 242              	.LCFI7:
 243              		.cfi_restore_state
 244              		.loc 1 148 1 view .LVU67
 245 0022 0446     		mov	r4, r0
 106:Core/Src/adc.c **** 
 246              		.loc 1 106 5 is_stmt 1 view .LVU68
 247              	.LBB2:
 106:Core/Src/adc.c **** 
 248              		.loc 1 106 5 view .LVU69
ARM GAS  /tmp/cc0SEPPq.s 			page 8


 249 0024 0025     		movs	r5, #0
 250 0026 0095     		str	r5, [sp]
 106:Core/Src/adc.c **** 
 251              		.loc 1 106 5 view .LVU70
 252 0028 03F58C33 		add	r3, r3, #71680
 253 002c 5A6C     		ldr	r2, [r3, #68]
 254 002e 42F48072 		orr	r2, r2, #256
 255 0032 5A64     		str	r2, [r3, #68]
 106:Core/Src/adc.c **** 
 256              		.loc 1 106 5 view .LVU71
 257 0034 5A6C     		ldr	r2, [r3, #68]
 258 0036 02F48072 		and	r2, r2, #256
 259 003a 0092     		str	r2, [sp]
 106:Core/Src/adc.c **** 
 260              		.loc 1 106 5 view .LVU72
 261 003c 009A     		ldr	r2, [sp]
 262              	.LBE2:
 106:Core/Src/adc.c **** 
 263              		.loc 1 106 5 view .LVU73
 108:Core/Src/adc.c ****     __HAL_RCC_GPIOB_CLK_ENABLE();
 264              		.loc 1 108 5 view .LVU74
 265              	.LBB3:
 108:Core/Src/adc.c ****     __HAL_RCC_GPIOB_CLK_ENABLE();
 266              		.loc 1 108 5 view .LVU75
 267 003e 0195     		str	r5, [sp, #4]
 108:Core/Src/adc.c ****     __HAL_RCC_GPIOB_CLK_ENABLE();
 268              		.loc 1 108 5 view .LVU76
 269 0040 1A6B     		ldr	r2, [r3, #48]
 270 0042 42F00102 		orr	r2, r2, #1
 271 0046 1A63     		str	r2, [r3, #48]
 108:Core/Src/adc.c ****     __HAL_RCC_GPIOB_CLK_ENABLE();
 272              		.loc 1 108 5 view .LVU77
 273 0048 1A6B     		ldr	r2, [r3, #48]
 274 004a 02F00102 		and	r2, r2, #1
 275 004e 0192     		str	r2, [sp, #4]
 108:Core/Src/adc.c ****     __HAL_RCC_GPIOB_CLK_ENABLE();
 276              		.loc 1 108 5 view .LVU78
 277 0050 019A     		ldr	r2, [sp, #4]
 278              	.LBE3:
 108:Core/Src/adc.c ****     __HAL_RCC_GPIOB_CLK_ENABLE();
 279              		.loc 1 108 5 view .LVU79
 109:Core/Src/adc.c ****     /**ADC1 GPIO Configuration
 280              		.loc 1 109 5 view .LVU80
 281              	.LBB4:
 109:Core/Src/adc.c ****     /**ADC1 GPIO Configuration
 282              		.loc 1 109 5 view .LVU81
 283 0052 0295     		str	r5, [sp, #8]
 109:Core/Src/adc.c ****     /**ADC1 GPIO Configuration
 284              		.loc 1 109 5 view .LVU82
 285 0054 1A6B     		ldr	r2, [r3, #48]
 286 0056 42F00202 		orr	r2, r2, #2
 287 005a 1A63     		str	r2, [r3, #48]
 109:Core/Src/adc.c ****     /**ADC1 GPIO Configuration
 288              		.loc 1 109 5 view .LVU83
 289 005c 1B6B     		ldr	r3, [r3, #48]
 290 005e 03F00203 		and	r3, r3, #2
 291 0062 0293     		str	r3, [sp, #8]
ARM GAS  /tmp/cc0SEPPq.s 			page 9


 109:Core/Src/adc.c ****     /**ADC1 GPIO Configuration
 292              		.loc 1 109 5 view .LVU84
 293 0064 029B     		ldr	r3, [sp, #8]
 294              	.LBE4:
 109:Core/Src/adc.c ****     /**ADC1 GPIO Configuration
 295              		.loc 1 109 5 view .LVU85
 115:Core/Src/adc.c ****     GPIO_InitStruct.Mode = GPIO_MODE_ANALOG;
 296              		.loc 1 115 5 view .LVU86
 115:Core/Src/adc.c ****     GPIO_InitStruct.Mode = GPIO_MODE_ANALOG;
 297              		.loc 1 115 25 is_stmt 0 view .LVU87
 298 0066 1223     		movs	r3, #18
 299 0068 0393     		str	r3, [sp, #12]
 116:Core/Src/adc.c ****     GPIO_InitStruct.Pull = GPIO_NOPULL;
 300              		.loc 1 116 5 is_stmt 1 view .LVU88
 116:Core/Src/adc.c ****     GPIO_InitStruct.Pull = GPIO_NOPULL;
 301              		.loc 1 116 26 is_stmt 0 view .LVU89
 302 006a 0327     		movs	r7, #3
 303 006c 0497     		str	r7, [sp, #16]
 117:Core/Src/adc.c ****     HAL_GPIO_Init(GPIOA, &GPIO_InitStruct);
 304              		.loc 1 117 5 is_stmt 1 view .LVU90
 118:Core/Src/adc.c **** 
 305              		.loc 1 118 5 view .LVU91
 306 006e 03AE     		add	r6, sp, #12
 307 0070 3146     		mov	r1, r6
 308 0072 1548     		ldr	r0, .L19
 309              	.LVL11:
 118:Core/Src/adc.c **** 
 310              		.loc 1 118 5 is_stmt 0 view .LVU92
 311 0074 FFF7FEFF 		bl	HAL_GPIO_Init
 312              	.LVL12:
 120:Core/Src/adc.c ****     GPIO_InitStruct.Mode = GPIO_MODE_ANALOG;
 313              		.loc 1 120 5 is_stmt 1 view .LVU93
 120:Core/Src/adc.c ****     GPIO_InitStruct.Mode = GPIO_MODE_ANALOG;
 314              		.loc 1 120 25 is_stmt 0 view .LVU94
 315 0078 0123     		movs	r3, #1
 316 007a 0393     		str	r3, [sp, #12]
 121:Core/Src/adc.c ****     GPIO_InitStruct.Pull = GPIO_NOPULL;
 317              		.loc 1 121 5 is_stmt 1 view .LVU95
 121:Core/Src/adc.c ****     GPIO_InitStruct.Pull = GPIO_NOPULL;
 318              		.loc 1 121 26 is_stmt 0 view .LVU96
 319 007c 0497     		str	r7, [sp, #16]
 122:Core/Src/adc.c ****     HAL_GPIO_Init(VCURR_GPIO_Port, &GPIO_InitStruct);
 320              		.loc 1 122 5 is_stmt 1 view .LVU97
 122:Core/Src/adc.c ****     HAL_GPIO_Init(VCURR_GPIO_Port, &GPIO_InitStruct);
 321              		.loc 1 122 26 is_stmt 0 view .LVU98
 322 007e 0595     		str	r5, [sp, #20]
 123:Core/Src/adc.c **** 
 323              		.loc 1 123 5 is_stmt 1 view .LVU99
 324 0080 3146     		mov	r1, r6
 325 0082 1248     		ldr	r0, .L19+4
 326 0084 FFF7FEFF 		bl	HAL_GPIO_Init
 327              	.LVL13:
 127:Core/Src/adc.c ****     hdma_adc1.Init.Channel = DMA_CHANNEL_0;
 328              		.loc 1 127 5 view .LVU100
 127:Core/Src/adc.c ****     hdma_adc1.Init.Channel = DMA_CHANNEL_0;
 329              		.loc 1 127 24 is_stmt 0 view .LVU101
 330 0088 1148     		ldr	r0, .L19+8
ARM GAS  /tmp/cc0SEPPq.s 			page 10


 331 008a 124B     		ldr	r3, .L19+12
 332 008c 0360     		str	r3, [r0]
 128:Core/Src/adc.c ****     hdma_adc1.Init.Direction = DMA_PERIPH_TO_MEMORY;
 333              		.loc 1 128 5 is_stmt 1 view .LVU102
 128:Core/Src/adc.c ****     hdma_adc1.Init.Direction = DMA_PERIPH_TO_MEMORY;
 334              		.loc 1 128 28 is_stmt 0 view .LVU103
 335 008e 4560     		str	r5, [r0, #4]
 129:Core/Src/adc.c ****     hdma_adc1.Init.PeriphInc = DMA_PINC_DISABLE;
 336              		.loc 1 129 5 is_stmt 1 view .LVU104
 129:Core/Src/adc.c ****     hdma_adc1.Init.PeriphInc = DMA_PINC_DISABLE;
 337              		.loc 1 129 30 is_stmt 0 view .LVU105
 338 0090 8560     		str	r5, [r0, #8]
 130:Core/Src/adc.c ****     hdma_adc1.Init.MemInc = DMA_MINC_ENABLE;
 339              		.loc 1 130 5 is_stmt 1 view .LVU106
 130:Core/Src/adc.c ****     hdma_adc1.Init.MemInc = DMA_MINC_ENABLE;
 340              		.loc 1 130 30 is_stmt 0 view .LVU107
 341 0092 C560     		str	r5, [r0, #12]
 131:Core/Src/adc.c ****     hdma_adc1.Init.PeriphDataAlignment = DMA_PDATAALIGN_WORD;
 342              		.loc 1 131 5 is_stmt 1 view .LVU108
 131:Core/Src/adc.c ****     hdma_adc1.Init.PeriphDataAlignment = DMA_PDATAALIGN_WORD;
 343              		.loc 1 131 27 is_stmt 0 view .LVU109
 344 0094 4FF48063 		mov	r3, #1024
 345 0098 0361     		str	r3, [r0, #16]
 132:Core/Src/adc.c ****     hdma_adc1.Init.MemDataAlignment = DMA_MDATAALIGN_WORD;
 346              		.loc 1 132 5 is_stmt 1 view .LVU110
 132:Core/Src/adc.c ****     hdma_adc1.Init.MemDataAlignment = DMA_MDATAALIGN_WORD;
 347              		.loc 1 132 40 is_stmt 0 view .LVU111
 348 009a 4FF48053 		mov	r3, #4096
 349 009e 4361     		str	r3, [r0, #20]
 133:Core/Src/adc.c ****     hdma_adc1.Init.Mode = DMA_CIRCULAR;
 350              		.loc 1 133 5 is_stmt 1 view .LVU112
 133:Core/Src/adc.c ****     hdma_adc1.Init.Mode = DMA_CIRCULAR;
 351              		.loc 1 133 37 is_stmt 0 view .LVU113
 352 00a0 4FF48043 		mov	r3, #16384
 353 00a4 8361     		str	r3, [r0, #24]
 134:Core/Src/adc.c ****     hdma_adc1.Init.Priority = DMA_PRIORITY_MEDIUM;
 354              		.loc 1 134 5 is_stmt 1 view .LVU114
 134:Core/Src/adc.c ****     hdma_adc1.Init.Priority = DMA_PRIORITY_MEDIUM;
 355              		.loc 1 134 25 is_stmt 0 view .LVU115
 356 00a6 4FF48073 		mov	r3, #256
 357 00aa C361     		str	r3, [r0, #28]
 135:Core/Src/adc.c ****     hdma_adc1.Init.FIFOMode = DMA_FIFOMODE_DISABLE;
 358              		.loc 1 135 5 is_stmt 1 view .LVU116
 135:Core/Src/adc.c ****     hdma_adc1.Init.FIFOMode = DMA_FIFOMODE_DISABLE;
 359              		.loc 1 135 29 is_stmt 0 view .LVU117
 360 00ac 4FF48033 		mov	r3, #65536
 361 00b0 0362     		str	r3, [r0, #32]
 136:Core/Src/adc.c ****     if (HAL_DMA_Init(&hdma_adc1) != HAL_OK)
 362              		.loc 1 136 5 is_stmt 1 view .LVU118
 136:Core/Src/adc.c ****     if (HAL_DMA_Init(&hdma_adc1) != HAL_OK)
 363              		.loc 1 136 29 is_stmt 0 view .LVU119
 364 00b2 4562     		str	r5, [r0, #36]
 137:Core/Src/adc.c ****     {
 365              		.loc 1 137 5 is_stmt 1 view .LVU120
 137:Core/Src/adc.c ****     {
 366              		.loc 1 137 9 is_stmt 0 view .LVU121
 367 00b4 FFF7FEFF 		bl	HAL_DMA_Init
ARM GAS  /tmp/cc0SEPPq.s 			page 11


 368              	.LVL14:
 137:Core/Src/adc.c ****     {
 369              		.loc 1 137 8 discriminator 1 view .LVU122
 370 00b8 18B9     		cbnz	r0, .L18
 371              	.L15:
 142:Core/Src/adc.c **** 
 372              		.loc 1 142 5 is_stmt 1 view .LVU123
 142:Core/Src/adc.c **** 
 373              		.loc 1 142 5 view .LVU124
 374 00ba 054B     		ldr	r3, .L19+8
 375 00bc A363     		str	r3, [r4, #56]
 142:Core/Src/adc.c **** 
 376              		.loc 1 142 5 view .LVU125
 377 00be 9C63     		str	r4, [r3, #56]
 142:Core/Src/adc.c **** 
 378              		.loc 1 142 5 view .LVU126
 379              		.loc 1 148 1 is_stmt 0 view .LVU127
 380 00c0 ADE7     		b	.L13
 381              	.L18:
 139:Core/Src/adc.c ****     }
 382              		.loc 1 139 7 is_stmt 1 view .LVU128
 383 00c2 FFF7FEFF 		bl	Error_Handler
 384              	.LVL15:
 385 00c6 F8E7     		b	.L15
 386              	.L20:
 387              		.align	2
 388              	.L19:
 389 00c8 00000240 		.word	1073872896
 390 00cc 00040240 		.word	1073873920
 391 00d0 00000000 		.word	hdma_adc1
 392 00d4 10640240 		.word	1073898512
 393              		.cfi_endproc
 394              	.LFE221:
 396              		.section	.text.HAL_ADC_MspDeInit,"ax",%progbits
 397              		.align	1
 398              		.global	HAL_ADC_MspDeInit
 399              		.syntax unified
 400              		.thumb
 401              		.thumb_func
 403              	HAL_ADC_MspDeInit:
 404              	.LVL16:
 405              	.LFB222:
 149:Core/Src/adc.c **** 
 150:Core/Src/adc.c **** void HAL_ADC_MspDeInit(ADC_HandleTypeDef* adcHandle)
 151:Core/Src/adc.c **** {
 406              		.loc 1 151 1 view -0
 407              		.cfi_startproc
 408              		@ args = 0, pretend = 0, frame = 0
 409              		@ frame_needed = 0, uses_anonymous_args = 0
 152:Core/Src/adc.c **** 
 153:Core/Src/adc.c ****   if(adcHandle->Instance==ADC1)
 410              		.loc 1 153 3 view .LVU130
 411              		.loc 1 153 15 is_stmt 0 view .LVU131
 412 0000 0268     		ldr	r2, [r0]
 413              		.loc 1 153 5 view .LVU132
 414 0002 0B4B     		ldr	r3, .L28
 415 0004 9A42     		cmp	r2, r3
ARM GAS  /tmp/cc0SEPPq.s 			page 12


 416 0006 00D0     		beq	.L27
 417 0008 7047     		bx	lr
 418              	.L27:
 151:Core/Src/adc.c **** 
 419              		.loc 1 151 1 view .LVU133
 420 000a 10B5     		push	{r4, lr}
 421              	.LCFI8:
 422              		.cfi_def_cfa_offset 8
 423              		.cfi_offset 4, -8
 424              		.cfi_offset 14, -4
 425 000c 0446     		mov	r4, r0
 154:Core/Src/adc.c ****   {
 155:Core/Src/adc.c ****   /* USER CODE BEGIN ADC1_MspDeInit 0 */
 156:Core/Src/adc.c **** 
 157:Core/Src/adc.c ****   /* USER CODE END ADC1_MspDeInit 0 */
 158:Core/Src/adc.c ****     /* Peripheral clock disable */
 159:Core/Src/adc.c ****     __HAL_RCC_ADC1_CLK_DISABLE();
 426              		.loc 1 159 5 is_stmt 1 view .LVU134
 427 000e 094A     		ldr	r2, .L28+4
 428 0010 536C     		ldr	r3, [r2, #68]
 429 0012 23F48073 		bic	r3, r3, #256
 430 0016 5364     		str	r3, [r2, #68]
 160:Core/Src/adc.c **** 
 161:Core/Src/adc.c ****     /**ADC1 GPIO Configuration
 162:Core/Src/adc.c ****     PA1     ------> ADC1_IN1
 163:Core/Src/adc.c ****     PA4     ------> ADC1_IN4
 164:Core/Src/adc.c ****     PB0     ------> ADC1_IN8
 165:Core/Src/adc.c ****     */
 166:Core/Src/adc.c ****     HAL_GPIO_DeInit(GPIOA, LINE_SENSOR_RIGHT_Pin|VBAT_Pin);
 431              		.loc 1 166 5 view .LVU135
 432 0018 1221     		movs	r1, #18
 433 001a 0748     		ldr	r0, .L28+8
 434              	.LVL17:
 435              		.loc 1 166 5 is_stmt 0 view .LVU136
 436 001c FFF7FEFF 		bl	HAL_GPIO_DeInit
 437              	.LVL18:
 167:Core/Src/adc.c **** 
 168:Core/Src/adc.c ****     HAL_GPIO_DeInit(VCURR_GPIO_Port, VCURR_Pin);
 438              		.loc 1 168 5 is_stmt 1 view .LVU137
 439 0020 0121     		movs	r1, #1
 440 0022 0648     		ldr	r0, .L28+12
 441 0024 FFF7FEFF 		bl	HAL_GPIO_DeInit
 442              	.LVL19:
 169:Core/Src/adc.c **** 
 170:Core/Src/adc.c ****     /* ADC1 DMA DeInit */
 171:Core/Src/adc.c ****     HAL_DMA_DeInit(adcHandle->DMA_Handle);
 443              		.loc 1 171 5 view .LVU138
 444 0028 A06B     		ldr	r0, [r4, #56]
 445 002a FFF7FEFF 		bl	HAL_DMA_DeInit
 446              	.LVL20:
 172:Core/Src/adc.c ****   /* USER CODE BEGIN ADC1_MspDeInit 1 */
 173:Core/Src/adc.c **** 
 174:Core/Src/adc.c ****   /* USER CODE END ADC1_MspDeInit 1 */
 175:Core/Src/adc.c ****   }
 176:Core/Src/adc.c **** }
 447              		.loc 1 176 1 is_stmt 0 view .LVU139
 448 002e 10BD     		pop	{r4, pc}
ARM GAS  /tmp/cc0SEPPq.s 			page 13


 449              	.LVL21:
 450              	.L29:
 451              		.loc 1 176 1 view .LVU140
 452              		.align	2
 453              	.L28:
 454 0030 00200140 		.word	1073815552
 455 0034 00380240 		.word	1073887232
 456 0038 00000240 		.word	1073872896
 457 003c 00040240 		.word	1073873920
 458              		.cfi_endproc
 459              	.LFE222:
 461              		.global	hdma_adc1
 462              		.section	.bss.hdma_adc1,"aw",%nobits
 463              		.align	2
 466              	hdma_adc1:
 467 0000 00000000 		.space	96
 467      00000000 
 467      00000000 
 467      00000000 
 467      00000000 
 468              		.global	hadc1
 469              		.section	.bss.hadc1,"aw",%nobits
 470              		.align	2
 473              	hadc1:
 474 0000 00000000 		.space	72
 474      00000000 
 474      00000000 
 474      00000000 
 474      00000000 
 475              		.text
 476              	.Letext0:
 477              		.file 2 "/opt/st/stm32cubeide_2.1.1/plugins/com.st.stm32cube.ide.mcu.externaltools.gnu-tools-for-s
 478              		.file 3 "/opt/st/stm32cubeide_2.1.1/plugins/com.st.stm32cube.ide.mcu.externaltools.gnu-tools-for-s
 479              		.file 4 "Drivers/CMSIS/Device/ST/STM32F4xx/Include/stm32f401xe.h"
 480              		.file 5 "Drivers/CMSIS/Device/ST/STM32F4xx/Include/stm32f4xx.h"
 481              		.file 6 "Drivers/STM32F4xx_HAL_Driver/Inc/stm32f4xx_hal_def.h"
 482              		.file 7 "Drivers/STM32F4xx_HAL_Driver/Inc/stm32f4xx_hal_gpio.h"
 483              		.file 8 "Drivers/STM32F4xx_HAL_Driver/Inc/stm32f4xx_hal_dma.h"
 484              		.file 9 "Drivers/STM32F4xx_HAL_Driver/Inc/stm32f4xx_hal_adc.h"
 485              		.file 10 "Core/Inc/adc.h"
 486              		.file 11 "Core/Inc/main.h"
ARM GAS  /tmp/cc0SEPPq.s 			page 14


DEFINED SYMBOLS
                            *ABS*:00000000 adc.c
     /tmp/cc0SEPPq.s:21     .text.MX_ADC1_Init:00000000 $t
     /tmp/cc0SEPPq.s:27     .text.MX_ADC1_Init:00000000 MX_ADC1_Init
     /tmp/cc0SEPPq.s:183    .text.MX_ADC1_Init:00000094 $d
     /tmp/cc0SEPPq.s:473    .bss.hadc1:00000000 hadc1
     /tmp/cc0SEPPq.s:190    .text.HAL_ADC_MspInit:00000000 $t
     /tmp/cc0SEPPq.s:196    .text.HAL_ADC_MspInit:00000000 HAL_ADC_MspInit
     /tmp/cc0SEPPq.s:389    .text.HAL_ADC_MspInit:000000c8 $d
     /tmp/cc0SEPPq.s:466    .bss.hdma_adc1:00000000 hdma_adc1
     /tmp/cc0SEPPq.s:397    .text.HAL_ADC_MspDeInit:00000000 $t
     /tmp/cc0SEPPq.s:403    .text.HAL_ADC_MspDeInit:00000000 HAL_ADC_MspDeInit
     /tmp/cc0SEPPq.s:454    .text.HAL_ADC_MspDeInit:00000030 $d
     /tmp/cc0SEPPq.s:463    .bss.hdma_adc1:00000000 $d
     /tmp/cc0SEPPq.s:470    .bss.hadc1:00000000 $d

UNDEFINED SYMBOLS
HAL_ADC_Init
HAL_ADC_ConfigChannel
Error_Handler
HAL_GPIO_Init
HAL_DMA_Init
HAL_GPIO_DeInit
HAL_DMA_DeInit
