ARM GAS  /tmp/cc0OU6vI.s 			page 1


   1              		.cpu cortex-m4
   2              		.arch armv7e-m
   3              		.fpu fpv4-sp-d16
   4              		.eabi_attribute 27, 1
   5              		.eabi_attribute 28, 1
   6              		.eabi_attribute 20, 1
   7              		.eabi_attribute 21, 1
   8              		.eabi_attribute 23, 3
   9              		.eabi_attribute 24, 1
  10              		.eabi_attribute 25, 1
  11              		.eabi_attribute 26, 1
  12              		.eabi_attribute 30, 1
  13              		.eabi_attribute 34, 1
  14              		.eabi_attribute 18, 4
  15              		.file	"encoder.c"
  16              		.text
  17              	.Ltext0:
  18              		.cfi_sections	.debug_frame
  19              		.file 1 "Core/Src/encoder.c"
  20              		.section	.text.Encoder_CountsToMeters,"ax",%progbits
  21              		.align	1
  22              		.syntax unified
  23              		.thumb
  24              		.thumb_func
  26              	Encoder_CountsToMeters:
  27              	.LVL0:
  28              	.LFB220:
   1:Core/Src/encoder.c **** #include "encoder.h"
   2:Core/Src/encoder.c **** #include <math.h>
   3:Core/Src/encoder.c **** 
   4:Core/Src/encoder.c **** 
   5:Core/Src/encoder.c **** static TIM_HandleTypeDef *enc_tim = 0;
   6:Core/Src/encoder.c **** 
   7:Core/Src/encoder.c **** static volatile Encoder_State_t enc_state = {0};
   8:Core/Src/encoder.c **** 
   9:Core/Src/encoder.c **** static volatile int32_t encoder_offset_counts = 0;
  10:Core/Src/encoder.c **** static float previous_velocity_mps = 0.0f;
  11:Core/Src/encoder.c **** static float previous_distance_m = 0.0f;
  12:Core/Src/encoder.c **** 
  13:Core/Src/encoder.c **** static int16_t previous_counter = 0;
  14:Core/Src/encoder.c **** 
  15:Core/Src/encoder.c **** static float Encoder_CountsToMeters(int32_t counts)
  16:Core/Src/encoder.c **** {
  29              		.loc 1 16 1 view -0
  30              		.cfi_startproc
  31              		@ args = 0, pretend = 0, frame = 0
  32              		@ frame_needed = 0, uses_anonymous_args = 0
  33              		@ link register save eliminated.
  34              		.loc 1 16 1 is_stmt 0 view .LVU1
  35 0000 07EE900A 		vmov	s15, r0	@ int
  17:Core/Src/encoder.c ****     float rev_factor =
  36              		.loc 1 17 5 is_stmt 1 view .LVU2
  18:Core/Src/encoder.c ****         ((float)counts * (float)GEAR_NUM) /
  37              		.loc 1 18 10 is_stmt 0 view .LVU3
  38 0004 F8EEE77A 		vcvt.f32.s32	s15, s15
  39              		.loc 1 18 24 view .LVU4
  40 0008 9FED087A 		vldr.32	s14, .L2
ARM GAS  /tmp/cc0OU6vI.s 			page 2


  41 000c 67EE877A 		vmul.f32	s15, s15, s14
  17:Core/Src/encoder.c ****     float rev_factor =
  42              		.loc 1 17 11 view .LVU5
  43 0010 9FED077A 		vldr.32	s14, .L2+4
  44 0014 87EE870A 		vdiv.f32	s0, s15, s14
  45              	.LVL1:
  19:Core/Src/encoder.c ****         ((float)ENCODER_CPR * (float)GEAR_DEN);
  20:Core/Src/encoder.c **** 
  21:Core/Src/encoder.c ****     return rev_factor * TWO_PI * WHEEL_RADIUS;
  46              		.loc 1 21 5 is_stmt 1 view .LVU6
  47              		.loc 1 21 23 is_stmt 0 view .LVU7
  48 0018 DFED067A 		vldr.32	s15, .L2+8
  49 001c 60EE277A 		vmul.f32	s15, s0, s15
  22:Core/Src/encoder.c **** }
  50              		.loc 1 22 1 view .LVU8
  51 0020 9FED050A 		vldr.32	s0, .L2+12
  52              	.LVL2:
  53              		.loc 1 22 1 view .LVU9
  54 0024 27EE800A 		vmul.f32	s0, s15, s0
  55 0028 7047     		bx	lr
  56              	.L3:
  57 002a 00BF     		.align	2
  58              	.L2:
  59 002c 00008442 		.word	1115947008
  60 0030 00C0834A 		.word	1250148352
  61 0034 DB0FC940 		.word	1086918619
  62 0038 170E043D 		.word	1023675927
  63              		.cfi_endproc
  64              	.LFE220:
  66              		.section	.text.Encoder_ModNearest,"ax",%progbits
  67              		.align	1
  68              		.syntax unified
  69              		.thumb
  70              		.thumb_func
  72              	Encoder_ModNearest:
  73              	.LVL3:
  74              	.LFB221:
  23:Core/Src/encoder.c **** 
  24:Core/Src/encoder.c **** static int32_t Encoder_ModNearest(int32_t value, int32_t modulo)
  25:Core/Src/encoder.c **** {
  75              		.loc 1 25 1 is_stmt 1 view -0
  76              		.cfi_startproc
  77              		@ args = 0, pretend = 0, frame = 0
  78              		@ frame_needed = 0, uses_anonymous_args = 0
  79              		@ link register save eliminated.
  26:Core/Src/encoder.c ****     int32_t r = value % modulo;
  80              		.loc 1 26 5 view .LVU11
  81              		.loc 1 26 13 is_stmt 0 view .LVU12
  82 0000 90FBF1F3 		sdiv	r3, r0, r1
  83 0004 01FB1300 		mls	r0, r1, r3, r0
  84              	.LVL4:
  27:Core/Src/encoder.c **** 
  28:Core/Src/encoder.c ****     if (r > modulo / 2)
  85              		.loc 1 28 5 is_stmt 1 view .LVU13
  86              		.loc 1 28 20 is_stmt 0 view .LVU14
  87 0008 01EBD172 		add	r2, r1, r1, lsr #31
  88 000c 5310     		asrs	r3, r2, #1
ARM GAS  /tmp/cc0OU6vI.s 			page 3


  89              		.loc 1 28 8 view .LVU15
  90 000e B0EB620F 		cmp	r0, r2, asr #1
  91 0012 00DD     		ble	.L5
  29:Core/Src/encoder.c ****         r -= modulo;
  92              		.loc 1 29 9 is_stmt 1 view .LVU16
  93              		.loc 1 29 11 is_stmt 0 view .LVU17
  94 0014 401A     		subs	r0, r0, r1
  95              	.LVL5:
  96              	.L5:
  30:Core/Src/encoder.c **** 
  31:Core/Src/encoder.c ****     if (r < -modulo / 2)
  97              		.loc 1 31 5 is_stmt 1 view .LVU18
  98              		.loc 1 31 8 is_stmt 0 view .LVU19
  99 0016 5B42     		rsbs	r3, r3, #0
 100 0018 9842     		cmp	r0, r3
 101 001a 00DA     		bge	.L4
  32:Core/Src/encoder.c ****         r += modulo;
 102              		.loc 1 32 9 is_stmt 1 view .LVU20
 103              		.loc 1 32 11 is_stmt 0 view .LVU21
 104 001c 0844     		add	r0, r0, r1
 105              	.LVL6:
  33:Core/Src/encoder.c **** 
  34:Core/Src/encoder.c ****     return r;
 106              		.loc 1 34 5 is_stmt 1 view .LVU22
 107              	.L4:
  35:Core/Src/encoder.c **** }
 108              		.loc 1 35 1 is_stmt 0 view .LVU23
 109 001e 7047     		bx	lr
 110              		.cfi_endproc
 111              	.LFE221:
 113              		.section	.text.Encoder_Init,"ax",%progbits
 114              		.align	1
 115              		.global	Encoder_Init
 116              		.syntax unified
 117              		.thumb
 118              		.thumb_func
 120              	Encoder_Init:
 121              	.LVL7:
 122              	.LFB222:
  36:Core/Src/encoder.c **** 
  37:Core/Src/encoder.c **** void Encoder_Init(TIM_HandleTypeDef *htim)
  38:Core/Src/encoder.c **** {
 123              		.loc 1 38 1 is_stmt 1 view -0
 124              		.cfi_startproc
 125              		@ args = 0, pretend = 0, frame = 0
 126              		@ frame_needed = 0, uses_anonymous_args = 0
 127              		.loc 1 38 1 is_stmt 0 view .LVU25
 128 0000 10B5     		push	{r4, lr}
 129              	.LCFI0:
 130              		.cfi_def_cfa_offset 8
 131              		.cfi_offset 4, -8
 132              		.cfi_offset 14, -4
  39:Core/Src/encoder.c ****     enc_tim = htim;
 133              		.loc 1 39 5 is_stmt 1 view .LVU26
 134              		.loc 1 39 13 is_stmt 0 view .LVU27
 135 0002 0F4C     		ldr	r4, .L9
 136 0004 2060     		str	r0, [r4]
ARM GAS  /tmp/cc0OU6vI.s 			page 4


  40:Core/Src/encoder.c **** 
  41:Core/Src/encoder.c ****     HAL_TIM_Encoder_Start(enc_tim, TIM_CHANNEL_ALL);
 137              		.loc 1 41 5 is_stmt 1 view .LVU28
 138 0006 3C21     		movs	r1, #60
 139 0008 FFF7FEFF 		bl	HAL_TIM_Encoder_Start
 140              	.LVL8:
  42:Core/Src/encoder.c ****     __HAL_TIM_SET_COUNTER(enc_tim, 0);
 141              		.loc 1 42 5 view .LVU29
 142 000c 2368     		ldr	r3, [r4]
 143 000e 1B68     		ldr	r3, [r3]
 144 0010 0022     		movs	r2, #0
 145 0012 5A62     		str	r2, [r3, #36]
  43:Core/Src/encoder.c ****     previous_counter = 0;
 146              		.loc 1 43 5 view .LVU30
 147              		.loc 1 43 22 is_stmt 0 view .LVU31
 148 0014 0B4B     		ldr	r3, .L9+4
 149 0016 1A80     		strh	r2, [r3]	@ movhi
  44:Core/Src/encoder.c **** 
  45:Core/Src/encoder.c ****     enc_state.delta_counts = 0;
 150              		.loc 1 45 5 is_stmt 1 view .LVU32
 151              		.loc 1 45 28 is_stmt 0 view .LVU33
 152 0018 0B4B     		ldr	r3, .L9+8
 153 001a 1A80     		strh	r2, [r3]	@ movhi
  46:Core/Src/encoder.c ****     enc_state.total_counts_raw = 0;
 154              		.loc 1 46 5 is_stmt 1 view .LVU34
 155              		.loc 1 46 32 is_stmt 0 view .LVU35
 156 001c 5A60     		str	r2, [r3, #4]
  47:Core/Src/encoder.c ****     enc_state.total_counts_corrected = 0;
 157              		.loc 1 47 5 is_stmt 1 view .LVU36
 158              		.loc 1 47 38 is_stmt 0 view .LVU37
 159 001e 9A60     		str	r2, [r3, #8]
  48:Core/Src/encoder.c **** 
  49:Core/Src/encoder.c ****     enc_state.distance_m = 0.0f;
 160              		.loc 1 49 5 is_stmt 1 view .LVU38
 161              		.loc 1 49 26 is_stmt 0 view .LVU39
 162 0020 0021     		movs	r1, #0
 163 0022 D960     		str	r1, [r3, #12]	@ float
  50:Core/Src/encoder.c ****     enc_state.distance_m_filtered = 0.0f;
 164              		.loc 1 50 5 is_stmt 1 view .LVU40
 165              		.loc 1 50 35 is_stmt 0 view .LVU41
 166 0024 1961     		str	r1, [r3, #16]	@ float
  51:Core/Src/encoder.c ****     enc_state.velocity_mps = 0.0f;
 167              		.loc 1 51 5 is_stmt 1 view .LVU42
 168              		.loc 1 51 28 is_stmt 0 view .LVU43
 169 0026 5961     		str	r1, [r3, #20]	@ float
  52:Core/Src/encoder.c ****     enc_state.velocity_mps_filtered = 0.0f;
 170              		.loc 1 52 5 is_stmt 1 view .LVU44
 171              		.loc 1 52 37 is_stmt 0 view .LVU45
 172 0028 9961     		str	r1, [r3, #24]	@ float
  53:Core/Src/encoder.c ****     enc_state.acceleration_mps2 = 0.0f;
 173              		.loc 1 53 5 is_stmt 1 view .LVU46
 174              		.loc 1 53 33 is_stmt 0 view .LVU47
 175 002a D961     		str	r1, [r3, #28]	@ float
  54:Core/Src/encoder.c **** 
  55:Core/Src/encoder.c ****     enc_state.z_seen = 0;
 176              		.loc 1 55 5 is_stmt 1 view .LVU48
 177              		.loc 1 55 22 is_stmt 0 view .LVU49
ARM GAS  /tmp/cc0OU6vI.s 			page 5


 178 002c 83F82020 		strb	r2, [r3, #32]
  56:Core/Src/encoder.c ****     enc_state.z_count = 0;
 179              		.loc 1 56 5 is_stmt 1 view .LVU50
 180              		.loc 1 56 23 is_stmt 0 view .LVU51
 181 0030 5A62     		str	r2, [r3, #36]
  57:Core/Src/encoder.c **** 
  58:Core/Src/encoder.c ****     encoder_offset_counts = 0;
 182              		.loc 1 58 5 is_stmt 1 view .LVU52
 183              		.loc 1 58 27 is_stmt 0 view .LVU53
 184 0032 064B     		ldr	r3, .L9+12
 185 0034 1A60     		str	r2, [r3]
  59:Core/Src/encoder.c ****     previous_velocity_mps = 0.0f;
 186              		.loc 1 59 5 is_stmt 1 view .LVU54
 187              		.loc 1 59 27 is_stmt 0 view .LVU55
 188 0036 064B     		ldr	r3, .L9+16
 189 0038 1960     		str	r1, [r3]	@ float
  60:Core/Src/encoder.c ****     previous_distance_m = 0.0f;
 190              		.loc 1 60 5 is_stmt 1 view .LVU56
 191              		.loc 1 60 25 is_stmt 0 view .LVU57
 192 003a 064B     		ldr	r3, .L9+20
 193 003c 1960     		str	r1, [r3]	@ float
  61:Core/Src/encoder.c **** }
 194              		.loc 1 61 1 view .LVU58
 195 003e 10BD     		pop	{r4, pc}
 196              	.L10:
 197              		.align	2
 198              	.L9:
 199 0040 00000000 		.word	enc_tim
 200 0044 00000000 		.word	previous_counter
 201 0048 00000000 		.word	enc_state
 202 004c 00000000 		.word	encoder_offset_counts
 203 0050 00000000 		.word	previous_velocity_mps
 204 0054 00000000 		.word	previous_distance_m
 205              		.cfi_endproc
 206              	.LFE222:
 208              		.section	.text.Encoder_Update_ISR,"ax",%progbits
 209              		.align	1
 210              		.global	Encoder_Update_ISR
 211              		.syntax unified
 212              		.thumb
 213              		.thumb_func
 215              	Encoder_Update_ISR:
 216              	.LFB223:
  62:Core/Src/encoder.c **** 
  63:Core/Src/encoder.c **** void Encoder_Update_ISR(void)
  64:Core/Src/encoder.c **** {
 217              		.loc 1 64 1 is_stmt 1 view -0
 218              		.cfi_startproc
 219              		@ args = 0, pretend = 0, frame = 0
 220              		@ frame_needed = 0, uses_anonymous_args = 0
 221 0000 10B5     		push	{r4, lr}
 222              	.LCFI1:
 223              		.cfi_def_cfa_offset 8
 224              		.cfi_offset 4, -8
 225              		.cfi_offset 14, -4
  65:Core/Src/encoder.c ****     int16_t delta;
 226              		.loc 1 65 5 view .LVU60
ARM GAS  /tmp/cc0OU6vI.s 			page 6


  66:Core/Src/encoder.c ****     int32_t corrected_counts;
 227              		.loc 1 66 5 view .LVU61
  67:Core/Src/encoder.c ****     float distance_now;
 228              		.loc 1 67 5 view .LVU62
  68:Core/Src/encoder.c **** 
  69:Core/Src/encoder.c ****     int16_t current_counter = (int16_t)__HAL_TIM_GET_COUNTER(enc_tim);
 229              		.loc 1 69 5 view .LVU63
 230              		.loc 1 69 40 is_stmt 0 view .LVU64
 231 0002 354B     		ldr	r3, .L19
 232 0004 1B68     		ldr	r3, [r3]
 233 0006 1B68     		ldr	r3, [r3]
 234 0008 596A     		ldr	r1, [r3, #36]
 235              	.LVL9:
  70:Core/Src/encoder.c ****     delta = current_counter - previous_counter;
 236              		.loc 1 70 5 is_stmt 1 view .LVU65
 237              		.loc 1 70 29 is_stmt 0 view .LVU66
 238 000a 344A     		ldr	r2, .L19+4
 239 000c 1388     		ldrh	r3, [r2]
 240 000e CB1A     		subs	r3, r1, r3
 241              		.loc 1 70 11 view .LVU67
 242 0010 1BB2     		sxth	r3, r3
 243              	.LVL10:
  71:Core/Src/encoder.c ****     previous_counter = current_counter;
 244              		.loc 1 71 5 is_stmt 1 view .LVU68
 245              		.loc 1 71 22 is_stmt 0 view .LVU69
 246 0012 1180     		strh	r1, [r2]	@ movhi
  72:Core/Src/encoder.c **** 
  73:Core/Src/encoder.c ****     // if (delta >= -1 && delta <= 1)
  74:Core/Src/encoder.c ****     // {
  75:Core/Src/encoder.c ****     //     delta = 0;
  76:Core/Src/encoder.c ****     // }
  77:Core/Src/encoder.c **** 
  78:Core/Src/encoder.c ****     enc_state.delta_counts = delta;
 247              		.loc 1 78 5 is_stmt 1 view .LVU70
 248              		.loc 1 78 28 is_stmt 0 view .LVU71
 249 0014 324C     		ldr	r4, .L19+8
 250 0016 2380     		strh	r3, [r4]	@ movhi
  79:Core/Src/encoder.c ****     enc_state.total_counts_raw += delta;
 251              		.loc 1 79 5 is_stmt 1 view .LVU72
 252              		.loc 1 79 14 is_stmt 0 view .LVU73
 253 0018 6268     		ldr	r2, [r4, #4]
 254              		.loc 1 79 32 view .LVU74
 255 001a 1344     		add	r3, r3, r2
 256              	.LVL11:
 257              		.loc 1 79 32 view .LVU75
 258 001c 6360     		str	r3, [r4, #4]
 259              	.LVL12:
  80:Core/Src/encoder.c **** 
  81:Core/Src/encoder.c ****     corrected_counts = enc_state.total_counts_raw - encoder_offset_counts;
 260              		.loc 1 81 5 is_stmt 1 view .LVU76
 261              		.loc 1 81 33 is_stmt 0 view .LVU77
 262 001e 6068     		ldr	r0, [r4, #4]
 263              		.loc 1 81 51 view .LVU78
 264 0020 304B     		ldr	r3, .L19+12
 265 0022 1B68     		ldr	r3, [r3]
 266              		.loc 1 81 22 view .LVU79
 267 0024 C01A     		subs	r0, r0, r3
ARM GAS  /tmp/cc0OU6vI.s 			page 7


 268              	.LVL13:
  82:Core/Src/encoder.c ****     enc_state.total_counts_corrected = corrected_counts;
 269              		.loc 1 82 5 is_stmt 1 view .LVU80
 270              		.loc 1 82 38 is_stmt 0 view .LVU81
 271 0026 A060     		str	r0, [r4, #8]
  83:Core/Src/encoder.c **** 
  84:Core/Src/encoder.c ****     distance_now = Encoder_CountsToMeters(corrected_counts);
 272              		.loc 1 84 5 is_stmt 1 view .LVU82
 273              		.loc 1 84 20 is_stmt 0 view .LVU83
 274 0028 FFF7FEFF 		bl	Encoder_CountsToMeters
 275              	.LVL14:
  85:Core/Src/encoder.c ****     //distance_now = current_counter;
  86:Core/Src/encoder.c ****     enc_state.velocity_mps =
 276              		.loc 1 86 5 is_stmt 1 view .LVU84
  87:Core/Src/encoder.c ****         (distance_now - previous_distance_m) / ENCODER_TS_S;
 277              		.loc 1 87 23 is_stmt 0 view .LVU85
 278 002c 2E4B     		ldr	r3, .L19+16
 279 002e D3ED007A 		vldr.32	s15, [r3]
 280 0032 70EE677A 		vsub.f32	s15, s0, s15
 281              		.loc 1 87 46 view .LVU86
 282 0036 DFED2D6A 		vldr.32	s13, .L19+20
 283 003a 87EEA67A 		vdiv.f32	s14, s15, s13
  86:Core/Src/encoder.c ****         (distance_now - previous_distance_m) / ENCODER_TS_S;
 284              		.loc 1 86 28 view .LVU87
 285 003e 84ED057A 		vstr.32	s14, [r4, #20]
  88:Core/Src/encoder.c **** 
  89:Core/Src/encoder.c ****     if (fabsf(enc_state.velocity_mps) < 1e-10f)
 286              		.loc 1 89 5 is_stmt 1 view .LVU88
 287              		.loc 1 89 24 is_stmt 0 view .LVU89
 288 0042 D4ED057A 		vldr.32	s15, [r4, #20]
 289              		.loc 1 89 9 view .LVU90
 290 0046 F0EEE77A 		vabs.f32	s15, s15
 291              		.loc 1 89 8 view .LVU91
 292 004a 9FED297A 		vldr.32	s14, .L19+24
 293 004e F4EEC77A 		vcmpe.f32	s15, s14
 294 0052 F1EE10FA 		vmrs	APSR_nzcv, FPSCR
 295 0056 01D5     		bpl	.L12
  90:Core/Src/encoder.c ****     {
  91:Core/Src/encoder.c ****         enc_state.velocity_mps = 0.0f;
 296              		.loc 1 91 9 is_stmt 1 view .LVU92
 297              		.loc 1 91 32 is_stmt 0 view .LVU93
 298 0058 0022     		movs	r2, #0
 299 005a 6261     		str	r2, [r4, #20]	@ float
 300              	.L12:
  92:Core/Src/encoder.c ****     }
  93:Core/Src/encoder.c **** 
  94:Core/Src/encoder.c ****     enc_state.velocity_mps_filtered =
 301              		.loc 1 94 5 is_stmt 1 view .LVU94
  95:Core/Src/encoder.c ****         (VELOCITY_LPF_ALPHA * enc_state.velocity_mps) +
 302              		.loc 1 95 40 is_stmt 0 view .LVU95
 303 005c 204B     		ldr	r3, .L19+8
 304 005e D3ED057A 		vldr.32	s15, [r3, #20]
 305              		.loc 1 95 29 view .LVU96
 306 0062 9FED247A 		vldr.32	s14, .L19+28
 307 0066 67EE877A 		vmul.f32	s15, s15, s14
  96:Core/Src/encoder.c ****         ((1.0f - VELOCITY_LPF_ALPHA) * enc_state.velocity_mps_filtered);
 308              		.loc 1 96 49 view .LVU97
ARM GAS  /tmp/cc0OU6vI.s 			page 8


 309 006a 93ED067A 		vldr.32	s14, [r3, #24]
 310              		.loc 1 96 38 view .LVU98
 311 006e DFED226A 		vldr.32	s13, .L19+32
 312 0072 27EE267A 		vmul.f32	s14, s14, s13
  95:Core/Src/encoder.c ****         (VELOCITY_LPF_ALPHA * enc_state.velocity_mps) +
 313              		.loc 1 95 55 view .LVU99
 314 0076 77EE877A 		vadd.f32	s15, s15, s14
  94:Core/Src/encoder.c ****         (VELOCITY_LPF_ALPHA * enc_state.velocity_mps) +
 315              		.loc 1 94 37 view .LVU100
 316 007a C3ED067A 		vstr.32	s15, [r3, #24]
  97:Core/Src/encoder.c **** 
  98:Core/Src/encoder.c ****     if (fabsf(enc_state.velocity_mps_filtered) < 1e-10f)
 317              		.loc 1 98 5 is_stmt 1 view .LVU101
 318              		.loc 1 98 24 is_stmt 0 view .LVU102
 319 007e D3ED067A 		vldr.32	s15, [r3, #24]
 320              		.loc 1 98 9 view .LVU103
 321 0082 F0EEE77A 		vabs.f32	s15, s15
 322              		.loc 1 98 8 view .LVU104
 323 0086 9FED1A7A 		vldr.32	s14, .L19+24
 324 008a F4EEC77A 		vcmpe.f32	s15, s14
 325 008e F1EE10FA 		vmrs	APSR_nzcv, FPSCR
 326 0092 01D5     		bpl	.L14
  99:Core/Src/encoder.c ****     {
 100:Core/Src/encoder.c ****         enc_state.velocity_mps_filtered = 0.0f;
 327              		.loc 1 100 9 is_stmt 1 view .LVU105
 328              		.loc 1 100 41 is_stmt 0 view .LVU106
 329 0094 0022     		movs	r2, #0
 330 0096 9A61     		str	r2, [r3, #24]	@ float
 331              	.L14:
 101:Core/Src/encoder.c ****     }
 102:Core/Src/encoder.c **** 
 103:Core/Src/encoder.c ****     enc_state.distance_m_filtered += enc_state.velocity_mps_filtered * ENCODER_TS_S;
 332              		.loc 1 103 5 is_stmt 1 view .LVU107
 333              		.loc 1 103 47 is_stmt 0 view .LVU108
 334 0098 114B     		ldr	r3, .L19+8
 335 009a 93ED067A 		vldr.32	s14, [r3, #24]
 336              		.loc 1 103 70 view .LVU109
 337 009e DFED136A 		vldr.32	s13, .L19+20
 338 00a2 27EE267A 		vmul.f32	s14, s14, s13
 339              		.loc 1 103 14 view .LVU110
 340 00a6 D3ED047A 		vldr.32	s15, [r3, #16]
 341              		.loc 1 103 35 view .LVU111
 342 00aa 77EE877A 		vadd.f32	s15, s15, s14
 343 00ae C3ED047A 		vstr.32	s15, [r3, #16]
 104:Core/Src/encoder.c **** 
 105:Core/Src/encoder.c ****     enc_state.acceleration_mps2 =
 344              		.loc 1 105 5 is_stmt 1 view .LVU112
 106:Core/Src/encoder.c ****         (enc_state.velocity_mps_filtered - previous_velocity_mps) /
 345              		.loc 1 106 19 is_stmt 0 view .LVU113
 346 00b2 D3ED067A 		vldr.32	s15, [r3, #24]
 347              		.loc 1 106 42 view .LVU114
 348 00b6 114A     		ldr	r2, .L19+36
 349 00b8 92ED007A 		vldr.32	s14, [r2]
 350 00bc 77EEC77A 		vsub.f32	s15, s15, s14
 351              		.loc 1 106 67 view .LVU115
 352 00c0 87EEA67A 		vdiv.f32	s14, s15, s13
 105:Core/Src/encoder.c ****         (enc_state.velocity_mps_filtered - previous_velocity_mps) /
ARM GAS  /tmp/cc0OU6vI.s 			page 9


 353              		.loc 1 105 33 view .LVU116
 354 00c4 83ED077A 		vstr.32	s14, [r3, #28]
 107:Core/Src/encoder.c ****         ENCODER_TS_S;
 108:Core/Src/encoder.c **** 
 109:Core/Src/encoder.c ****     enc_state.distance_m = distance_now;
 355              		.loc 1 109 5 is_stmt 1 view .LVU117
 356              		.loc 1 109 26 is_stmt 0 view .LVU118
 357 00c8 83ED030A 		vstr.32	s0, [r3, #12]
 110:Core/Src/encoder.c **** 
 111:Core/Src/encoder.c ****     previous_distance_m = distance_now;
 358              		.loc 1 111 5 is_stmt 1 view .LVU119
 359              		.loc 1 111 25 is_stmt 0 view .LVU120
 360 00cc 0649     		ldr	r1, .L19+16
 361 00ce 81ED000A 		vstr.32	s0, [r1]
 112:Core/Src/encoder.c ****     previous_velocity_mps = enc_state.velocity_mps_filtered;
 362              		.loc 1 112 5 is_stmt 1 view .LVU121
 363              		.loc 1 112 38 is_stmt 0 view .LVU122
 364 00d2 9B69     		ldr	r3, [r3, #24]	@ float
 365              		.loc 1 112 27 view .LVU123
 366 00d4 1360     		str	r3, [r2]	@ float
 113:Core/Src/encoder.c **** }
 367              		.loc 1 113 1 view .LVU124
 368 00d6 10BD     		pop	{r4, pc}
 369              	.L20:
 370              		.align	2
 371              	.L19:
 372 00d8 00000000 		.word	enc_tim
 373 00dc 00000000 		.word	previous_counter
 374 00e0 00000000 		.word	enc_state
 375 00e4 00000000 		.word	encoder_offset_counts
 376 00e8 00000000 		.word	previous_distance_m
 377 00ec 6F12833A 		.word	981668463
 378 00f0 FFE6DB2E 		.word	786163455
 379 00f4 CDCCCC3D 		.word	1036831949
 380 00f8 6666663F 		.word	1063675494
 381 00fc 00000000 		.word	previous_velocity_mps
 382              		.cfi_endproc
 383              	.LFE223:
 385              		.section	.text.Encoder_Z_ISR,"ax",%progbits
 386              		.align	1
 387              		.global	Encoder_Z_ISR
 388              		.syntax unified
 389              		.thumb
 390              		.thumb_func
 392              	Encoder_Z_ISR:
 393              	.LFB224:
 114:Core/Src/encoder.c **** 
 115:Core/Src/encoder.c **** void Encoder_Z_ISR(void)
 116:Core/Src/encoder.c **** {
 394              		.loc 1 116 1 is_stmt 1 view -0
 395              		.cfi_startproc
 396              		@ args = 0, pretend = 0, frame = 0
 397              		@ frame_needed = 0, uses_anonymous_args = 0
 398 0000 38B5     		push	{r3, r4, r5, lr}
 399              	.LCFI2:
 400              		.cfi_def_cfa_offset 16
 401              		.cfi_offset 3, -16
ARM GAS  /tmp/cc0OU6vI.s 			page 10


 402              		.cfi_offset 4, -12
 403              		.cfi_offset 5, -8
 404              		.cfi_offset 14, -4
 117:Core/Src/encoder.c ****     int32_t corrected_counts =
 405              		.loc 1 117 5 view .LVU126
 118:Core/Src/encoder.c ****         enc_state.total_counts_raw - encoder_offset_counts;
 406              		.loc 1 118 18 is_stmt 0 view .LVU127
 407 0002 0F4C     		ldr	r4, .L23
 408 0004 6068     		ldr	r0, [r4, #4]
 409              		.loc 1 118 36 view .LVU128
 410 0006 0F4D     		ldr	r5, .L23+4
 411 0008 2B68     		ldr	r3, [r5]
 412              	.LVL15:
 119:Core/Src/encoder.c **** 
 120:Core/Src/encoder.c ****     int32_t residual =
 413              		.loc 1 120 5 is_stmt 1 view .LVU129
 121:Core/Src/encoder.c ****         Encoder_ModNearest(corrected_counts, ENCODER_CPR);
 414              		.loc 1 121 9 is_stmt 0 view .LVU130
 415 000a 4FF40051 		mov	r1, #8192
 416 000e C01A     		subs	r0, r0, r3
 417              	.LVL16:
 418              		.loc 1 121 9 view .LVU131
 419 0010 FFF7FEFF 		bl	Encoder_ModNearest
 420              	.LVL17:
 421              		.loc 1 121 9 view .LVU132
 422 0014 07EE900A 		vmov	s15, r0	@ int
 423              	.LVL18:
 122:Core/Src/encoder.c **** 
 123:Core/Src/encoder.c ****     int32_t correction =
 424              		.loc 1 123 5 is_stmt 1 view .LVU133
 124:Core/Src/encoder.c ****         (int32_t)(Z_CORRECTION_GAIN * (float)residual);
 425              		.loc 1 124 39 is_stmt 0 view .LVU134
 426 0018 F8EEE77A 		vcvt.f32.s32	s15, s15
 427              		.loc 1 124 37 view .LVU135
 428 001c 9FED0A7A 		vldr.32	s14, .L23+8
 429 0020 67EE877A 		vmul.f32	s15, s15, s14
 123:Core/Src/encoder.c ****         (int32_t)(Z_CORRECTION_GAIN * (float)residual);
 430              		.loc 1 123 13 view .LVU136
 431 0024 FDEEE77A 		vcvt.s32.f32	s15, s15
 432              	.LVL19:
 125:Core/Src/encoder.c **** 
 126:Core/Src/encoder.c ****     encoder_offset_counts += correction;
 433              		.loc 1 126 5 is_stmt 1 view .LVU137
 434              		.loc 1 126 27 is_stmt 0 view .LVU138
 435 0028 2B68     		ldr	r3, [r5]
 436 002a 17EE902A 		vmov	r2, s15	@ int
 437 002e 1344     		add	r3, r3, r2
 438 0030 2B60     		str	r3, [r5]
 127:Core/Src/encoder.c **** 
 128:Core/Src/encoder.c ****     enc_state.z_seen = 1;
 439              		.loc 1 128 5 is_stmt 1 view .LVU139
 440              		.loc 1 128 22 is_stmt 0 view .LVU140
 441 0032 0123     		movs	r3, #1
 442 0034 84F82030 		strb	r3, [r4, #32]
 129:Core/Src/encoder.c ****     enc_state.z_count++;
 443              		.loc 1 129 5 is_stmt 1 view .LVU141
 444              		.loc 1 129 14 is_stmt 0 view .LVU142
ARM GAS  /tmp/cc0OU6vI.s 			page 11


 445 0038 636A     		ldr	r3, [r4, #36]
 446              		.loc 1 129 22 view .LVU143
 447 003a 0133     		adds	r3, r3, #1
 448 003c 6362     		str	r3, [r4, #36]
 130:Core/Src/encoder.c **** }
 449              		.loc 1 130 1 view .LVU144
 450 003e 38BD     		pop	{r3, r4, r5, pc}
 451              	.L24:
 452              		.align	2
 453              	.L23:
 454 0040 00000000 		.word	enc_state
 455 0044 00000000 		.word	encoder_offset_counts
 456 0048 CDCC4C3E 		.word	1045220557
 457              		.cfi_endproc
 458              	.LFE224:
 460              		.section	.text.Encoder_GetState,"ax",%progbits
 461              		.align	1
 462              		.global	Encoder_GetState
 463              		.syntax unified
 464              		.thumb
 465              		.thumb_func
 467              	Encoder_GetState:
 468              	.LVL20:
 469              	.LFB225:
 131:Core/Src/encoder.c **** 
 132:Core/Src/encoder.c **** Encoder_State_t Encoder_GetState(void)
 133:Core/Src/encoder.c **** {
 470              		.loc 1 133 1 is_stmt 1 view -0
 471              		.cfi_startproc
 472              		@ args = 0, pretend = 0, frame = 0
 473              		@ frame_needed = 0, uses_anonymous_args = 0
 474              		.loc 1 133 1 is_stmt 0 view .LVU146
 475 0000 10B5     		push	{r4, lr}
 476              	.LCFI3:
 477              		.cfi_def_cfa_offset 8
 478              		.cfi_offset 4, -8
 479              		.cfi_offset 14, -4
 480 0002 8646     		mov	lr, r0
 134:Core/Src/encoder.c ****     return enc_state;
 481              		.loc 1 134 5 is_stmt 1 view .LVU147
 482              		.loc 1 134 12 is_stmt 0 view .LVU148
 483 0004 8446     		mov	ip, r0
 484 0006 064C     		ldr	r4, .L27
 485 0008 0FCC     		ldmia	r4!, {r0, r1, r2, r3}
 486              	.LVL21:
 487              		.loc 1 134 12 view .LVU149
 488 000a ACE80F00 		stmia	ip!, {r0, r1, r2, r3}
 489              	.LVL22:
 490              		.loc 1 134 12 view .LVU150
 491 000e 0FCC     		ldmia	r4!, {r0, r1, r2, r3}
 492 0010 ACE80F00 		stmia	ip!, {r0, r1, r2, r3}
 493 0014 94E80300 		ldm	r4, {r0, r1}
 494 0018 8CE80300 		stm	ip, {r0, r1}
 135:Core/Src/encoder.c **** }
 495              		.loc 1 135 1 view .LVU151
 496 001c 7046     		mov	r0, lr
 497 001e 10BD     		pop	{r4, pc}
ARM GAS  /tmp/cc0OU6vI.s 			page 12


 498              	.L28:
 499              		.align	2
 500              	.L27:
 501 0020 00000000 		.word	enc_state
 502              		.cfi_endproc
 503              	.LFE225:
 505              		.section	.bss.previous_counter,"aw",%nobits
 506              		.align	1
 509              	previous_counter:
 510 0000 0000     		.space	2
 511              		.section	.bss.previous_distance_m,"aw",%nobits
 512              		.align	2
 515              	previous_distance_m:
 516 0000 00000000 		.space	4
 517              		.section	.bss.previous_velocity_mps,"aw",%nobits
 518              		.align	2
 521              	previous_velocity_mps:
 522 0000 00000000 		.space	4
 523              		.section	.bss.encoder_offset_counts,"aw",%nobits
 524              		.align	2
 527              	encoder_offset_counts:
 528 0000 00000000 		.space	4
 529              		.section	.bss.enc_state,"aw",%nobits
 530              		.align	2
 533              	enc_state:
 534 0000 00000000 		.space	40
 534      00000000 
 534      00000000 
 534      00000000 
 534      00000000 
 535              		.section	.bss.enc_tim,"aw",%nobits
 536              		.align	2
 539              	enc_tim:
 540 0000 00000000 		.space	4
 541              		.text
 542              	.Letext0:
 543              		.file 2 "/opt/st/stm32cubeide_2.1.1/plugins/com.st.stm32cube.ide.mcu.externaltools.gnu-tools-for-s
 544              		.file 3 "/opt/st/stm32cubeide_2.1.1/plugins/com.st.stm32cube.ide.mcu.externaltools.gnu-tools-for-s
 545              		.file 4 "Drivers/CMSIS/Device/ST/STM32F4xx/Include/stm32f401xe.h"
 546              		.file 5 "Drivers/STM32F4xx_HAL_Driver/Inc/stm32f4xx_hal_def.h"
 547              		.file 6 "Drivers/STM32F4xx_HAL_Driver/Inc/stm32f4xx_hal_dma.h"
 548              		.file 7 "Drivers/STM32F4xx_HAL_Driver/Inc/stm32f4xx_hal_tim.h"
 549              		.file 8 "Core/Inc/encoder.h"
ARM GAS  /tmp/cc0OU6vI.s 			page 13


DEFINED SYMBOLS
                            *ABS*:00000000 encoder.c
     /tmp/cc0OU6vI.s:21     .text.Encoder_CountsToMeters:00000000 $t
     /tmp/cc0OU6vI.s:26     .text.Encoder_CountsToMeters:00000000 Encoder_CountsToMeters
     /tmp/cc0OU6vI.s:59     .text.Encoder_CountsToMeters:0000002c $d
     /tmp/cc0OU6vI.s:67     .text.Encoder_ModNearest:00000000 $t
     /tmp/cc0OU6vI.s:72     .text.Encoder_ModNearest:00000000 Encoder_ModNearest
     /tmp/cc0OU6vI.s:114    .text.Encoder_Init:00000000 $t
     /tmp/cc0OU6vI.s:120    .text.Encoder_Init:00000000 Encoder_Init
     /tmp/cc0OU6vI.s:199    .text.Encoder_Init:00000040 $d
     /tmp/cc0OU6vI.s:539    .bss.enc_tim:00000000 enc_tim
     /tmp/cc0OU6vI.s:509    .bss.previous_counter:00000000 previous_counter
     /tmp/cc0OU6vI.s:533    .bss.enc_state:00000000 enc_state
     /tmp/cc0OU6vI.s:527    .bss.encoder_offset_counts:00000000 encoder_offset_counts
     /tmp/cc0OU6vI.s:521    .bss.previous_velocity_mps:00000000 previous_velocity_mps
     /tmp/cc0OU6vI.s:515    .bss.previous_distance_m:00000000 previous_distance_m
     /tmp/cc0OU6vI.s:209    .text.Encoder_Update_ISR:00000000 $t
     /tmp/cc0OU6vI.s:215    .text.Encoder_Update_ISR:00000000 Encoder_Update_ISR
     /tmp/cc0OU6vI.s:372    .text.Encoder_Update_ISR:000000d8 $d
     /tmp/cc0OU6vI.s:386    .text.Encoder_Z_ISR:00000000 $t
     /tmp/cc0OU6vI.s:392    .text.Encoder_Z_ISR:00000000 Encoder_Z_ISR
     /tmp/cc0OU6vI.s:454    .text.Encoder_Z_ISR:00000040 $d
     /tmp/cc0OU6vI.s:461    .text.Encoder_GetState:00000000 $t
     /tmp/cc0OU6vI.s:467    .text.Encoder_GetState:00000000 Encoder_GetState
     /tmp/cc0OU6vI.s:501    .text.Encoder_GetState:00000020 $d
     /tmp/cc0OU6vI.s:506    .bss.previous_counter:00000000 $d
     /tmp/cc0OU6vI.s:512    .bss.previous_distance_m:00000000 $d
     /tmp/cc0OU6vI.s:518    .bss.previous_velocity_mps:00000000 $d
     /tmp/cc0OU6vI.s:524    .bss.encoder_offset_counts:00000000 $d
     /tmp/cc0OU6vI.s:530    .bss.enc_state:00000000 $d
     /tmp/cc0OU6vI.s:536    .bss.enc_tim:00000000 $d

UNDEFINED SYMBOLS
HAL_TIM_Encoder_Start
