Archive member included to satisfy reference by file (symbol)

/opt/st/stm32cubeide_2.1.1/plugins/com.st.stm32cube.ide.mcu.externaltools.gnu-tools-for-stm32.14.3.rel1.linux64_1.0.100.202602081740/tools/bin/../lib/gcc/arm-none-eabi/14.3.1/../../../../arm-none-eabi/lib/thumb/v7e-m+fp/hard/libc_nano.a(libc_a-exit.o)
                              /opt/st/stm32cubeide_2.1.1/plugins/com.st.stm32cube.ide.mcu.externaltools.gnu-tools-for-stm32.14.3.rel1.linux64_1.0.100.202602081740/tools/bin/../lib/gcc/arm-none-eabi/14.3.1/../../../../arm-none-eabi/lib/thumb/v7e-m+fp/hard/crt0.o (exit)
/opt/st/stm32cubeide_2.1.1/plugins/com.st.stm32cube.ide.mcu.externaltools.gnu-tools-for-stm32.14.3.rel1.linux64_1.0.100.202602081740/tools/bin/../lib/gcc/arm-none-eabi/14.3.1/../../../../arm-none-eabi/lib/thumb/v7e-m+fp/hard/libc_nano.a(libc_a-findfp.o)
                              /opt/st/stm32cubeide_2.1.1/plugins/com.st.stm32cube.ide.mcu.externaltools.gnu-tools-for-stm32.14.3.rel1.linux64_1.0.100.202602081740/tools/bin/../lib/gcc/arm-none-eabi/14.3.1/../../../../arm-none-eabi/lib/thumb/v7e-m+fp/hard/libc_nano.a(libc_a-exit.o) (__stdio_exit_handler)
/opt/st/stm32cubeide_2.1.1/plugins/com.st.stm32cube.ide.mcu.externaltools.gnu-tools-for-stm32.14.3.rel1.linux64_1.0.100.202602081740/tools/bin/../lib/gcc/arm-none-eabi/14.3.1/../../../../arm-none-eabi/lib/thumb/v7e-m+fp/hard/libc_nano.a(libc_a-fwalk.o)
                              /opt/st/stm32cubeide_2.1.1/plugins/com.st.stm32cube.ide.mcu.externaltools.gnu-tools-for-stm32.14.3.rel1.linux64_1.0.100.202602081740/tools/bin/../lib/gcc/arm-none-eabi/14.3.1/../../../../arm-none-eabi/lib/thumb/v7e-m+fp/hard/libc_nano.a(libc_a-findfp.o) (_fwalk_sglue)
/opt/st/stm32cubeide_2.1.1/plugins/com.st.stm32cube.ide.mcu.externaltools.gnu-tools-for-stm32.14.3.rel1.linux64_1.0.100.202602081740/tools/bin/../lib/gcc/arm-none-eabi/14.3.1/../../../../arm-none-eabi/lib/thumb/v7e-m+fp/hard/libc_nano.a(libc_a-printf.o)
                              build/vl6180.o (printf)
/opt/st/stm32cubeide_2.1.1/plugins/com.st.stm32cube.ide.mcu.externaltools.gnu-tools-for-stm32.14.3.rel1.linux64_1.0.100.202602081740/tools/bin/../lib/gcc/arm-none-eabi/14.3.1/../../../../arm-none-eabi/lib/thumb/v7e-m+fp/hard/libc_nano.a(libc_a-puts.o)
                              build/vl6180.o (puts)
/opt/st/stm32cubeide_2.1.1/plugins/com.st.stm32cube.ide.mcu.externaltools.gnu-tools-for-stm32.14.3.rel1.linux64_1.0.100.202602081740/tools/bin/../lib/gcc/arm-none-eabi/14.3.1/../../../../arm-none-eabi/lib/thumb/v7e-m+fp/hard/libc_nano.a(libc_a-stdio.o)
                              /opt/st/stm32cubeide_2.1.1/plugins/com.st.stm32cube.ide.mcu.externaltools.gnu-tools-for-stm32.14.3.rel1.linux64_1.0.100.202602081740/tools/bin/../lib/gcc/arm-none-eabi/14.3.1/../../../../arm-none-eabi/lib/thumb/v7e-m+fp/hard/libc_nano.a(libc_a-findfp.o) (__sread)
/opt/st/stm32cubeide_2.1.1/plugins/com.st.stm32cube.ide.mcu.externaltools.gnu-tools-for-stm32.14.3.rel1.linux64_1.0.100.202602081740/tools/bin/../lib/gcc/arm-none-eabi/14.3.1/../../../../arm-none-eabi/lib/thumb/v7e-m+fp/hard/libc_nano.a(libc_a-wbuf.o)
                              /opt/st/stm32cubeide_2.1.1/plugins/com.st.stm32cube.ide.mcu.externaltools.gnu-tools-for-stm32.14.3.rel1.linux64_1.0.100.202602081740/tools/bin/../lib/gcc/arm-none-eabi/14.3.1/../../../../arm-none-eabi/lib/thumb/v7e-m+fp/hard/libc_nano.a(libc_a-puts.o) (__swbuf_r)
/opt/st/stm32cubeide_2.1.1/plugins/com.st.stm32cube.ide.mcu.externaltools.gnu-tools-for-stm32.14.3.rel1.linux64_1.0.100.202602081740/tools/bin/../lib/gcc/arm-none-eabi/14.3.1/../../../../arm-none-eabi/lib/thumb/v7e-m+fp/hard/libc_nano.a(libc_a-wsetup.o)
                              /opt/st/stm32cubeide_2.1.1/plugins/com.st.stm32cube.ide.mcu.externaltools.gnu-tools-for-stm32.14.3.rel1.linux64_1.0.100.202602081740/tools/bin/../lib/gcc/arm-none-eabi/14.3.1/../../../../arm-none-eabi/lib/thumb/v7e-m+fp/hard/libc_nano.a(libc_a-puts.o) (__swsetup_r)
/opt/st/stm32cubeide_2.1.1/plugins/com.st.stm32cube.ide.mcu.externaltools.gnu-tools-for-stm32.14.3.rel1.linux64_1.0.100.202602081740/tools/bin/../lib/gcc/arm-none-eabi/14.3.1/../../../../arm-none-eabi/lib/thumb/v7e-m+fp/hard/libc_nano.a(libc_a-memset.o)
                              /opt/st/stm32cubeide_2.1.1/plugins/com.st.stm32cube.ide.mcu.externaltools.gnu-tools-for-stm32.14.3.rel1.linux64_1.0.100.202602081740/tools/bin/../lib/gcc/arm-none-eabi/14.3.1/../../../../arm-none-eabi/lib/thumb/v7e-m+fp/hard/crt0.o (memset)
/opt/st/stm32cubeide_2.1.1/plugins/com.st.stm32cube.ide.mcu.externaltools.gnu-tools-for-stm32.14.3.rel1.linux64_1.0.100.202602081740/tools/bin/../lib/gcc/arm-none-eabi/14.3.1/../../../../arm-none-eabi/lib/thumb/v7e-m+fp/hard/libc_nano.a(libc_a-closer.o)
[...]
Memory Configuration

Name             Origin             Length             Attributes
RAM              0x20000000         0x00018000         xrw
FLASH            0x08000000         0x00080000         xr
*default*        0x00000000         0xffffffff

Linker script and memory map

LOAD /opt/st/stm32cubeide_2.1.1/plugins/com.st.stm32cube.ide.mcu.externaltools.gnu-tools-for-stm32.14.3.rel1.linux64_1.0.100.202602081740/tools/bin/../lib/gcc/arm-none-eabi/14.3.1/thumb/v7e-m+fp/hard/crti.o
LOAD /opt/st/stm32cubeide_2.1.1/plugins/com.st.stm32cube.ide.mcu.externaltools.gnu-tools-for-stm32.14.3.rel1.linux64_1.0.100.202602081740/tools/bin/../lib/gcc/arm-none-eabi/14.3.1/thumb/v7e-m+fp/hard/crtbegin.o
LOAD /opt/st/stm32cubeide_2.1.1/plugins/com.st.stm32cube.ide.mcu.externaltools.gnu-tools-for-stm32.14.3.rel1.linux64_1.0.100.202602081740/tools/bin/../lib/gcc/arm-none-eabi/14.3.1/../../../../arm-none-eabi/lib/thumb/v7e-m+fp/hard/crt0.o
LOAD build/main.o
LOAD build/gpio.o
LOAD build/dma.o
LOAD build/usart.o
LOAD build/stm32f4xx_it.o
LOAD build/stm32f4xx_hal_msp.o
LOAD build/stm32f4xx_hal_timebase_tim.o
LOAD build/speaker.o
LOAD build/vl6180.o
LOAD build/encoder.o
LOAD build/stm32f4xx_hal_tim.o
LOAD build/stm32f4xx_hal_tim_ex.o
LOAD build/stm32f4xx_hal_rcc.o
LOAD build/stm32f4xx_hal_rcc_ex.o
LOAD build/stm32f4xx_hal_flash.o
LOAD build/stm32f4xx_hal_flash_ex.o
LOAD build/stm32f4xx_hal_flash_ramfunc.o
LOAD build/stm32f4xx_hal_gpio.o
LOAD build/stm32f4xx_hal_dma_ex.o
LOAD build/stm32f4xx_hal_dma.o
LOAD build/stm32f4xx_hal_pwr.o
LOAD build/stm32f4xx_hal_pwr_ex.o
LOAD build/stm32f4xx_hal_cortex.o
LOAD build/stm32f4xx_hal.o
LOAD build/stm32f4xx_hal_exti.o
LOAD build/stm32f4xx_hal_uart.o
LOAD build/system_stm32f4xx.o
LOAD build/croutine.o
LOAD build/event_groups.o
LOAD build/list.o
LOAD build/queue.o
LOAD build/stream_buffer.o
LOAD build/tasks.o
LOAD build/timers.o
LOAD build/cmsis_os2.o
LOAD build/heap_4.o
LOAD build/port.o
LOAD build/sysmem.o
LOAD build/syscalls.o
LOAD build/adc.o
LOAD build/i2c.o
LOAD build/tim.o
LOAD build/stm32f4xx_hal_adc.o
LOAD build/stm32f4xx_hal_adc_ex.o
LOAD build/stm32f4xx_hal_i2c.o
LOAD build/stm32f4xx_hal_i2c_ex.o
LOAD build/custom_memory_manager.o
LOAD build/microros_allocators.o
LOAD build/microros_time.o
LOAD build/dma_transport.o
LOAD build/freertos.o
LOAD build/pid.o
LOAD build/startup_stm32f401xe.o
LOAD Middlewares/ST/ARM/DSP/Lib/libarm_cortexM4lf_math.a
LOAD /opt/st/stm32cubeide_2.1.1/plugins/com.st.stm32cube.ide.mcu.externaltools.gnu-tools-for-stm32.14.3.rel1.linux64_1.0.100.202602081740/tools/bin/../lib/gcc/arm-none-eabi/14.3.1/../../../../arm-none-eabi/lib/thumb/v7e-m+fp/hard/libstdc++_nano.a
LOAD /opt/st/stm32cubeide_2.1.1/plugins/com.st.stm32cube.ide.mcu.externaltools.gnu-tools-for-stm32.14.3.rel1.linux64_1.0.100.202602081740/tools/bin/../lib/gcc/arm-none-eabi/14.3.1/../../../../arm-none-eabi/lib/thumb/v7e-m+fp/hard/libnosys.a
LOAD micro_ros_stm32cubemx_utils/microros_static_library/libmicroros/libmicroros.a
LOAD /opt/st/stm32cubeide_2.1.1/plugins/com.st.stm32cube.ide.mcu.externaltools.gnu-tools-for-stm32.14.3.rel1.linux64_1.0.100.202602081740/tools/bin/../lib/gcc/arm-none-eabi/14.3.1/../../../../arm-none-eabi/lib/thumb/v7e-m+fp/hard/libstdc++_nano.a
LOAD /opt/st/stm32cubeide_2.1.1/plugins/com.st.stm32cube.ide.mcu.externaltools.gnu-tools-for-stm32.14.3.rel1.linux64_1.0.100.202602081740/tools/bin/../lib/gcc/arm-none-eabi/14.3.1/../../../../arm-none-eabi/lib/thumb/v7e-m+fp/hard/libm.a
LOAD /opt/st/stm32cubeide_2.1.1/plugins/com.st.stm32cube.ide.mcu.externaltools.gnu-tools-for-stm32.14.3.rel1.linux64_1.0.100.202602081740/tools/bin/../lib/gcc/arm-none-eabi/14.3.1/../../../../arm-none-eabi/lib/thumb/v7e-m+fp/hard/libc_nano.a
START GROUP
LOAD /opt/st/stm32cubeide_2.1.1/plugins/com.st.stm32cube.ide.mcu.externaltools.gnu-tools-for-stm32.14.3.rel1.linux64_1.0.100.202602081740/tools/bin/../lib/gcc/arm-none-eabi/14.3.1/thumb/v7e-m+fp/hard/libgcc.a
LOAD /opt/st/stm32cubeide_2.1.1/plugins/com.st.stm32cube.ide.mcu.externaltools.gnu-tools-for-stm32.14.3.rel1.linux64_1.0.100.202602081740/tools/bin/../lib/gcc/arm-none-eabi/14.3.1/../../../../arm-none-eabi/lib/thumb/v7e-m+fp/hard/libc_nano.a
END GROUP
START GROUP
LOAD /opt/st/stm32cubeide_2.1.1/plugins/com.st.stm32cube.ide.mcu.externaltools.gnu-tools-for-stm32.14.3.rel1.linux64_1.0.100.202602081740/tools/bin/../lib/gcc/arm-none-eabi/14.3.1/thumb/v7e-m+fp/hard/libgcc.a
LOAD /opt/st/stm32cubeide_2.1.1/plugins/com.st.stm32cube.ide.mcu.externaltools.gnu-tools-for-stm32.14.3.rel1.linux64_1.0.100.202602081740/tools/bin/../lib/gcc/arm-none-eabi/14.3.1/../../../../arm-none-eabi/lib/thumb/v7e-m+fp/hard/libc_nano.a
END GROUP
LOAD /opt/st/stm32cubeide_2.1.1/plugins/com.st.stm32cube.ide.mcu.externaltools.gnu-tools-for-stm32.14.3.rel1.linux64_1.0.100.202602081740/tools/bin/../lib/gcc/arm-none-eabi/14.3.1/thumb/v7e-m+fp/hard/crtend.o
LOAD /opt/st/stm32cubeide_2.1.1/plugins/com.st.stm32cube.ide.mcu.externaltools.gnu-tools-for-stm32.14.3.rel1.linux64_1.0.100.202602081740/tools/bin/../lib/gcc/arm-none-eabi/14.3.1/thumb/v7e-m+fp/hard/crtn.o
                0x20018000                        _estack = (ORIGIN (RAM) + LENGTH (RAM))
                0x20017c00                        _sstack = (_estack - _Min_Stack_Size)
                0x00000200                        _Min_Heap_Size = 0x200
                0x00000400                        _Min_Stack_Size = 0x400

.isr_vector     0x08000000      0x194
                0x08000000                        . = ALIGN (0x4)
 *(.isr_vector)
 .isr_vector    0x08000000      0x194 build/startup_stm32f401xe.o
                0x08000000                g_pfnVectors
                0x08000194                        . = ALIGN (0x4)

.text           0x080001a0     0x4d24
                0x080001a0                        . = ALIGN (0x4)
 *(.text)
 .text          0x080001a0       0x40 /opt/st/stm32cubeide_2.1.1/plugins/com.st.stm32cube.ide.mcu.externaltools.gnu-tools-for-stm32.14.3.rel1.linux64_1.0.100.202602081740/tools/bin/../lib/gcc/arm-none-eabi/14.3.1/thumb/v7e-m+fp/hard/crtbegin.o
 .text          0x080001e0       0x30 /opt/st/stm32cubeide_2.1.1/plugins/com.st.stm32cube.ide.mcu.externaltools.gnu-tools-for-stm32.14.3.rel1.linux64_1.0.100.202602081740/tools/bin/../lib/gcc/arm-none-eabi/14.3.1/thumb/v7e-m+fp/hard/libgcc.a(_aeabi_uldivmod.o)
                0x080001e0                __aeabi_uldivmod
 .text          0x08000210      0x2f8 /opt/st/stm32cubeide_2.1.1/plugins/com.st.stm32cube.ide.mcu.externaltools.gnu-tools-for-stm32.14.3.rel1.linux64_1.0.100.202602081740/tools/bin/../lib/gcc/arm-none-eabi/14.3.1/thumb/v7e-m+fp/hard/libgcc.a(_udivmoddi4.o)
                0x08000210                __udivmoddi4
 .text          0x08000508        0x4 /opt/st/stm32cubeide_2.1.1/plugins/com.st.stm32cube.ide.mcu.externaltools.gnu-tools-for-stm32.14.3.rel1.linux64_1.0.100.202602081740/tools/bin/../lib/gcc/arm-none-eabi/14.3.1/thumb/v7e-m+fp/hard/libgcc.a(_dvmd_tls.o)
                0x08000508                __aeabi_ldiv0
                0x08000508                __aeabi_idiv0
 *(.text*)
 .text.HAL_TIM_PeriodElapsedCallback
                0x0800050c       0x18 build/main.o
                0x0800050c                HAL_TIM_PeriodElapsedCallback
 .text.Error_Handler
                0x08000524        0x4 build/main.o
                0x08000524                Error_Handler
 .text.SystemClock_Config
                0x08000528       0xa8 build/main.o
                0x08000528                SystemClock_Config
 .text.main     0x080005d0       0x40 build/main.o
                0x080005d0                main
 .text.MX_GPIO_Init
                0x08000610      0x108 build/gpio.o
                0x08000610                MX_GPIO_Init
 .text.MX_DMA_Init
                0x08000718       0x68 build/dma.o
                0x08000718                MX_DMA_Init
 .text.MX_USART2_UART_Init
                0x08000780       0x34 build/usart.o
                0x08000780                MX_USART2_UART_Init
 .text.HAL_UART_MspInit
                0x080007b4      0x104 build/usart.o
                0x080007b4                HAL_UART_MspInit
 .text.NMI_Handler
                0x080008b8        0x2 build/stm32f4xx_it.o
                0x080008b8                NMI_Handler
 .text.HardFault_Handler
                0x080008ba        0x2 build/stm32f4xx_it.o
                0x080008ba                HardFault_Handler
 .text.MemManage_Handler
                0x080008bc        0x2 build/stm32f4xx_it.o
                0x080008bc                MemManage_Handler
 .text.BusFault_Handler
                0x080008be        0x2 build/stm32f4xx_it.o
                0x080008be                BusFault_Handler
 .text.UsageFault_Handler
                0x080008c0        0x2 build/stm32f4xx_it.o
                0x080008c0                UsageFault_Handler
 .text.DebugMon_Handler
                0x080008c2        0x2 build/stm32f4xx_it.o
                0x080008c2                DebugMon_Handler
 .text.EXTI0_IRQHandler
                0x080008c4        0xa build/stm32f4xx_it.o
                0x080008c4                EXTI0_IRQHandler
 *fill*         0x080008ce        0x2 
 .text.DMA1_Stream5_IRQHandler
                0x080008d0       0x10 build/stm32f4xx_it.o
                0x080008d0                DMA1_Stream5_IRQHandler
 .text.DMA1_Stream6_IRQHandler
                0x080008e0       0x10 build/stm32f4xx_it.o
                0x080008e0                DMA1_Stream6_IRQHandler
 .text.TIM1_UP_TIM10_IRQHandler
                0x080008f0       0x18 build/stm32f4xx_it.o
                0x080008f0                TIM1_UP_TIM10_IRQHandler
 .text.TIM1_TRG_COM_TIM11_IRQHandler
                0x08000908       0x10 build/stm32f4xx_it.o
                0x08000908                TIM1_TRG_COM_TIM11_IRQHandler
 .text.USART2_IRQHandler
                0x08000918       0x10 build/stm32f4xx_it.o
                0x08000918                USART2_IRQHandler
 .text.EXTI15_10_IRQHandler
                0x08000928        0xc build/stm32f4xx_it.o
                0x08000928                EXTI15_10_IRQHandler
 .text.DMA2_Stream0_IRQHandler
                0x08000934       0x10 build/stm32f4xx_it.o
                0x08000934                DMA2_Stream0_IRQHandler
 .text.HAL_MspInit
                0x08000944       0x44 build/stm32f4xx_hal_msp.o
                0x08000944                HAL_MspInit
 .text.HAL_InitTick
                0x08000988       0x94 build/stm32f4xx_hal_timebase_tim.o
                0x08000988                HAL_InitTick
 .text.TIM_OC1_SetConfig
                0x08000a1c       0x54 build/stm32f4xx_hal_tim.o
 .text.TIM_OC3_SetConfig
                0x08000a70       0x5c build/stm32f4xx_hal_tim.o
 .text.TIM_OC4_SetConfig
                0x08000acc       0x48 build/stm32f4xx_hal_tim.o
 .text.TIM_TI1_ConfigInputStage
                0x08000b14       0x26 build/stm32f4xx_hal_tim.o
 .text.TIM_TI2_ConfigInputStage
                0x08000b3a       0x28 build/stm32f4xx_hal_tim.o
 .text.TIM_ITRx_SetConfig
                0x08000b62       0x10 build/stm32f4xx_hal_tim.o
 *fill*         0x08000b72        0x2 
 .text.HAL_TIM_Base_Start_IT
                0x08000b74       0x74 build/stm32f4xx_hal_tim.o
                0x08000b74                HAL_TIM_Base_Start_IT
 .text.HAL_TIM_OC_DelayElapsedCallback
                0x08000be8        0x2 build/stm32f4xx_hal_tim.o
                0x08000be8                HAL_TIM_OC_DelayElapsedCallback
 .text.HAL_TIM_IC_CaptureCallback
                0x08000bea        0x2 build/stm32f4xx_hal_tim.o
                0x08000bea                HAL_TIM_IC_CaptureCallback
 .text.HAL_TIM_PWM_PulseFinishedCallback
                0x08000bec        0x2 build/stm32f4xx_hal_tim.o
                0x08000bec                HAL_TIM_PWM_PulseFinishedCallback
 .text.HAL_TIM_TriggerCallback
                0x08000bee        0x2 build/stm32f4xx_hal_tim.o
                0x08000bee                HAL_TIM_TriggerCallback
 .text.HAL_TIM_IRQHandler
                0x08000bf0      0x15e build/stm32f4xx_hal_tim.o
                0x08000bf0                HAL_TIM_IRQHandler
 *fill*         0x08000d4e        0x2 
 .text.TIM_Base_SetConfig
                0x08000d50       0xa4 build/stm32f4xx_hal_tim.o
                0x08000d50                TIM_Base_SetConfig
 .text.HAL_TIM_Base_Init
                0x08000df4       0x58 build/stm32f4xx_hal_tim.o
                0x08000df4                HAL_TIM_Base_Init
 .text.HAL_TIM_PWM_Init
                0x08000e4c       0x58 build/stm32f4xx_hal_tim.o
                0x08000e4c                HAL_TIM_PWM_Init
 .text.HAL_TIM_Encoder_Init
                0x08000ea4       0xb0 build/stm32f4xx_hal_tim.o
                0x08000ea4                HAL_TIM_Encoder_Init
 .text.TIM_OC2_SetConfig
                0x08000f54       0x5c build/stm32f4xx_hal_tim.o
                0x08000f54                TIM_OC2_SetConfig
 .text.HAL_TIM_PWM_ConfigChannel
                0x08000fb0       0xdc build/stm32f4xx_hal_tim.o
                0x08000fb0                HAL_TIM_PWM_ConfigChannel
 .text.TIM_ETR_SetConfig
                0x0800108c       0x1a build/stm32f4xx_hal_tim.o
                0x0800108c                TIM_ETR_SetConfig
 .text.HAL_TIM_ConfigClockSource
                0x080010a6       0xfe build/stm32f4xx_hal_tim.o
                0x080010a6                HAL_TIM_ConfigClockSource
 .text.HAL_TIMEx_MasterConfigSynchronization
                0x080011a4       0x7c build/stm32f4xx_hal_tim_ex.o
                0x080011a4                HAL_TIMEx_MasterConfigSynchronization
 .text.HAL_TIMEx_CommutCallback
                0x08001220        0x2 build/stm32f4xx_hal_tim_ex.o
                0x08001220                HAL_TIMEx_CommutCallback
 .text.HAL_TIMEx_BreakCallback
                0x08001222        0x2 build/stm32f4xx_hal_tim_ex.o
                0x08001222                HAL_TIMEx_BreakCallback
 .text.HAL_RCC_OscConfig
                0x08001224      0x3f8 build/stm32f4xx_hal_rcc.o
                0x08001224                HAL_RCC_OscConfig
 .text.HAL_RCC_GetSysClockFreq
                0x0800161c       0xdc build/stm32f4xx_hal_rcc.o
                0x0800161c                HAL_RCC_GetSysClockFreq
 .text.HAL_RCC_ClockConfig
                0x080016f8      0x160 build/stm32f4xx_hal_rcc.o
                0x080016f8                HAL_RCC_ClockConfig
 .text.HAL_RCC_GetHCLKFreq
                0x08001858        0xc build/stm32f4xx_hal_rcc.o
                0x08001858                HAL_RCC_GetHCLKFreq
 .text.HAL_RCC_GetPCLK1Freq
                0x08001864       0x20 build/stm32f4xx_hal_rcc.o
                0x08001864                HAL_RCC_GetPCLK1Freq
 .text.HAL_RCC_GetPCLK2Freq
                0x08001884       0x20 build/stm32f4xx_hal_rcc.o
                0x08001884                HAL_RCC_GetPCLK2Freq
 .text.HAL_RCC_GetClockConfig
                0x080018a4       0x3c build/stm32f4xx_hal_rcc.o
                0x080018a4                HAL_RCC_GetClockConfig
 .text.HAL_GPIO_Init
                0x080018e0      0x1c8 build/stm32f4xx_hal_gpio.o
                0x080018e0                HAL_GPIO_Init
 .text.HAL_GPIO_WritePin
                0x08001aa8        0xc build/stm32f4xx_hal_gpio.o
                0x08001aa8                HAL_GPIO_WritePin
 .text.HAL_GPIO_EXTI_Callback
                0x08001ab4        0x2 build/stm32f4xx_hal_gpio.o
                0x08001ab4                HAL_GPIO_EXTI_Callback
 *fill*         0x08001ab6        0x2 
 .text.HAL_GPIO_EXTI_IRQHandler
                0x08001ab8       0x1c build/stm32f4xx_hal_gpio.o
                0x08001ab8                HAL_GPIO_EXTI_IRQHandler
 .text.DMA_CalcBaseAndBitshift
                0x08001ad4       0x3c build/stm32f4xx_hal_dma.o
 .text.DMA_CheckFifoParam
                0x08001b10       0x8e build/stm32f4xx_hal_dma.o
 *fill*         0x08001b9e        0x2 
 .text.HAL_DMA_Init
                0x08001ba0       0xcc build/stm32f4xx_hal_dma.o
                0x08001ba0                HAL_DMA_Init
 .text.HAL_DMA_Abort
                0x08001c6c       0x92 build/stm32f4xx_hal_dma.o
                0x08001c6c                HAL_DMA_Abort
 .text.HAL_DMA_Abort_IT
                0x08001cfe       0x24 build/stm32f4xx_hal_dma.o
                0x08001cfe                HAL_DMA_Abort_IT
 *fill*         0x08001d22        0x2 
 .text.HAL_DMA_IRQHandler
                0x08001d24      0x1dc build/stm32f4xx_hal_dma.o
                0x08001d24                HAL_DMA_IRQHandler
 .text.__NVIC_EnableIRQ
                0x08001f00       0x1c build/stm32f4xx_hal_cortex.o
 .text.__NVIC_SetPriority
                0x08001f1c       0x28 build/stm32f4xx_hal_cortex.o
 .text.NVIC_EncodePriority
                0x08001f44       0x3c build/stm32f4xx_hal_cortex.o
 .text.HAL_NVIC_SetPriorityGrouping
                0x08001f80       0x24 build/stm32f4xx_hal_cortex.o
                0x08001f80                HAL_NVIC_SetPriorityGrouping
 .text.HAL_NVIC_SetPriority
                0x08001fa4       0x20 build/stm32f4xx_hal_cortex.o
                0x08001fa4                HAL_NVIC_SetPriority
 .text.HAL_NVIC_EnableIRQ
                0x08001fc4        0x8 build/stm32f4xx_hal_cortex.o
                0x08001fc4                HAL_NVIC_EnableIRQ
 .text.HAL_Init
                0x08001fcc       0x34 build/stm32f4xx_hal.o
                0x08001fcc                HAL_Init
 .text.HAL_IncTick
                0x08002000       0x18 build/stm32f4xx_hal.o
                0x08002000                HAL_IncTick
 .text.HAL_GetTick
                0x08002018        0xc build/stm32f4xx_hal.o
                0x08002018                HAL_GetTick
 .text.UART_EndRxTransfer
                0x08002024       0x5c build/stm32f4xx_hal_uart.o
 .text.UART_Transmit_IT
                0x08002080       0x5e build/stm32f4xx_hal_uart.o
 *fill*         0x080020de        0x2 
 .text.UART_SetConfig
                0x080020e0      0x110 build/stm32f4xx_hal_uart.o
 .text.HAL_UART_Init
                0x080021f0       0x60 build/stm32f4xx_hal_uart.o
                0x080021f0                HAL_UART_Init
 .text.HAL_UART_TxCpltCallback
                0x08002250        0x2 build/stm32f4xx_hal_uart.o
                0x08002250                HAL_UART_TxCpltCallback
 .text.UART_EndTransmit_IT
                0x08002252       0x1a build/stm32f4xx_hal_uart.o
 .text.HAL_UART_RxCpltCallback
                0x0800226c        0x2 build/stm32f4xx_hal_uart.o
                0x0800226c                HAL_UART_RxCpltCallback
 .text.HAL_UART_ErrorCallback
                0x0800226e        0x2 build/stm32f4xx_hal_uart.o
                0x0800226e                HAL_UART_ErrorCallback
 .text.UART_DMAAbortOnError
                0x08002270        0xe build/stm32f4xx_hal_uart.o
 .text.HAL_UARTEx_RxEventCallback
                0x0800227e        0x2 build/stm32f4xx_hal_uart.o
                0x0800227e                HAL_UARTEx_RxEventCallback
 .text.UART_Receive_IT
                0x08002280       0xe2 build/stm32f4xx_hal_uart.o
 *fill*         0x08002362        0x2 
 .text.HAL_UART_IRQHandler
                0x08002364      0x2a0 build/stm32f4xx_hal_uart.o
                0x08002364                HAL_UART_IRQHandler
 .text.SystemInit
                0x08002604       0x14 build/system_stm32f4xx.o
                0x08002604                SystemInit
 .text.vListInitialise
                0x08002618       0x16 build/list.o
                0x08002618                vListInitialise
 .text.vListInitialiseItem
                0x0800262e        0x6 build/list.o
                0x0800262e                vListInitialiseItem
 .text.vListInsertEnd
                0x08002634       0x16 build/list.o
                0x08002634                vListInsertEnd
 .text.vListInsert
                0x0800264a       0x32 build/list.o
                0x0800264a                vListInsert
 .text.uxListRemove
                0x0800267c       0x26 build/list.o
                0x0800267c                uxListRemove
 .text.prvIsQueueFull
                0x080026a2       0x1e build/queue.o
 .text.prvIsQueueEmpty
                0x080026c0       0x1a build/queue.o
 .text.prvCopyDataToQueue
                0x080026da       0x76 build/queue.o
 .text.prvCopyDataFromQueue
                0x08002750       0x24 build/queue.o
 .text.prvUnlockQueue
                0x08002774       0x6e build/queue.o
 .text.xQueueGenericReset
                0x080027e2       0x84 build/queue.o
                0x080027e2                xQueueGenericReset
 .text.prvInitialiseNewQueue
                0x08002866       0x22 build/queue.o
 .text.xQueueGenericCreateStatic
                0x08002888       0x94 build/queue.o
                0x08002888                xQueueGenericCreateStatic
 .text.xQueueGenericSend
                0x0800291c      0x188 build/queue.o
                0x0800291c                xQueueGenericSend
 .text.xQueueGenericSendFromISR
                0x08002aa4       0xce build/queue.o
                0x08002aa4                xQueueGenericSendFromISR
 .text.xQueueReceive
                0x08002b72      0x15e build/queue.o
                0x08002b72                xQueueReceive
 .text.vQueueAddToRegistry
                0x08002cd0       0x28 build/queue.o
                0x08002cd0                vQueueAddToRegistry
 .text.vQueueWaitForMessageRestricted
                0x08002cf8       0x52 build/queue.o
                0x08002cf8                vQueueWaitForMessageRestricted
 *fill*         0x08002d4a        0x2 
 .text.prvResetNextTaskUnblockTime
                0x08002d4c       0x2c build/tasks.o
 .text.prvInitialiseNewTask
                0x08002d78       0xa2 build/tasks.o
 *fill*         0x08002e1a        0x2 
 .text.prvInitialiseTaskLists
                0x08002e1c       0x68 build/tasks.o
 .text.prvAddNewTaskToReadyList
                0x08002e84       0xac build/tasks.o
 .text.prvDeleteTCB
                0x08002f30       0x38 build/tasks.o
 .text.prvCheckTasksWaitingTermination
                0x08002f68       0x4c build/tasks.o
 .text.prvIdleTask
                0x08002fb4       0x28 build/tasks.o
 .text.prvAddCurrentTaskToDelayedList
                0x08002fdc       0x7c build/tasks.o
 .text.xTaskCreateStatic
                0x08003058       0x76 build/tasks.o
                0x08003058                xTaskCreateStatic
 .text.xTaskCreate
                0x080030ce       0x64 build/tasks.o
                0x080030ce                xTaskCreate
 *fill*         0x08003132        0x2 
 .text.vTaskStartScheduler
                0x08003134       0x98 build/tasks.o
                0x08003134                vTaskStartScheduler
 .text.vTaskSuspendAll
                0x080031cc       0x10 build/tasks.o
                0x080031cc                vTaskSuspendAll
 .text.xTaskGetTickCount
                0x080031dc        0xc build/tasks.o
                0x080031dc                xTaskGetTickCount
 .text.xTaskIncrementTick
                0x080031e8      0x118 build/tasks.o
                0x080031e8                xTaskIncrementTick
 .text.xTaskResumeAll
                0x08003300       0xf8 build/tasks.o
                0x08003300                xTaskResumeAll
 .text.vTaskDelay
                0x080033f8       0x4c build/tasks.o
                0x080033f8                vTaskDelay
 .text.vTaskSwitchContext
                0x08003444       0x98 build/tasks.o
                0x08003444                vTaskSwitchContext
 .text.vTaskPlaceOnEventList
                0x080034dc       0x30 build/tasks.o
                0x080034dc                vTaskPlaceOnEventList
 .text.vTaskPlaceOnEventListRestricted
                0x0800350c       0x38 build/tasks.o
                0x0800350c                vTaskPlaceOnEventListRestricted
 .text.xTaskRemoveFromEventList
                0x08003544       0x8c build/tasks.o
                0x08003544                xTaskRemoveFromEventList
 .text.vTaskInternalSetTimeOutState
                0x080035d0       0x18 build/tasks.o
                0x080035d0                vTaskInternalSetTimeOutState
 .text.xTaskCheckForTimeOut
                0x080035e8       0x88 build/tasks.o
                0x080035e8                xTaskCheckForTimeOut
 .text.vTaskMissedYield
                0x08003670        0xc build/tasks.o
                0x08003670                vTaskMissedYield
 .text.xTaskGetSchedulerState
                0x0800367c       0x20 build/tasks.o
                0x0800367c                xTaskGetSchedulerState
 .text.xTaskPriorityDisinherit
                0x0800369c       0x90 build/tasks.o
                0x0800369c                xTaskPriorityDisinherit
 .text.prvGetNextExpireTime
                0x0800372c       0x20 build/timers.o
 .text.prvInsertTimerInActiveList
                0x0800374c       0x48 build/timers.o
 .text.prvCheckForValidListAndQueue
                0x08003794       0x70 build/timers.o
 .text.xTimerCreateTimerTask
                0x08003804       0x64 build/timers.o
                0x08003804                xTimerCreateTimerTask
 .text.xTimerGenericCommand
                0x08003868       0x6c build/timers.o
                0x08003868                xTimerGenericCommand
 .text.prvSwitchTimerLists
                0x080038d4       0x7c build/timers.o
 .text.prvSampleTimeNow
                0x08003950       0x2c build/timers.o
 .text.prvProcessExpiredTimer
                0x0800397c       0x6c build/timers.o
 .text.prvProcessTimerOrBlockTask
                0x080039e8       0x74 build/timers.o
 .text.prvProcessReceivedCommands
                0x08003a5c      0x10c build/timers.o
 .text.prvTimerTask
                0x08003b68       0x16 build/timers.o
 .text.SysTick_Handler
                0x08003b7e       0x18 build/cmsis_os2.o
                0x08003b7e                SysTick_Handler
 *fill*         0x08003b96        0x2 
 .text.osKernelInitialize
                0x08003b98       0x24 build/cmsis_os2.o
                0x08003b98                osKernelInitialize
 .text.osKernelStart
                0x08003bbc       0x38 build/cmsis_os2.o
                0x08003bbc                osKernelStart
 .text.osThreadNew
                0x08003bf4       0xb4 build/cmsis_os2.o
                0x08003bf4                osThreadNew
 .text.osDelay  0x08003ca8       0x1c build/cmsis_os2.o
                0x08003ca8                osDelay
 .text.vApplicationGetIdleTaskMemory
                0x08003cc4       0x18 build/cmsis_os2.o
                0x08003cc4                vApplicationGetIdleTaskMemory
 .text.vApplicationGetTimerTaskMemory
                0x08003cdc       0x18 build/cmsis_os2.o
                0x08003cdc                vApplicationGetTimerTaskMemory
 .text.prvHeapInit
                0x08003cf4       0x64 build/heap_4.o
 .text.prvInsertBlockIntoFreeList
                0x08003d58       0x64 build/heap_4.o
 .text.pvPortMalloc
                0x08003dbc      0x104 build/heap_4.o
                0x08003dbc                pvPortMalloc
 .text.vPortFree
                0x08003ec0       0x7c build/heap_4.o
                0x08003ec0                vPortFree
 .text.prvTaskExitError
                0x08003f3c       0x40 build/port.o
 .text.prvPortStartFirstTask
                0x08003f7c       0x28 build/port.o
 .text.vPortEnableVFP
                0x08003fa4       0x14 build/port.o
 .text.pxPortInitialiseStack
                0x08003fb8       0x2c build/port.o
                0x08003fb8                pxPortInitialiseStack
 *fill*         0x08003fe4        0xc 
 .text.SVC_Handler
                0x08003ff0       0x24 build/port.o
                0x08003ff0                SVC_Handler
 .text.vPortEnterCritical
                0x08004014       0x44 build/port.o
                0x08004014                vPortEnterCritical
 .text.vPortExitCritical
                0x08004058       0x2c build/port.o
                0x08004058                vPortExitCritical
 *fill*         0x08004084        0xc 
 .text.PendSV_Handler
                0x08004090       0x64 build/port.o
                0x08004090                PendSV_Handler
 .text.xPortSysTickHandler
                0x080040f4       0x2c build/port.o
                0x080040f4                xPortSysTickHandler
 .text.vPortSetupTimerInterrupt
                0x08004120       0x28 build/port.o
                0x08004120                vPortSetupTimerInterrupt
 .text.xPortStartScheduler
                0x08004148      0x118 build/port.o
                0x08004148                xPortStartScheduler
 .text.vPortValidateInterruptPriority
                0x08004260       0x5c build/port.o
                0x08004260                vPortValidateInterruptPriority
 .text.MX_ADC1_Init
                0x080042bc       0xa0 build/adc.o
                0x080042bc                MX_ADC1_Init
 .text.HAL_ADC_MspInit
                0x0800435c       0xd8 build/adc.o
                0x0800435c                HAL_ADC_MspInit
 .text.MX_I2C1_Init
                0x08004434       0x3c build/i2c.o
                0x08004434                MX_I2C1_Init
 .text.HAL_I2C_MspInit
                0x08004470       0x70 build/i2c.o
                0x08004470                HAL_I2C_MspInit
 .text.MX_TIM3_Init
                0x080044e0       0x6c build/tim.o
                0x080044e0                MX_TIM3_Init
 .text.MX_TIM10_Init
                0x0800454c       0x30 build/tim.o
                0x0800454c                MX_TIM10_Init
 .text.MX_TIM11_Init
                0x0800457c       0x30 build/tim.o
                0x0800457c                MX_TIM11_Init
 .text.HAL_TIM_Base_MspInit
                0x080045ac       0x94 build/tim.o
                0x080045ac                HAL_TIM_Base_MspInit
 .text.HAL_TIM_Encoder_MspInit
                0x08004640       0x68 build/tim.o
                0x08004640                HAL_TIM_Encoder_MspInit
 .text.HAL_TIM_PWM_MspInit
                0x080046a8       0x30 build/tim.o
                0x080046a8                HAL_TIM_PWM_MspInit
 .text.HAL_TIM_MspPostInit
                0x080046d8       0xb8 build/tim.o
                0x080046d8                HAL_TIM_MspPostInit
 .text.MX_TIM2_Init
                0x08004790       0xbc build/tim.o
                0x08004790                MX_TIM2_Init
 .text.MX_TIM4_Init
                0x0800484c       0x90 build/tim.o
                0x0800484c                MX_TIM4_Init
 .text.ADC_Init
                0x080048dc      0x134 build/stm32f4xx_hal_adc.o
 .text.HAL_ADC_Init
                0x08004a10       0x56 build/stm32f4xx_hal_adc.o
                0x08004a10                HAL_ADC_Init
 *fill*         0x08004a66        0x2 
 .text.HAL_ADC_ConfigChannel
                0x08004a68      0x194 build/stm32f4xx_hal_adc.o
                0x08004a68                HAL_ADC_ConfigChannel
 .text.HAL_I2C_Init
                0x08004bfc      0x1bc build/stm32f4xx_hal_i2c.o
                0x08004bfc                HAL_I2C_Init
 .text.StartDefaultTask
                0x08004db8        0xa build/freertos.o
                0x08004db8                StartDefaultTask
 *fill*         0x08004dc2        0x2 
 .text.MX_FREERTOS_Init
                0x08004dc4       0x20 build/freertos.o
                0x08004dc4                MX_FREERTOS_Init
 .text.Reset_Handler
                0x08004de4       0x50 build/startup_stm32f401xe.o
                0x08004de4                Reset_Handler
 .text.Default_Handler
                0x08004e34        0x2 build/startup_stm32f401xe.o
                0x08004e34                RTC_Alarm_IRQHandler
                0x08004e34                EXTI2_IRQHandler
                0x08004e34                SPI4_IRQHandler
                0x08004e34                TIM1_CC_IRQHandler
                0x08004e34                DMA2_Stream5_IRQHandler
                0x08004e34                PVD_IRQHandler
                0x08004e34                SDIO_IRQHandler
                0x08004e34                TAMP_STAMP_IRQHandler
                0x08004e34                EXTI3_IRQHandler
                0x08004e34                I2C3_ER_IRQHandler
                0x08004e34                I2C2_EV_IRQHandler
                0x08004e34                DMA1_Stream2_IRQHandler
                0x08004e34                FPU_IRQHandler
                0x08004e34                DMA2_Stream2_IRQHandler
                0x08004e34                SPI1_IRQHandler
                0x08004e34                TIM1_BRK_TIM9_IRQHandler
                0x08004e34                DMA2_Stream3_IRQHandler
                0x08004e34                USART6_IRQHandler
                0x08004e34                TIM4_IRQHandler
                0x08004e34                I2C1_EV_IRQHandler
                0x08004e34                DMA1_Stream1_IRQHandler
                0x08004e34                TIM3_IRQHandler
                0x08004e34                RCC_IRQHandler
                0x08004e34                Default_Handler
                0x08004e34                ADC_IRQHandler
                0x08004e34                DMA1_Stream7_IRQHandler
                0x08004e34                TIM5_IRQHandler
                0x08004e34                DMA2_Stream7_IRQHandler
                0x08004e34                I2C3_EV_IRQHandler
                0x08004e34                EXTI9_5_IRQHandler
                0x08004e34                RTC_WKUP_IRQHandler
                0x08004e34                SPI2_IRQHandler
                0x08004e34                DMA1_Stream0_IRQHandler
                0x08004e34                EXTI4_IRQHandler
                0x08004e34                WWDG_IRQHandler
                0x08004e34                TIM2_IRQHandler
                0x08004e34                OTG_FS_WKUP_IRQHandler
                0x08004e34                EXTI1_IRQHandler
                0x08004e34                I2C2_ER_IRQHandler
                0x08004e34                DMA2_Stream1_IRQHandler
                0x08004e34                FLASH_IRQHandler
                0x08004e34                DMA2_Stream4_IRQHandler
                0x08004e34                USART1_IRQHandler
                0x08004e34                OTG_FS_IRQHandler
                0x08004e34                SPI3_IRQHandler
                0x08004e34                DMA1_Stream4_IRQHandler
                0x08004e34                I2C1_ER_IRQHandler
                0x08004e34                DMA2_Stream6_IRQHandler
                0x08004e34                DMA1_Stream3_IRQHandler
 .text.memset   0x08004e36       0x10 /opt/st/stm32cubeide_2.1.1/plugins/com.st.stm32cube.ide.mcu.externaltools.gnu-tools-for-stm32.14.3.rel1.linux64_1.0.100.202602081740/tools/bin/../lib/gcc/arm-none-eabi/14.3.1/../../../../arm-none-eabi/lib/thumb/v7e-m+fp/hard/libc_nano.a(libc_a-memset.o)
                0x08004e36                memset
 *fill*         0x08004e46        0x2 
 .text.__libc_init_array
                0x08004e48       0x48 /opt/st/stm32cubeide_2.1.1/plugins/com.st.stm32cube.ide.mcu.externaltools.gnu-tools-for-stm32.14.3.rel1.linux64_1.0.100.202602081740/tools/bin/../lib/gcc/arm-none-eabi/14.3.1/../../../../arm-none-eabi/lib/thumb/v7e-m+fp/hard/libc_nano.a(libc_a-init.o)
                0x08004e48                __libc_init_array
 .text.memcpy   0x08004e90       0x1c /opt/st/stm32cubeide_2.1.1/plugins/com.st.stm32cube.ide.mcu.externaltools.gnu-tools-for-stm32.14.3.rel1.linux64_1.0.100.202602081740/tools/bin/../lib/gcc/arm-none-eabi/14.3.1/../../../../arm-none-eabi/lib/thumb/v7e-m+fp/hard/libc_nano.a(libc_a-memcpy-stub.o)
                0x08004e90                memcpy
 *(.glue_7)
 .glue_7        0x08004eac        0x0 linker stubs
 *(.glue_7t)
 .glue_7t       0x08004eac        0x0 linker stubs
 *(.eh_frame)
 .eh_frame      0x08004eac        0x0 /opt/st/stm32cubeide_2.1.1/plugins/com.st.stm32cube.ide.mcu.externaltools.gnu-tools-for-stm32.14.3.rel1.linux64_1.0.100.202602081740/tools/bin/../lib/gcc/arm-none-eabi/14.3.1/thumb/v7e-m+fp/hard/crtbegin.o
 *(.init)
 .init          0x08004eac        0x4 /opt/st/stm32cubeide_2.1.1/plugins/com.st.stm32cube.ide.mcu.externaltools.gnu-tools-for-stm32.14.3.rel1.linux64_1.0.100.202602081740/tools/bin/../lib/gcc/arm-none-eabi/14.3.1/thumb/v7e-m+fp/hard/crti.o
                0x08004eac                _init
 .init          0x08004eb0        0x8 /opt/st/stm32cubeide_2.1.1/plugins/com.st.stm32cube.ide.mcu.externaltools.gnu-tools-for-stm32.14.3.rel1.linux64_1.0.100.202602081740/tools/bin/../lib/gcc/arm-none-eabi/14.3.1/thumb/v7e-m+fp/hard/crtn.o
 *(.fini)
 .fini          0x08004eb8        0x4 /opt/st/stm32cubeide_2.1.1/plugins/com.st.stm32cube.ide.mcu.externaltools.gnu-tools-for-stm32.14.3.rel1.linux64_1.0.100.202602081740/tools/bin/../lib/gcc/arm-none-eabi/14.3.1/thumb/v7e-m+fp/hard/crti.o
                0x08004eb8                _fini
 .fini          0x08004ebc        0x8 /opt/st/stm32cubeide_2.1.1/plugins/com.st.stm32cube.ide.mcu.externaltools.gnu-tools-for-stm32.14.3.rel1.linux64_1.0.100.202602081740/tools/bin/../lib/gcc/arm-none-eabi/14.3.1/thumb/v7e-m+fp/hard/crtn.o
                0x08004ec4                        . = ALIGN (0x4)
                0x08004ec4                        _etext = .

.vfp11_veneer   0x08004ec4        0x0
 .vfp11_veneer  0x08004ec4        0x0 linker stubs

.v4_bx          0x08004ec4        0x0
 .v4_bx         0x08004ec4        0x0 linker stubs

.iplt           0x08004ec4        0x0
 .iplt          0x08004ec4        0x0 /opt/st/stm32cubeide_2.1.1/plugins/com.st.stm32cube.ide.mcu.externaltools.gnu-tools-for-stm32.14.3.rel1.linux64_1.0.100.202602081740/tools/bin/../lib/gcc/arm-none-eabi/14.3.1/thumb/v7e-m+fp/hard/crtbegin.o

.rodata         0x08004ec4       0x68
                0x08004ec4                        . = ALIGN (0x4)
 *(.rodata)
 *(.rodata*)
 .rodata.flagBitshiftOffset.0
                0x08004ec4        0x8 build/stm32f4xx_hal_dma.o
 .rodata.APBPrescTable
                0x08004ecc        0x8 build/system_stm32f4xx.o
                0x08004ecc                APBPrescTable
 .rodata.AHBPrescTable
                0x08004ed4       0x10 build/system_stm32f4xx.o
                0x08004ed4                AHBPrescTable
 .rodata.vTaskStartScheduler.str1.4
                0x08004ee4       0x24 build/tasks.o
                                  0x5 (size before relaxing)
 .rodata.prvCheckForValidListAndQueue.str1.4
                0x08004f08        0x5 build/timers.o
 .rodata.xTimerCreateTimerTask.str1.4
                0x08004f08        0x8 build/timers.o
 .rodata.str1.4
                0x08004f08        0xc build/freertos.o
 .rodata.defaultTask_attributes
                0x08004f08       0x24 build/freertos.o
                0x08004f08                defaultTask_attributes
                0x08004f2c                        . = ALIGN (0x4)

.ARM.extab      0x08004f2c        0x0
                0x08004f2c                        . = ALIGN (0x4)
 *(.ARM.extab* .gnu.linkonce.armextab.*)
                0x08004f2c                        . = ALIGN (0x4)

.ARM            0x08004f2c        0x8
                0x08004f2c                        . = ALIGN (0x4)
                0x08004f2c                        __exidx_start = .
 *(.ARM.exidx*)
 .ARM.exidx     0x08004f2c        0x8 /opt/st/stm32cubeide_2.1.1/plugins/com.st.stm32cube.ide.mcu.externaltools.gnu-tools-for-stm32.14.3.rel1.linux64_1.0.100.202602081740/tools/bin/../lib/gcc/arm-none-eabi/14.3.1/thumb/v7e-m+fp/hard/libgcc.a(_udivmoddi4.o)
                0x08004f34                        __exidx_end = .
                0x08004f34                        . = ALIGN (0x4)

.preinit_array  0x08004f34        0x0
                0x08004f34                        . = ALIGN (0x4)
                0x08004f34                        PROVIDE (__preinit_array_start = .)
 *(.preinit_array*)
                0x08004f34                        PROVIDE (__preinit_array_end = .)
                0x08004f34                        . = ALIGN (0x4)

.init_array     0x08004f34        0x4
                0x08004f34                        . = ALIGN (0x4)
                0x08004f34                        PROVIDE (__init_array_start = .)
 *(SORT_BY_NAME(.init_array.*))
 *(.init_array*)
 .init_array    0x08004f34        0x4 /opt/st/stm32cubeide_2.1.1/plugins/com.st.stm32cube.ide.mcu.externaltools.gnu-tools-for-stm32.14.3.rel1.linux64_1.0.100.202602081740/tools/bin/../lib/gcc/arm-none-eabi/14.3.1/thumb/v7e-m+fp/hard/crtbegin.o
                0x08004f38                        PROVIDE (__init_array_end = .)
                0x08004f38                        . = ALIGN (0x4)

.fini_array     0x08004f38        0x4
                0x08004f38                        . = ALIGN (0x4)
                [!provide]                        PROVIDE (__fini_array_start = .)
 *(SORT_BY_NAME(.fini_array.*))
 *(.fini_array*)
 .fini_array    0x08004f38        0x4 /opt/st/stm32cubeide_2.1.1/plugins/com.st.stm32cube.ide.mcu.externaltools.gnu-tools-for-stm32.14.3.rel1.linux64_1.0.100.202602081740/tools/bin/../lib/gcc/arm-none-eabi/14.3.1/thumb/v7e-m+fp/hard/crtbegin.o
                [!provide]                        PROVIDE (__fini_array_end = .)
                0x08004f3c                        . = ALIGN (0x4)
                0x08004f3c                        _sidata = LOADADDR (.data)

.rel.dyn        0x08004f3c        0x0
 .rel.iplt      0x08004f3c        0x0 /opt/st/stm32cubeide_2.1.1/plugins/com.st.stm32cube.ide.mcu.externaltools.gnu-tools-for-stm32.14.3.rel1.linux64_1.0.100.202602081740/tools/bin/../lib/gcc/arm-none-eabi/14.3.1/thumb/v7e-m+fp/hard/crtbegin.o

.data           0x20000000       0x10 load address 0x08004f3c
                0x20000000                        . = ALIGN (0x4)
                0x20000000                        _sdata = .
 *(.data)
 *(.data*)
 .data.uwTickFreq
                0x20000000        0x1 build/stm32f4xx_hal.o
                0x20000000                uwTickFreq
 *fill*         0x20000001        0x3 
 .data.uwTickPrio
                0x20000004        0x4 build/stm32f4xx_hal.o
                0x20000004                uwTickPrio
 .data.SystemCoreClock
                0x20000008        0x4 build/system_stm32f4xx.o
                0x20000008                SystemCoreClock
 .data.uxCriticalNesting
                0x2000000c        0x4 build/port.o
 *(.RamFunc)
 *(.RamFunc*)
                0x20000010                        . = ALIGN (0x4)
                0x20000010                        _edata = .

.igot.plt       0x20000010        0x0 load address 0x08004f4c
 .igot.plt      0x20000010        0x0 /opt/st/stm32cubeide_2.1.1/plugins/com.st.stm32cube.ide.mcu.externaltools.gnu-tools-for-stm32.14.3.rel1.linux64_1.0.100.202602081740/tools/bin/../lib/gcc/arm-none-eabi/14.3.1/thumb/v7e-m+fp/hard/crtbegin.o
                0x20000010                        . = ALIGN (0x4)

.bss            0x20000010     0x7c64 load address 0x08004f4c
                0x20000010                        _sbss = .
                0x20000010                        __bss_start__ = _sbss
 *(.bss)
 .bss           0x20000010       0x1c /opt/st/stm32cubeide_2.1.1/plugins/com.st.stm32cube.ide.mcu.externaltools.gnu-tools-for-stm32.14.3.rel1.linux64_1.0.100.202602081740/tools/bin/../lib/gcc/arm-none-eabi/14.3.1/thumb/v7e-m+fp/hard/crtbegin.o
 *(.bss*)
 .bss.hdma_usart2_tx
                0x2000002c       0x60 build/usart.o
                0x2000002c                hdma_usart2_tx
 .bss.hdma_usart2_rx
                0x2000008c       0x60 build/usart.o
                0x2000008c                hdma_usart2_rx
 .bss.huart2    0x200000ec       0x48 build/usart.o
                0x200000ec                huart2
 .bss.htim1     0x20000134       0x48 build/stm32f4xx_hal_timebase_tim.o
                0x20000134                htim1
 .bss.uwTick    0x2000017c        0x4 build/stm32f4xx_hal.o
                0x2000017c                uwTick
 .bss.xQueueRegistry
                0x20000180       0x40 build/queue.o
                0x20000180                xQueueRegistry
 .bss.uxSchedulerSuspended
                0x200001c0        0x4 build/tasks.o
 .bss.xIdleTaskHandle
                0x200001c4        0x4 build/tasks.o
 .bss.xNextTaskUnblockTime
                0x200001c8        0x4 build/tasks.o
 .bss.uxTaskNumber
                0x200001cc        0x4 build/tasks.o
 .bss.xNumOfOverflows
                0x200001d0        0x4 build/tasks.o
 .bss.xYieldPending
                0x200001d4        0x4 build/tasks.o
 .bss.xPendedTicks
                0x200001d8        0x4 build/tasks.o
 .bss.xSchedulerRunning
                0x200001dc        0x4 build/tasks.o
 .bss.uxTopReadyPriority
                0x200001e0        0x4 build/tasks.o
 .bss.xTickCount
                0x200001e4        0x4 build/tasks.o
 .bss.uxCurrentNumberOfTasks
                0x200001e8        0x4 build/tasks.o
 .bss.xSuspendedTaskList
                0x200001ec       0x14 build/tasks.o
 .bss.uxDeletedTasksWaitingCleanUp
                0x20000200        0x4 build/tasks.o
 .bss.xTasksWaitingTermination
                0x20000204       0x14 build/tasks.o
 .bss.xPendingReadyList
                0x20000218       0x14 build/tasks.o
 .bss.pxOverflowDelayedTaskList
                0x2000022c        0x4 build/tasks.o
 .bss.pxDelayedTaskList
                0x20000230        0x4 build/tasks.o
 .bss.xDelayedTaskList2
                0x20000234       0x14 build/tasks.o
 .bss.xDelayedTaskList1
                0x20000248       0x14 build/tasks.o
 .bss.pxReadyTasksLists
                0x2000025c      0x460 build/tasks.o
 .bss.pxCurrentTCB
                0x200006bc        0x4 build/tasks.o
                0x200006bc                pxCurrentTCB
 .bss.xStaticTimerQueue.0
                0x200006c0       0x50 build/timers.o
 .bss.ucStaticTimerQueueStorage.1
                0x20000710       0xa0 build/timers.o
 .bss.xLastTime.2
                0x200007b0        0x4 build/timers.o
 .bss.xTimerTaskHandle
                0x200007b4        0x4 build/timers.o
 .bss.xTimerQueue
                0x200007b8        0x4 build/timers.o
 .bss.pxOverflowTimerList
                0x200007bc        0x4 build/timers.o
 .bss.pxCurrentTimerList
                0x200007c0        0x4 build/timers.o
 .bss.xActiveTimerList2
                0x200007c4       0x14 build/timers.o
 .bss.xActiveTimerList1
                0x200007d8       0x14 build/timers.o
 .bss.Timer_Stack.0
                0x200007ec      0x400 build/cmsis_os2.o
 .bss.Timer_TCB.1
                0x20000bec       0x5c build/cmsis_os2.o
 .bss.Idle_Stack.2
                0x20000c48      0x200 build/cmsis_os2.o
 .bss.Idle_TCB.3
                0x20000e48       0x5c build/cmsis_os2.o
 .bss.KernelState
                0x20000ea4        0x4 build/cmsis_os2.o
 .bss.xBlockAllocatedBit
                0x20000ea8        0x4 build/heap_4.o
 .bss.xNumberOfSuccessfulFrees
                0x20000eac        0x4 build/heap_4.o
 .bss.xNumberOfSuccessfulAllocations
                0x20000eb0        0x4 build/heap_4.o
 .bss.xMinimumEverFreeBytesRemaining
                0x20000eb4        0x4 build/heap_4.o
 .bss.xFreeBytesRemaining
                0x20000eb8        0x4 build/heap_4.o
 .bss.pxEnd     0x20000ebc        0x4 build/heap_4.o
 .bss.xStart    0x20000ec0        0x8 build/heap_4.o
 .bss.ucHeap    0x20000ec8     0x3c00 build/heap_4.o
 .bss.ulMaxPRIGROUPValue
                0x20004ac8        0x4 build/port.o
 .bss.ucMaxSysCallPriority
                0x20004acc        0x1 build/port.o
 *fill*         0x20004acd        0x3 
 .bss.hdma_adc1
                0x20004ad0       0x60 build/adc.o
                0x20004ad0                hdma_adc1
 .bss.hadc1     0x20004b30       0x48 build/adc.o
                0x20004b30                hadc1
 .bss.hi2c1     0x20004b78       0x54 build/i2c.o
                0x20004b78                hi2c1
 .bss.htim11    0x20004bcc       0x48 build/tim.o
                0x20004bcc                htim11
 .bss.htim10    0x20004c14       0x48 build/tim.o
                0x20004c14                htim10
 .bss.htim4     0x20004c5c       0x48 build/tim.o
                0x20004c5c                htim4
 .bss.htim3     0x20004ca4       0x48 build/tim.o
                0x20004ca4                htim3
 .bss.htim2     0x20004cec       0x48 build/tim.o
                0x20004cec                htim2
 .bss.defaultTaskControlBlock
                0x20004d34       0x5c build/freertos.o
                0x20004d34                defaultTaskControlBlock
 .bss.defaultTaskBuffer
                0x20004d90     0x2ee0 build/freertos.o
                0x20004d90                defaultTaskBuffer
 .bss.defaultTaskHandle
                0x20007c70        0x4 build/freertos.o
                0x20007c70                defaultTaskHandle
 *(COMMON)
                0x20007c74                        . = ALIGN (0x4)
                0x20007c74                        _ebss = .
                0x20007c74                        __bss_end__ = _ebss

._user_heap_stack
                0x20007c74      0x604 load address 0x08004f4c
                0x20007c78                        . = ALIGN (0x8)
 *fill*         0x20007c74        0x4 
                [!provide]                        PROVIDE (end = .)
                0x20007c78                        PROVIDE (_end = .)
                0x20007e78                        . = (. + _Min_Heap_Size)
 *fill*         0x20007c78      0x200 
                0x20008278                        . = (. + _Min_Stack_Size)
 *fill*         0x20007e78      0x400 
                0x20008278                        . = ALIGN (0x8)

/DISCARD/
 libc.a(*)
 libm.a(*)
 libgcc.a(*)
OUTPUT(build/microros.elf elf32-littlearm)
LOAD linker stubs
LOAD /opt/st/stm32cubeide_2.1.1/plugins/com.st.stm32cube.ide.mcu.externaltools.gnu-tools-for-stm32.14.3.rel1.linux64_1.0.100.202602081740/tools/bin/../lib/gcc/arm-none-eabi/14.3.1/../../../../arm-none-eabi/lib/thumb/v7e-m+fp/hard/libc.a
LOAD /opt/st/stm32cubeide_2.1.1/plugins/com.st.stm32cube.ide.mcu.externaltools.gnu-tools-for-stm32.14.3.rel1.linux64_1.0.100.202602081740/tools/bin/../lib/gcc/arm-none-eabi/14.3.1/../../../../arm-none-eabi/lib/thumb/v7e-m+fp/hard/libm.a
LOAD /opt/st/stm32cubeide_2.1.1/plugins/com.st.stm32cube.ide.mcu.externaltools.gnu-tools-for-stm32.14.3.rel1.linux64_1.0.100.202602081740/tools/bin/../lib/gcc/arm-none-eabi/14.3.1/thumb/v7e-m+fp/hard/libgcc.a

.ARM.attributes
                0x00000000       0x30
 .ARM.attributes
                0x00000000       0x22 /opt/st/stm32cubeide_2.1.1/plugins/com.st.stm32cube.ide.mcu.externaltools.gnu-tools-for-stm32.14.3.rel1.linux64_1.0.100.202602081740/tools/bin/../lib/gcc/arm-none-eabi/14.3.1/thumb/v7e-m+fp/hard/crti.o
 .ARM.attributes
                0x00000022       0x34 /opt/st/stm32cubeide_2.1.1/plugins/com.st.stm32cube.ide.mcu.externaltools.gnu-tools-for-stm32.14.3.rel1.linux64_1.0.100.202602081740/tools/bin/../lib/gcc/arm-none-eabi/14.3.1/thumb/v7e-m+fp/hard/crtbegin.o
 .ARM.attributes
                0x00000056       0x34 build/main.o
 .ARM.attributes
                0x0000008a       0x34 build/gpio.o
 .ARM.attributes
                0x000000be       0x34 build/dma.o
 .ARM.attributes
                0x000000f2       0x34 build/usart.o
 .ARM.attributes
                0x00000126       0x34 build/stm32f4xx_it.o
 .ARM.attributes
                0x0000015a       0x34 build/stm32f4xx_hal_msp.o
 .ARM.attributes
                0x0000018e       0x34 build/stm32f4xx_hal_timebase_tim.o
 .ARM.attributes
                0x000001c2       0x34 build/stm32f4xx_hal_tim.o
 .ARM.attributes
                0x000001f6       0x34 build/stm32f4xx_hal_tim_ex.o
 .ARM.attributes
                0x0000022a       0x34 build/stm32f4xx_hal_rcc.o
 .ARM.attributes
                0x0000025e       0x34 build/stm32f4xx_hal_gpio.o
 .ARM.attributes
                0x00000292       0x34 build/stm32f4xx_hal_dma.o
 .ARM.attributes
                0x000002c6       0x34 build/stm32f4xx_hal_cortex.o
 .ARM.attributes
                0x000002fa       0x34 build/stm32f4xx_hal.o
 .ARM.attributes
                0x0000032e       0x34 build/stm32f4xx_hal_uart.o
 .ARM.attributes
                0x00000362       0x34 build/system_stm32f4xx.o
 .ARM.attributes
                0x00000396       0x34 build/list.o
 .ARM.attributes
                0x000003ca       0x34 build/queue.o
 .ARM.attributes
                0x000003fe       0x34 build/tasks.o
 .ARM.attributes
                0x00000432       0x34 build/timers.o
 .ARM.attributes
                0x00000466       0x34 build/cmsis_os2.o
 .ARM.attributes
                0x0000049a       0x34 build/heap_4.o
 .ARM.attributes
                0x000004ce       0x34 build/port.o
 .ARM.attributes
                0x00000502       0x34 build/adc.o
 .ARM.attributes
                0x00000536       0x34 build/i2c.o
 .ARM.attributes
                0x0000056a       0x34 build/tim.o
 .ARM.attributes
                0x0000059e       0x34 build/stm32f4xx_hal_adc.o
 .ARM.attributes
                0x000005d2       0x34 build/stm32f4xx_hal_i2c.o
 .ARM.attributes
                0x00000606       0x34 build/freertos.o
 .ARM.attributes
                0x0000063a       0x21 build/startup_stm32f401xe.o
 .ARM.attributes
                0x0000065b       0x34 /opt/st/stm32cubeide_2.1.1/plugins/com.st.stm32cube.ide.mcu.externaltools.gnu-tools-for-stm32.14.3.rel1.linux64_1.0.100.202602081740/tools/bin/../lib/gcc/arm-none-eabi/14.3.1/../../../../arm-none-eabi/lib/thumb/v7e-m+fp/hard/libc_nano.a(libc_a-memset.o)
 .ARM.attributes
                0x0000068f       0x34 /opt/st/stm32cubeide_2.1.1/plugins/com.st.stm32cube.ide.mcu.externaltools.gnu-tools-for-stm32.14.3.rel1.linux64_1.0.100.202602081740/tools/bin/../lib/gcc/arm-none-eabi/14.3.1/../../../../arm-none-eabi/lib/thumb/v7e-m+fp/hard/libc_nano.a(libc_a-init.o)
 .ARM.attributes
                0x000006c3       0x34 /opt/st/stm32cubeide_2.1.1/plugins/com.st.stm32cube.ide.mcu.externaltools.gnu-tools-for-stm32.14.3.rel1.linux64_1.0.100.202602081740/tools/bin/../lib/gcc/arm-none-eabi/14.3.1/../../../../arm-none-eabi/lib/thumb/v7e-m+fp/hard/libc_nano.a(libc_a-memcpy-stub.o)
 .ARM.attributes
                0x000006f7       0x22 /opt/st/stm32cubeide_2.1.1/plugins/com.st.stm32cube.ide.mcu.externaltools.gnu-tools-for-stm32.14.3.rel1.linux64_1.0.100.202602081740/tools/bin/../lib/gcc/arm-none-eabi/14.3.1/thumb/v7e-m+fp/hard/libgcc.a(_aeabi_uldivmod.o)
 .ARM.attributes
                0x00000719       0x34 /opt/st/stm32cubeide_2.1.1/plugins/com.st.stm32cube.ide.mcu.externaltools.gnu-tools-for-stm32.14.3.rel1.linux64_1.0.100.202602081740/tools/bin/../lib/gcc/arm-none-eabi/14.3.1/thumb/v7e-m+fp/hard/libgcc.a(_udivmoddi4.o)
 .ARM.attributes
                0x0000074d       0x22 /opt/st/stm32cubeide_2.1.1/plugins/com.st.stm32cube.ide.mcu.externaltools.gnu-tools-for-stm32.14.3.rel1.linux64_1.0.100.202602081740/tools/bin/../lib/gcc/arm-none-eabi/14.3.1/thumb/v7e-m+fp/hard/libgcc.a(_dvmd_tls.o)
 .ARM.attributes
                0x0000076f       0x22 /opt/st/stm32cubeide_2.1.1/plugins/com.st.stm32cube.ide.mcu.externaltools.gnu-tools-for-stm32.14.3.rel1.linux64_1.0.100.202602081740/tools/bin/../lib/gcc/arm-none-eabi/14.3.1/thumb/v7e-m+fp/hard/crtn.o

.comment        0x00000000       0x43
 .comment       0x00000000       0x43 build/main.o
                                 0x44 (size before relaxing)
 .comment       0x00000043       0x44 build/gpio.o
 .comment       0x00000043       0x44 build/dma.o
 .comment       0x00000043       0x44 build/usart.o
 .comment       0x00000043       0x44 build/stm32f4xx_it.o
 .comment       0x00000043       0x44 build/stm32f4xx_hal_msp.o
 .comment       0x00000043       0x44 build/stm32f4xx_hal_timebase_tim.o
 .comment       0x00000043       0x44 build/stm32f4xx_hal_tim.o
 .comment       0x00000043       0x44 build/stm32f4xx_hal_tim_ex.o
 .comment       0x00000043       0x44 build/stm32f4xx_hal_rcc.o
 .comment       0x00000043       0x44 build/stm32f4xx_hal_gpio.o
 .comment       0x00000043       0x44 build/stm32f4xx_hal_dma.o
 .comment       0x00000043       0x44 build/stm32f4xx_hal_cortex.o
 .comment       0x00000043       0x44 build/stm32f4xx_hal.o
 .comment       0x00000043       0x44 build/stm32f4xx_hal_uart.o
 .comment       0x00000043       0x44 build/system_stm32f4xx.o
 .comment       0x00000043       0x44 build/list.o
 .comment       0x00000043       0x44 build/queue.o
 .comment       0x00000043       0x44 build/tasks.o
 .comment       0x00000043       0x44 build/timers.o
 .comment       0x00000043       0x44 build/cmsis_os2.o
 .comment       0x00000043       0x44 build/heap_4.o
 .comment       0x00000043       0x44 build/port.o
 .comment       0x00000043       0x44 build/adc.o
 .comment       0x00000043       0x44 build/i2c.o
 .comment       0x00000043       0x44 build/tim.o
 .comment       0x00000043       0x44 build/stm32f4xx_hal_adc.o
 .comment       0x00000043       0x44 build/stm32f4xx_hal_i2c.o
 .comment       0x00000043       0x44 build/freertos.o

.debug_info     0x00000000    0x28c3f
 .debug_info    0x00000000      0xe53 build/main.o
 .debug_info    0x00000e53      0x7e7 build/gpio.o
 .debug_info    0x0000163a      0x583 build/dma.o
 .debug_info    0x00001bbd      0xe1a build/usart.o
 .debug_info    0x000029d7      0xc2d build/stm32f4xx_it.o
 .debug_info    0x00003604      0x4f6 build/stm32f4xx_hal_msp.o
 .debug_info    0x00003afa      0xd59 build/stm32f4xx_hal_timebase_tim.o
 .debug_info    0x00004853     0x4198 build/stm32f4xx_hal_tim.o
 .debug_info    0x000089eb     0x1d8f build/stm32f4xx_hal_tim_ex.o
 .debug_info    0x0000a77a      0xc4c build/stm32f4xx_hal_rcc.o
 .debug_info    0x0000b3c6      0x872 build/stm32f4xx_hal_gpio.o
 .debug_info    0x0000bc38      0xbc6 build/stm32f4xx_hal_dma.o
 .debug_info    0x0000c7fe     0x114a build/stm32f4xx_hal_cortex.o
 .debug_info    0x0000d948      0xa8a build/stm32f4xx_hal.o
 .debug_info    0x0000e3d2     0x43ad build/stm32f4xx_hal_uart.o
 .debug_info    0x0001277f      0x5e5 build/system_stm32f4xx.o
 .debug_info    0x00012d64      0x30f build/list.o
 .debug_info    0x00013073     0x2a48 build/queue.o
 .debug_info    0x00015abb     0x33ae build/tasks.o
 .debug_info    0x00018e69     0x1d2b build/timers.o
 .debug_info    0x0001ab94     0x5323 build/cmsis_os2.o
 .debug_info    0x0001feb7      0x60c build/heap_4.o
 .debug_info    0x000204c3      0x5c2 build/port.o
 .debug_info    0x00020a85      0xd03 build/adc.o
 .debug_info    0x00021788      0xbbe build/i2c.o
 .debug_info    0x00022346     0x16ad build/tim.o
 .debug_info    0x000239f3     0x1052 build/stm32f4xx_hal_adc.o
 .debug_info    0x00024a45     0x3c18 build/stm32f4xx_hal_i2c.o
 .debug_info    0x0002865d      0x5b2 build/freertos.o
 .debug_info    0x00028c0f       0x30 build/startup_stm32f401xe.o

.debug_abbrev   0x00000000     0x4b25
 .debug_abbrev  0x00000000      0x275 build/main.o
 .debug_abbrev  0x00000275      0x17e build/gpio.o
 .debug_abbrev  0x000003f3      0x12f build/dma.o
 .debug_abbrev  0x00000522      0x240 build/usart.o
 .debug_abbrev  0x00000762      0x1dd build/stm32f4xx_it.o
 .debug_abbrev  0x0000093f      0x122 build/stm32f4xx_hal_msp.o
 .debug_abbrev  0x00000a61      0x23e build/stm32f4xx_hal_timebase_tim.o
 .debug_abbrev  0x00000c9f      0x2ce build/stm32f4xx_hal_tim.o
 .debug_abbrev  0x00000f6d      0x2c8 build/stm32f4xx_hal_tim_ex.o
 .debug_abbrev  0x00001235      0x2de build/stm32f4xx_hal_rcc.o
 .debug_abbrev  0x00001513      0x22b build/stm32f4xx_hal_gpio.o
 .debug_abbrev  0x0000173e      0x2be build/stm32f4xx_hal_dma.o
 .debug_abbrev  0x000019fc      0x3ca build/stm32f4xx_hal_cortex.o
 .debug_abbrev  0x00001dc6      0x275 build/stm32f4xx_hal.o
 .debug_abbrev  0x0000203b      0x377 build/stm32f4xx_hal_uart.o
 .debug_abbrev  0x000023b2      0x11b build/system_stm32f4xx.o
 .debug_abbrev  0x000024cd      0x124 build/list.o
 .debug_abbrev  0x000025f1      0x431 build/queue.o
 .debug_abbrev  0x00002a22      0x400 build/tasks.o
 .debug_abbrev  0x00002e22      0x3d4 build/timers.o
 .debug_abbrev  0x000031f6      0x5db build/cmsis_os2.o
 .debug_abbrev  0x000037d1      0x27a build/heap_4.o
 .debug_abbrev  0x00003a4b      0x2af build/port.o
 .debug_abbrev  0x00003cfa      0x210 build/adc.o
 .debug_abbrev  0x00003f0a      0x208 build/i2c.o
 .debug_abbrev  0x00004112      0x2af build/tim.o
 .debug_abbrev  0x000043c1      0x287 build/stm32f4xx_hal_adc.o
 .debug_abbrev  0x00004648      0x339 build/stm32f4xx_hal_i2c.o
 .debug_abbrev  0x00004981      0x187 build/freertos.o
 .debug_abbrev  0x00004b08       0x1d build/startup_stm32f401xe.o

.debug_loc      0x00000000    0x23ca4
 .debug_loc     0x00000000       0xd4 build/main.o
 .debug_loc     0x000000d4       0x39 build/gpio.o
 .debug_loc     0x0000010d       0x38 build/dma.o
 .debug_loc     0x00000145      0x101 build/usart.o
 .debug_loc     0x00000246      0x100 build/stm32f4xx_it.o
 .debug_loc     0x00000346       0x38 build/stm32f4xx_hal_msp.o
 .debug_loc     0x0000037e      0x10f build/stm32f4xx_hal_timebase_tim.o
 .debug_loc     0x0000048d     0x6154 build/stm32f4xx_hal_tim.o
 .debug_loc     0x000065e1     0x22c1 build/stm32f4xx_hal_tim_ex.o
 .debug_loc     0x000088a2      0x712 build/stm32f4xx_hal_rcc.o
 .debug_loc     0x00008fb4      0x60b build/stm32f4xx_hal_gpio.o
 .debug_loc     0x000095bf      0xe82 build/stm32f4xx_hal_dma.o
 .debug_loc     0x0000a441      0x8ff build/stm32f4xx_hal_cortex.o
 .debug_loc     0x0000ad40      0x1f9 build/stm32f4xx_hal.o
 .debug_loc     0x0000af39     0x507d build/stm32f4xx_hal_uart.o
 .debug_loc     0x0000ffb6       0xb0 build/system_stm32f4xx.o
 .debug_loc     0x00010066       0xeb build/list.o
 .debug_loc     0x00010151     0x212d build/queue.o
 .debug_loc     0x0001227e     0x2c36 build/tasks.o
 .debug_loc     0x00014eb4     0x170b build/timers.o
 .debug_loc     0x000165bf     0x65e1 build/cmsis_os2.o
 .debug_loc     0x0001cba0      0x504 build/heap_4.o
 .debug_loc     0x0001d0a4      0x1c6 build/port.o
 .debug_loc     0x0001d26a      0x125 build/adc.o
 .debug_loc     0x0001d38f       0xfd build/i2c.o
 .debug_loc     0x0001d48c      0x435 build/tim.o
 .debug_loc     0x0001d8c1      0xf2a build/stm32f4xx_hal_adc.o
 .debug_loc     0x0001e7eb     0x544e build/stm32f4xx_hal_i2c.o
 .debug_loc     0x00023c39       0x6b build/freertos.o

.debug_aranges  0x00000000     0x1900
 .debug_aranges
                0x00000000       0x38 build/main.o
 .debug_aranges
                0x00000038       0x20 build/gpio.o
 .debug_aranges
                0x00000058       0x20 build/dma.o
 .debug_aranges
                0x00000078       0x30 build/usart.o
 .debug_aranges
                0x000000a8       0x88 build/stm32f4xx_it.o
 .debug_aranges
                0x00000130       0x20 build/stm32f4xx_hal_msp.o
 .debug_aranges
                0x00000150       0x30 build/stm32f4xx_hal_timebase_tim.o
 .debug_aranges
                0x00000180      0x3d0 build/stm32f4xx_hal_tim.o
 .debug_aranges
                0x00000550      0x168 build/stm32f4xx_hal_tim_ex.o
 .debug_aranges
                0x000006b8       0x88 build/stm32f4xx_hal_rcc.o
 .debug_aranges
                0x00000740       0x58 build/stm32f4xx_hal_gpio.o
 .debug_aranges
                0x00000798       0x90 build/stm32f4xx_hal_dma.o
 .debug_aranges
                0x00000828       0xf8 build/stm32f4xx_hal_cortex.o
 .debug_aranges
                0x00000920       0xf0 build/stm32f4xx_hal.o
 .debug_aranges
                0x00000a10      0x208 build/stm32f4xx_hal_uart.o
 .debug_aranges
                0x00000c18       0x28 build/system_stm32f4xx.o
 .debug_aranges
                0x00000c40       0x40 build/list.o
 .debug_aranges
                0x00000c80      0x158 build/queue.o
 .debug_aranges
                0x00000dd8      0x208 build/tasks.o
 .debug_aranges
                0x00000fe0       0xf0 build/timers.o
 .debug_aranges
                0x000010d0      0x2a0 build/cmsis_os2.o
 .debug_aranges
                0x00001370       0x58 build/heap_4.o
 .debug_aranges
                0x000013c8       0x80 build/port.o
 .debug_aranges
                0x00001448       0x30 build/adc.o
 .debug_aranges
                0x00001478       0x30 build/i2c.o
 .debug_aranges
                0x000014a8       0x78 build/tim.o
 .debug_aranges
                0x00001520       0xe8 build/stm32f4xx_hal_adc.o
 .debug_aranges
                0x00001608      0x2a8 build/stm32f4xx_hal_i2c.o
 .debug_aranges
                0x000018b0       0x28 build/freertos.o
 .debug_aranges
                0x000018d8       0x28 build/startup_stm32f401xe.o

.debug_ranges   0x00000000     0x1980
 .debug_ranges  0x00000000       0x28 build/main.o
 .debug_ranges  0x00000028       0x10 build/gpio.o
 .debug_ranges  0x00000038       0x10 build/dma.o
 .debug_ranges  0x00000048       0x20 build/usart.o
 .debug_ranges  0x00000068       0x78 build/stm32f4xx_it.o
 .debug_ranges  0x000000e0       0x10 build/stm32f4xx_hal_msp.o
 .debug_ranges  0x000000f0       0x20 build/stm32f4xx_hal_timebase_tim.o
 .debug_ranges  0x00000110      0x3c0 build/stm32f4xx_hal_tim.o
 .debug_ranges  0x000004d0      0x158 build/stm32f4xx_hal_tim_ex.o
 .debug_ranges  0x00000628       0x90 build/stm32f4xx_hal_rcc.o
 .debug_ranges  0x000006b8       0x48 build/stm32f4xx_hal_gpio.o
 .debug_ranges  0x00000700       0x80 build/stm32f4xx_hal_dma.o
 .debug_ranges  0x00000780       0xe8 build/stm32f4xx_hal_cortex.o
 .debug_ranges  0x00000868       0xe0 build/stm32f4xx_hal.o
 .debug_ranges  0x00000948      0x1f8 build/stm32f4xx_hal_uart.o
 .debug_ranges  0x00000b40       0x18 build/system_stm32f4xx.o
 .debug_ranges  0x00000b58       0x30 build/list.o
 .debug_ranges  0x00000b88      0x218 build/queue.o
 .debug_ranges  0x00000da0      0x338 build/tasks.o
 .debug_ranges  0x000010d8       0xe0 build/timers.o
 .debug_ranges  0x000011b8      0x290 build/cmsis_os2.o
 .debug_ranges  0x00001448       0x48 build/heap_4.o
 .debug_ranges  0x00001490       0x88 build/port.o
 .debug_ranges  0x00001518       0x20 build/adc.o
 .debug_ranges  0x00001538       0x20 build/i2c.o
 .debug_ranges  0x00001558       0x68 build/tim.o
 .debug_ranges  0x000015c0       0xd8 build/stm32f4xx_hal_adc.o
 .debug_ranges  0x00001698      0x2b0 build/stm32f4xx_hal_i2c.o
 .debug_ranges  0x00001948       0x18 build/freertos.o
 .debug_ranges  0x00001960       0x20 build/startup_stm32f401xe.o

.debug_line     0x00000000    0x1eb72
 .debug_line    0x00000000      0x47d build/main.o
 .debug_line    0x0000047d      0x2de build/gpio.o
 .debug_line    0x0000075b      0x23d build/dma.o
 .debug_line    0x00000998      0x467 build/usart.o
 .debug_line    0x00000dff      0x3d3 build/stm32f4xx_it.o
 .debug_line    0x000011d2      0x246 build/stm32f4xx_hal_msp.o
 .debug_line    0x00001418      0x37c build/stm32f4xx_hal_timebase_tim.o
 .debug_line    0x00001794     0x4656 build/stm32f4xx_hal_tim.o
 .debug_line    0x00005dea     0x1a47 build/stm32f4xx_hal_tim_ex.o
 .debug_line    0x00007831      0xc76 build/stm32f4xx_hal_rcc.o
 .debug_line    0x000084a7      0x76d build/stm32f4xx_hal_gpio.o
 .debug_line    0x00008c14      0xecc build/stm32f4xx_hal_dma.o
 .debug_line    0x00009ae0      0x8de build/stm32f4xx_hal_cortex.o
 .debug_line    0x0000a3be      0x61d build/stm32f4xx_hal.o
 .debug_line    0x0000a9db     0x34c2 build/stm32f4xx_hal_uart.o
 .debug_line    0x0000de9d      0x301 build/system_stm32f4xx.o
 .debug_line    0x0000e19e      0x409 build/list.o
 .debug_line    0x0000e5a7     0x1c30 build/queue.o
 .debug_line    0x000101d7     0x2764 build/tasks.o
 .debug_line    0x0001293b      0xe28 build/timers.o
 .debug_line    0x00013763     0x2d59 build/cmsis_os2.o
 .debug_line    0x000164bc      0x7e5 build/heap_4.o
 .debug_line    0x00016ca1      0x672 build/port.o
 .debug_line    0x00017313      0x491 build/adc.o
 .debug_line    0x000177a4      0x37a build/i2c.o
 .debug_line    0x00017b1e      0x83e build/tim.o
 .debug_line    0x0001835c     0x106a build/stm32f4xx_hal_adc.o
 .debug_line    0x000193c6     0x547d build/stm32f4xx_hal_i2c.o
 .debug_line    0x0001e843      0x2bc build/freertos.o
 .debug_line    0x0001eaff       0x73 build/startup_stm32f401xe.o

.debug_str      0x00000000     0x7f3e
 .debug_str     0x00000000     0x7f3e build/main.o
                                0xb06 (size before relaxing)
 .debug_str     0x00007f3e      0x725 build/gpio.o
 .debug_str     0x00007f3e      0x658 build/dma.o
 .debug_str     0x00007f3e      0xc2f build/usart.o
 .debug_str     0x00007f3e      0xa78 build/stm32f4xx_it.o
 .debug_str     0x00007f3e      0x653 build/stm32f4xx_hal_msp.o
 .debug_str     0x00007f3e      0xce7 build/stm32f4xx_hal_timebase_tim.o
 .debug_str     0x00007f3e     0x16da build/stm32f4xx_hal_tim.o
 .debug_str     0x00007f3e      0xee6 build/stm32f4xx_hal_tim_ex.o
 .debug_str     0x00007f3e      0x6f3 build/stm32f4xx_hal_rcc.o
 .debug_str     0x00007f3e      0x4cd build/stm32f4xx_hal_gpio.o
 .debug_str     0x00007f3e      0x751 build/stm32f4xx_hal_dma.o
 .debug_str     0x00007f3e      0xaee build/stm32f4xx_hal_cortex.o
 .debug_str     0x00007f3e      0x9ef build/stm32f4xx_hal.o
 .debug_str     0x00007f3e      0xd76 build/stm32f4xx_hal_uart.o
 .debug_str     0x00007f3e      0x362 build/system_stm32f4xx.o
 .debug_str     0x00007f3e      0x2dd build/list.o
 .debug_str     0x00007f3e      0xcf3 build/queue.o
 .debug_str     0x00007f3e     0x12c2 build/tasks.o
 .debug_str     0x00007f3e      0xc23 build/timers.o
 .debug_str     0x00007f3e     0x203c build/cmsis_os2.o
 .debug_str     0x00007f3e      0x4f6 build/heap_4.o
 .debug_str     0x00007f3e      0x45d build/port.o
 .debug_str     0x00007f3e      0x800 build/adc.o
 .debug_str     0x00007f3e      0x89c build/i2c.o
 .debug_str     0x00007f3e      0xfef build/tim.o
 .debug_str     0x00007f3e      0x93d build/stm32f4xx_hal_adc.o
 .debug_str     0x00007f3e     0x101d build/stm32f4xx_hal_i2c.o
 .debug_str     0x00007f3e      0x7e7 build/freertos.o
 .debug_str     0x00007f3e       0x5d build/startup_stm32f401xe.o

.debug_frame    0x00000000     0x4868
 .debug_frame   0x00000000       0x74 build/main.o
 .debug_frame   0x00000074       0x38 build/gpio.o
 .debug_frame   0x000000ac       0x30 build/dma.o
 .debug_frame   0x000000dc       0x64 build/usart.o
 .debug_frame   0x00000140      0x130 build/stm32f4xx_it.o
 .debug_frame   0x00000270       0x2c build/stm32f4xx_hal_msp.o
 .debug_frame   0x0000029c       0x54 build/stm32f4xx_hal_timebase_tim.o
 .debug_frame   0x000002f0      0xb14 build/stm32f4xx_hal_tim.o
 .debug_frame   0x00000e04      0x40c build/stm32f4xx_hal_tim_ex.o
 .debug_frame   0x00001210      0x16c build/stm32f4xx_hal_rcc.o
 .debug_frame   0x0000137c       0xd8 build/stm32f4xx_hal_gpio.o
 .debug_frame   0x00001454      0x184 build/stm32f4xx_hal_dma.o
 .debug_frame   0x000015d8      0x214 build/stm32f4xx_hal_cortex.o
 .debug_frame   0x000017ec      0x1ec build/stm32f4xx_hal.o
 .debug_frame   0x000019d8      0x5e0 build/stm32f4xx_hal_uart.o
 .debug_frame   0x00001fb8       0x30 build/system_stm32f4xx.o
 .debug_frame   0x00001fe8       0x70 build/list.o
 .debug_frame   0x00002058      0x458 build/queue.o
 .debug_frame   0x000024b0      0x694 build/tasks.o
 .debug_frame   0x00002b44      0x30c build/timers.o
 .debug_frame   0x00002e50      0x90c build/cmsis_os2.o
 .debug_frame   0x0000375c       0xcc build/heap_4.o
 .debug_frame   0x00003828      0x110 build/port.o
 .debug_frame   0x00003938       0x70 build/adc.o
 .debug_frame   0x000039a8       0x64 build/i2c.o
 .debug_frame   0x00003a0c      0x160 build/tim.o
 .debug_frame   0x00003b6c      0x264 build/stm32f4xx_hal_adc.o
 .debug_frame   0x00003dd0      0x984 build/stm32f4xx_hal_i2c.o
 .debug_frame   0x00004754       0x40 build/freertos.o
 .debug_frame   0x00004794       0x20 /opt/st/stm32cubeide_2.1.1/plugins/com.st.stm32cube.ide.mcu.externaltools.gnu-tools-for-stm32.14.3.rel1.linux64_1.0.100.202602081740/tools/bin/../lib/gcc/arm-none-eabi/14.3.1/../../../../arm-none-eabi/lib/thumb/v7e-m+fp/hard/libc_nano.a(libc_a-memset.o)
 .debug_frame   0x000047b4       0x2c /opt/st/stm32cubeide_2.1.1/plugins/com.st.stm32cube.ide.mcu.externaltools.gnu-tools-for-stm32.14.3.rel1.linux64_1.0.100.202602081740/tools/bin/../lib/gcc/arm-none-eabi/14.3.1/../../../../arm-none-eabi/lib/thumb/v7e-m+fp/hard/libc_nano.a(libc_a-init.o)
 .debug_frame   0x000047e0       0x28 /opt/st/stm32cubeide_2.1.1/plugins/com.st.stm32cube.ide.mcu.externaltools.gnu-tools-for-stm32.14.3.rel1.linux64_1.0.100.202602081740/tools/bin/../lib/gcc/arm-none-eabi/14.3.1/../../../../arm-none-eabi/lib/thumb/v7e-m+fp/hard/libc_nano.a(libc_a-memcpy-stub.o)
 .debug_frame   0x00004808       0x2c /opt/st/stm32cubeide_2.1.1/plugins/com.st.stm32cube.ide.mcu.externaltools.gnu-tools-for-stm32.14.3.rel1.linux64_1.0.100.202602081740/tools/bin/../lib/gcc/arm-none-eabi/14.3.1/thumb/v7e-m+fp/hard/libgcc.a(_aeabi_uldivmod.o)
 .debug_frame   0x00004834       0x34 /opt/st/stm32cubeide_2.1.1/plugins/com.st.stm32cube.ide.mcu.externaltools.gnu-tools-for-stm32.14.3.rel1.linux64_1.0.100.202602081740/tools/bin/../lib/gcc/arm-none-eabi/14.3.1/thumb/v7e-m+fp/hard/libgcc.a(_udivmoddi4.o)

Cross Reference Table

Symbol                                            File
ADC_IRQHandler                                    build/startup_stm32f401xe.o
AHBPrescTable                                     build/system_stm32f4xx.o
                                                  build/stm32f4xx_hal_rcc.o
APBPrescTable                                     build/system_stm32f4xx.o
                                                  build/stm32f4xx_hal_rcc.o
BusFault_Handler                                  build/stm32f4xx_it.o
DMA1_Stream0_IRQHandler                           build/startup_stm32f401xe.o
DMA1_Stream1_IRQHandler                           build/startup_stm32f401xe.o
DMA1_Stream2_IRQHandler                           build/startup_stm32f401xe.o
DMA1_Stream3_IRQHandler                           build/startup_stm32f401xe.o
DMA1_Stream4_IRQHandler                           build/startup_stm32f401xe.o
DMA1_Stream5_IRQHandler                           build/stm32f4xx_it.o
DMA1_Stream6_IRQHandler                           build/stm32f4xx_it.o
DMA1_Stream7_IRQHandler                           build/startup_stm32f401xe.o
DMA2_Stream0_IRQHandler                           build/stm32f4xx_it.o
DMA2_Stream1_IRQHandler                           build/startup_stm32f401xe.o
DMA2_Stream2_IRQHandler                           build/startup_stm32f401xe.o
DMA2_Stream3_IRQHandler                           build/startup_stm32f401xe.o
DMA2_Stream4_IRQHandler                           build/startup_stm32f401xe.o
DMA2_Stream5_IRQHandler                           build/startup_stm32f401xe.o
DMA2_Stream6_IRQHandler                           build/startup_stm32f401xe.o
DMA2_Stream7_IRQHandler                           build/startup_stm32f401xe.o
DebugMon_Handler                                  build/stm32f4xx_it.o
Default_Handler                                   build/startup_stm32f401xe.o
EXTI0_IRQHandler                                  build/stm32f4xx_it.o
EXTI15_10_IRQHandler                              build/stm32f4xx_it.o
EXTI1_IRQHandler                                  build/startup_stm32f401xe.o
EXTI2_IRQHandler                                  build/startup_stm32f401xe.o
EXTI3_IRQHandler                                  build/startup_stm32f401xe.o
EXTI4_IRQHandler                                  build/startup_stm32f401xe.o
EXTI9_5_IRQHandler                                build/startup_stm32f401xe.o
Encoder_GetState                                  build/encoder.o
Encoder_Init                                      build/encoder.o
Encoder_Update_ISR                                build/encoder.o
Encoder_Z_ISR                                     build/encoder.o
Error_Handler                                     build/main.o
                                                  build/tim.o
                                                  build/i2c.o
                                                  build/adc.o
                                                  build/usart.o
FLASH_Erase_Sector                                build/stm32f4xx_hal_flash_ex.o
                                                  build/stm32f4xx_hal_flash.o
FLASH_FlushCaches                                 build/stm32f4xx_hal_flash_ex.o
                                                  build/stm32f4xx_hal_flash.o
FLASH_IRQHandler                                  build/startup_stm32f401xe.o
FLASH_WaitForLastOperation                        build/stm32f4xx_hal_flash.o
                                                  build/stm32f4xx_hal_flash_ex.o
FPU_IRQHandler                                    build/startup_stm32f401xe.o
HAL_ADCEx_InjectedConfigChannel                   build/stm32f4xx_hal_adc_ex.o
HAL_ADCEx_InjectedConvCpltCallback                build/stm32f4xx_hal_adc_ex.o
                                                  build/stm32f4xx_hal_adc.o
HAL_ADCEx_InjectedGetValue                        build/stm32f4xx_hal_adc_ex.o
HAL_ADCEx_InjectedPollForConversion               build/stm32f4xx_hal_adc_ex.o
HAL_ADCEx_InjectedStart                           build/stm32f4xx_hal_adc_ex.o
HAL_ADCEx_InjectedStart_IT                        build/stm32f4xx_hal_adc_ex.o
HAL_ADCEx_InjectedStop                            build/stm32f4xx_hal_adc_ex.o
HAL_ADCEx_InjectedStop_IT                         build/stm32f4xx_hal_adc_ex.o
HAL_ADCEx_MultiModeConfigChannel                  build/stm32f4xx_hal_adc_ex.o
HAL_ADCEx_MultiModeGetValue                       build/stm32f4xx_hal_adc_ex.o
HAL_ADCEx_MultiModeStart_DMA                      build/stm32f4xx_hal_adc_ex.o
HAL_ADCEx_MultiModeStop_DMA                       build/stm32f4xx_hal_adc_ex.o
HAL_ADC_AnalogWDGConfig                           build/stm32f4xx_hal_adc.o
HAL_ADC_ConfigChannel                             build/stm32f4xx_hal_adc.o
                                                  build/adc.o
HAL_ADC_ConvCpltCallback                          build/stm32f4xx_hal_adc.o
                                                  build/stm32f4xx_hal_adc_ex.o
HAL_ADC_ConvHalfCpltCallback                      build/stm32f4xx_hal_adc.o
                                                  build/stm32f4xx_hal_adc_ex.o
HAL_ADC_DeInit                                    build/stm32f4xx_hal_adc.o
HAL_ADC_ErrorCallback                             build/stm32f4xx_hal_adc.o
                                                  build/stm32f4xx_hal_adc_ex.o
HAL_ADC_GetError                                  build/stm32f4xx_hal_adc.o
HAL_ADC_GetState                                  build/stm32f4xx_hal_adc.o
HAL_ADC_GetValue                                  build/stm32f4xx_hal_adc.o
HAL_ADC_IRQHandler                                build/stm32f4xx_hal_adc.o
HAL_ADC_Init                                      build/stm32f4xx_hal_adc.o
                                                  build/adc.o
HAL_ADC_LevelOutOfWindowCallback                  build/stm32f4xx_hal_adc.o
HAL_ADC_MspDeInit                                 build/adc.o
HAL_ADC_MspInit                                   build/adc.o
HAL_ADC_PollForConversion                         build/stm32f4xx_hal_adc.o
HAL_ADC_PollForEvent                              build/stm32f4xx_hal_adc.o
HAL_ADC_Start                                     build/stm32f4xx_hal_adc.o
HAL_ADC_Start_DMA                                 build/stm32f4xx_hal_adc.o
HAL_ADC_Start_IT                                  build/stm32f4xx_hal_adc.o
HAL_ADC_Stop                                      build/stm32f4xx_hal_adc.o
HAL_ADC_Stop_DMA                                  build/stm32f4xx_hal_adc.o
HAL_ADC_Stop_IT                                   build/stm32f4xx_hal_adc.o
HAL_CORTEX_ClearEvent                             build/stm32f4xx_hal_cortex.o
HAL_DBGMCU_DisableDBGSleepMode                    build/stm32f4xx_hal.o
HAL_DBGMCU_DisableDBGStandbyMode                  build/stm32f4xx_hal.o
HAL_DBGMCU_DisableDBGStopMode                     build/stm32f4xx_hal.o
HAL_DBGMCU_EnableDBGSleepMode                     build/stm32f4xx_hal.o
HAL_DBGMCU_EnableDBGStandbyMode                   build/stm32f4xx_hal.o
HAL_DBGMCU_EnableDBGStopMode                      build/stm32f4xx_hal.o
HAL_DMAEx_ChangeMemory                            build/stm32f4xx_hal_dma_ex.o
HAL_DMAEx_MultiBufferStart                        build/stm32f4xx_hal_dma_ex.o
HAL_DMAEx_MultiBufferStart_IT                     build/stm32f4xx_hal_dma_ex.o
HAL_DMA_Abort                                     build/stm32f4xx_hal_dma.o
                                                  build/stm32f4xx_hal_adc_ex.o
                                                  build/stm32f4xx_hal_adc.o
                                                  build/stm32f4xx_hal_uart.o
HAL_DMA_Abort_IT                                  build/stm32f4xx_hal_dma.o
                                                  build/stm32f4xx_hal_i2c.o
                                                  build/stm32f4xx_hal_uart.o
                                                  build/stm32f4xx_hal_tim_ex.o
                                                  build/stm32f4xx_hal_tim.o
HAL_DMA_DeInit                                    build/stm32f4xx_hal_dma.o
                                                  build/adc.o
                                                  build/usart.o
HAL_DMA_GetError                                  build/stm32f4xx_hal_dma.o
                                                  build/stm32f4xx_hal_i2c.o
                                                  build/stm32f4xx_hal_uart.o
HAL_DMA_GetState                                  build/stm32f4xx_hal_dma.o
                                                  build/stm32f4xx_hal_i2c.o
HAL_DMA_IRQHandler                                build/stm32f4xx_hal_dma.o
                                                  build/stm32f4xx_it.o
HAL_DMA_Init                                      build/stm32f4xx_hal_dma.o
                                                  build/adc.o
                                                  build/usart.o
HAL_DMA_PollForTransfer                           build/stm32f4xx_hal_dma.o
HAL_DMA_RegisterCallback                          build/stm32f4xx_hal_dma.o
HAL_DMA_Start                                     build/stm32f4xx_hal_dma.o
HAL_DMA_Start_IT                                  build/stm32f4xx_hal_dma.o
                                                  build/stm32f4xx_hal_i2c.o
                                                  build/stm32f4xx_hal_adc_ex.o
                                                  build/stm32f4xx_hal_adc.o
                                                  build/stm32f4xx_hal_uart.o
                                                  build/stm32f4xx_hal_tim_ex.o
                                                  build/stm32f4xx_hal_tim.o
HAL_DMA_UnRegisterCallback                        build/stm32f4xx_hal_dma.o
HAL_DeInit                                        build/stm32f4xx_hal.o
HAL_Delay                                         build/stm32f4xx_hal.o
                                                  build/vl6180.o
                                                  build/speaker.o
HAL_DisableCompensationCell                       build/stm32f4xx_hal.o
HAL_EXTI_ClearConfigLine                          build/stm32f4xx_hal_exti.o
HAL_EXTI_ClearPending                             build/stm32f4xx_hal_exti.o
HAL_EXTI_GenerateSWI                              build/stm32f4xx_hal_exti.o
HAL_EXTI_GetConfigLine                            build/stm32f4xx_hal_exti.o
HAL_EXTI_GetHandle                                build/stm32f4xx_hal_exti.o
HAL_EXTI_GetPending                               build/stm32f4xx_hal_exti.o
HAL_EXTI_IRQHandler                               build/stm32f4xx_hal_exti.o
HAL_EXTI_RegisterCallback                         build/stm32f4xx_hal_exti.o
HAL_EXTI_SetConfigLine                            build/stm32f4xx_hal_exti.o
HAL_EnableCompensationCell                        build/stm32f4xx_hal.o
HAL_FLASHEx_AdvOBGetConfig                        build/stm32f4xx_hal_flash_ex.o
HAL_FLASHEx_AdvOBProgram                          build/stm32f4xx_hal_flash_ex.o
HAL_FLASHEx_Erase                                 build/stm32f4xx_hal_flash_ex.o
HAL_FLASHEx_Erase_IT                              build/stm32f4xx_hal_flash_ex.o
HAL_FLASHEx_OBGetConfig                           build/stm32f4xx_hal_flash_ex.o
HAL_FLASHEx_OBProgram                             build/stm32f4xx_hal_flash_ex.o
HAL_FLASHEx_OB_DeSelectPCROP                      build/stm32f4xx_hal_flash_ex.o
HAL_FLASHEx_OB_SelectPCROP                        build/stm32f4xx_hal_flash_ex.o
HAL_FLASH_EndOfOperationCallback                  build/stm32f4xx_hal_flash.o
HAL_FLASH_GetError                                build/stm32f4xx_hal_flash.o
HAL_FLASH_IRQHandler                              build/stm32f4xx_hal_flash.o
HAL_FLASH_Lock                                    build/stm32f4xx_hal_flash.o
HAL_FLASH_OB_Launch                               build/stm32f4xx_hal_flash.o
HAL_FLASH_OB_Lock                                 build/stm32f4xx_hal_flash.o
HAL_FLASH_OB_Unlock                               build/stm32f4xx_hal_flash.o
HAL_FLASH_OperationErrorCallback                  build/stm32f4xx_hal_flash.o
HAL_FLASH_Program                                 build/stm32f4xx_hal_flash.o
HAL_FLASH_Program_IT                              build/stm32f4xx_hal_flash.o
HAL_FLASH_Unlock                                  build/stm32f4xx_hal_flash.o
HAL_GPIO_DeInit                                   build/stm32f4xx_hal_gpio.o
                                                  build/tim.o
                                                  build/i2c.o
                                                  build/adc.o
                                                  build/usart.o
HAL_GPIO_EXTI_Callback                            build/stm32f4xx_hal_gpio.o
HAL_GPIO_EXTI_IRQHandler                          build/stm32f4xx_hal_gpio.o
                                                  build/stm32f4xx_it.o
HAL_GPIO_Init                                     build/stm32f4xx_hal_gpio.o
                                                  build/tim.o
                                                  build/i2c.o
                                                  build/adc.o
                                                  build/stm32f4xx_hal_rcc.o
                                                  build/usart.o
                                                  build/gpio.o
HAL_GPIO_LockPin                                  build/stm32f4xx_hal_gpio.o
HAL_GPIO_ReadPin                                  build/stm32f4xx_hal_gpio.o
HAL_GPIO_TogglePin                                build/stm32f4xx_hal_gpio.o
HAL_GPIO_WritePin                                 build/stm32f4xx_hal_gpio.o
                                                  build/vl6180.o
                                                  build/gpio.o
HAL_GetDEVID                                      build/stm32f4xx_hal.o
HAL_GetHalVersion                                 build/stm32f4xx_hal.o
HAL_GetREVID                                      build/stm32f4xx_hal.o
HAL_GetTick                                       build/stm32f4xx_hal.o
                                                  build/pid.o
                                                  build/stm32f4xx_hal_i2c.o
                                                  build/stm32f4xx_hal_adc_ex.o
                                                  build/stm32f4xx_hal_adc.o
                                                  build/stm32f4xx_hal_uart.o
                                                  build/stm32f4xx_hal_pwr_ex.o
                                                  build/stm32f4xx_hal_dma.o
                                                  build/stm32f4xx_hal_flash.o
                                                  build/stm32f4xx_hal_rcc_ex.o
                                                  build/stm32f4xx_hal_rcc.o
                                                  build/vl6180.o
HAL_GetTickFreq                                   build/stm32f4xx_hal.o
HAL_GetTickPrio                                   build/stm32f4xx_hal.o
HAL_GetUIDw0                                      build/stm32f4xx_hal.o
HAL_GetUIDw1                                      build/stm32f4xx_hal.o
HAL_GetUIDw2                                      build/stm32f4xx_hal.o
HAL_HalfDuplex_EnableReceiver                     build/stm32f4xx_hal_uart.o
HAL_HalfDuplex_EnableTransmitter                  build/stm32f4xx_hal_uart.o
HAL_HalfDuplex_Init                               build/stm32f4xx_hal_uart.o
HAL_I2CEx_ConfigAnalogFilter                      build/stm32f4xx_hal_i2c_ex.o
HAL_I2CEx_ConfigDigitalFilter                     build/stm32f4xx_hal_i2c_ex.o
HAL_I2C_AbortCpltCallback                         build/stm32f4xx_hal_i2c.o
HAL_I2C_AddrCallback                              build/stm32f4xx_hal_i2c.o
HAL_I2C_DeInit                                    build/stm32f4xx_hal_i2c.o
HAL_I2C_DisableListen_IT                          build/stm32f4xx_hal_i2c.o
HAL_I2C_ER_IRQHandler                             build/stm32f4xx_hal_i2c.o
HAL_I2C_EV_IRQHandler                             build/stm32f4xx_hal_i2c.o
HAL_I2C_EnableListen_IT                           build/stm32f4xx_hal_i2c.o
HAL_I2C_ErrorCallback                             build/stm32f4xx_hal_i2c.o
HAL_I2C_GetError                                  build/stm32f4xx_hal_i2c.o
HAL_I2C_GetMode                                   build/stm32f4xx_hal_i2c.o
HAL_I2C_GetState                                  build/stm32f4xx_hal_i2c.o
HAL_I2C_Init                                      build/stm32f4xx_hal_i2c.o
                                                  build/i2c.o
HAL_I2C_IsDeviceReady                             build/stm32f4xx_hal_i2c.o
                                                  build/vl6180.o
HAL_I2C_ListenCpltCallback                        build/stm32f4xx_hal_i2c.o
HAL_I2C_MasterRxCpltCallback                      build/stm32f4xx_hal_i2c.o
HAL_I2C_MasterTxCpltCallback                      build/stm32f4xx_hal_i2c.o
HAL_I2C_Master_Abort_IT                           build/stm32f4xx_hal_i2c.o
HAL_I2C_Master_Receive                            build/stm32f4xx_hal_i2c.o
                                                  build/vl6180.o
HAL_I2C_Master_Receive_DMA                        build/stm32f4xx_hal_i2c.o
HAL_I2C_Master_Receive_IT                         build/stm32f4xx_hal_i2c.o
HAL_I2C_Master_Seq_Receive_DMA                    build/stm32f4xx_hal_i2c.o
HAL_I2C_Master_Seq_Receive_IT                     build/stm32f4xx_hal_i2c.o
HAL_I2C_Master_Seq_Transmit_DMA                   build/stm32f4xx_hal_i2c.o
HAL_I2C_Master_Seq_Transmit_IT                    build/stm32f4xx_hal_i2c.o
HAL_I2C_Master_Transmit                           build/stm32f4xx_hal_i2c.o
                                                  build/vl6180.o
HAL_I2C_Master_Transmit_DMA                       build/stm32f4xx_hal_i2c.o
HAL_I2C_Master_Transmit_IT                        build/stm32f4xx_hal_i2c.o
HAL_I2C_MemRxCpltCallback                         build/stm32f4xx_hal_i2c.o
HAL_I2C_MemTxCpltCallback                         build/stm32f4xx_hal_i2c.o
HAL_I2C_Mem_Read                                  build/stm32f4xx_hal_i2c.o
                                                  build/vl6180.o
HAL_I2C_Mem_Read_DMA                              build/stm32f4xx_hal_i2c.o
HAL_I2C_Mem_Read_IT                               build/stm32f4xx_hal_i2c.o
HAL_I2C_Mem_Write                                 build/stm32f4xx_hal_i2c.o
HAL_I2C_Mem_Write_DMA                             build/stm32f4xx_hal_i2c.o
HAL_I2C_Mem_Write_IT                              build/stm32f4xx_hal_i2c.o
HAL_I2C_MspDeInit                                 build/i2c.o
HAL_I2C_MspInit                                   build/i2c.o
HAL_I2C_SlaveRxCpltCallback                       build/stm32f4xx_hal_i2c.o
HAL_I2C_SlaveTxCpltCallback                       build/stm32f4xx_hal_i2c.o
HAL_I2C_Slave_Receive                             build/stm32f4xx_hal_i2c.o
HAL_I2C_Slave_Receive_DMA                         build/stm32f4xx_hal_i2c.o
HAL_I2C_Slave_Receive_IT                          build/stm32f4xx_hal_i2c.o
HAL_I2C_Slave_Seq_Receive_DMA                     build/stm32f4xx_hal_i2c.o
HAL_I2C_Slave_Seq_Receive_IT                      build/stm32f4xx_hal_i2c.o
HAL_I2C_Slave_Seq_Transmit_DMA                    build/stm32f4xx_hal_i2c.o
HAL_I2C_Slave_Seq_Transmit_IT                     build/stm32f4xx_hal_i2c.o
HAL_I2C_Slave_Transmit                            build/stm32f4xx_hal_i2c.o
HAL_I2C_Slave_Transmit_DMA                        build/stm32f4xx_hal_i2c.o
HAL_I2C_Slave_Transmit_IT                         build/stm32f4xx_hal_i2c.o
HAL_IncTick                                       build/stm32f4xx_hal.o
                                                  build/main.o
HAL_Init                                          build/stm32f4xx_hal.o
                                                  build/main.o
HAL_InitTick                                      build/stm32f4xx_hal_timebase_tim.o
                                                  build/stm32f4xx_hal_rcc_ex.o
                                                  build/stm32f4xx_hal_rcc.o
HAL_LIN_Init                                      build/stm32f4xx_hal_uart.o
HAL_LIN_SendBreak                                 build/stm32f4xx_hal_uart.o
HAL_MPU_ConfigRegion                              build/stm32f4xx_hal_cortex.o
HAL_MPU_Disable                                   build/stm32f4xx_hal_cortex.o
HAL_MPU_DisableRegion                             build/stm32f4xx_hal_cortex.o
HAL_MPU_Enable                                    build/stm32f4xx_hal_cortex.o
HAL_MPU_EnableRegion                              build/stm32f4xx_hal_cortex.o
HAL_MspDeInit                                     build/stm32f4xx_hal.o
HAL_MspInit                                       build/stm32f4xx_hal_msp.o
HAL_MultiProcessor_EnterMuteMode                  build/stm32f4xx_hal_uart.o
HAL_MultiProcessor_ExitMuteMode                   build/stm32f4xx_hal_uart.o
HAL_MultiProcessor_Init                           build/stm32f4xx_hal_uart.o
HAL_NVIC_ClearPendingIRQ                          build/stm32f4xx_hal_cortex.o
HAL_NVIC_DisableIRQ                               build/stm32f4xx_hal_cortex.o
                                                  build/tim.o
                                                  build/usart.o
HAL_NVIC_EnableIRQ                                build/stm32f4xx_hal_cortex.o
                                                  build/tim.o
                                                  build/stm32f4xx_hal_timebase_tim.o
                                                  build/usart.o
                                                  build/dma.o