ARM GAS  /tmp/ccAH47by.s 			page 1


   1              		.cpu cortex-m4
   2              		.arch armv7e-m
   3              		.fpu fpv4-sp-d16
   4              		.eabi_attribute 27, 1
   5              		.eabi_attribute 28, 1
   6              		.eabi_attribute 20, 1
   7              		.eabi_attribute 21, 1
   8              		.eabi_attribute 23, 3
   9              		.eabi_attribute 24, 1
  10              		.eabi_attribute 25, 1
  11              		.eabi_attribute 26, 1
  12              		.eabi_attribute 30, 1
  13              		.eabi_attribute 34, 1
  14              		.eabi_attribute 18, 4
  15              		.file	"stm32f4xx_it.c"
  16              		.text
  17              	.Ltext0:
  18              		.cfi_sections	.debug_frame
  19              		.file 1 "Core/Src/stm32f4xx_it.c"
  20              		.section	.text.NMI_Handler,"ax",%progbits
  21              		.align	1
  22              		.global	NMI_Handler
  23              		.syntax unified
  24              		.thumb
  25              		.thumb_func
  27              	NMI_Handler:
  28              	.LFB220:
   1:Core/Src/stm32f4xx_it.c **** /* USER CODE BEGIN Header */
   2:Core/Src/stm32f4xx_it.c **** /**
   3:Core/Src/stm32f4xx_it.c ****   ******************************************************************************
   4:Core/Src/stm32f4xx_it.c ****   * @file    stm32f4xx_it.c
   5:Core/Src/stm32f4xx_it.c ****   * @brief   Interrupt Service Routines.
   6:Core/Src/stm32f4xx_it.c ****   ******************************************************************************
   7:Core/Src/stm32f4xx_it.c ****   * @attention
   8:Core/Src/stm32f4xx_it.c ****   *
   9:Core/Src/stm32f4xx_it.c ****   * Copyright (c) 2026 STMicroelectronics.
  10:Core/Src/stm32f4xx_it.c ****   * All rights reserved.
  11:Core/Src/stm32f4xx_it.c ****   *
  12:Core/Src/stm32f4xx_it.c ****   * This software is licensed under terms that can be found in the LICENSE file
  13:Core/Src/stm32f4xx_it.c ****   * in the root directory of this software component.
  14:Core/Src/stm32f4xx_it.c ****   * If no LICENSE file comes with this software, it is provided AS-IS.
  15:Core/Src/stm32f4xx_it.c ****   *
  16:Core/Src/stm32f4xx_it.c ****   ******************************************************************************
  17:Core/Src/stm32f4xx_it.c ****   */
  18:Core/Src/stm32f4xx_it.c **** /* USER CODE END Header */
  19:Core/Src/stm32f4xx_it.c **** 
  20:Core/Src/stm32f4xx_it.c **** /* Includes ------------------------------------------------------------------*/
  21:Core/Src/stm32f4xx_it.c **** #include "main.h"
  22:Core/Src/stm32f4xx_it.c **** #include "stm32f4xx_it.h"
  23:Core/Src/stm32f4xx_it.c **** /* Private includes ----------------------------------------------------------*/
  24:Core/Src/stm32f4xx_it.c **** /* USER CODE BEGIN Includes */
  25:Core/Src/stm32f4xx_it.c **** /* USER CODE END Includes */
  26:Core/Src/stm32f4xx_it.c **** 
  27:Core/Src/stm32f4xx_it.c **** /* Private typedef -----------------------------------------------------------*/
  28:Core/Src/stm32f4xx_it.c **** /* USER CODE BEGIN TD */
  29:Core/Src/stm32f4xx_it.c **** 
  30:Core/Src/stm32f4xx_it.c **** /* USER CODE END TD */
ARM GAS  /tmp/ccAH47by.s 			page 2


  31:Core/Src/stm32f4xx_it.c **** 
  32:Core/Src/stm32f4xx_it.c **** /* Private define ------------------------------------------------------------*/
  33:Core/Src/stm32f4xx_it.c **** /* USER CODE BEGIN PD */
  34:Core/Src/stm32f4xx_it.c **** 
  35:Core/Src/stm32f4xx_it.c **** /* USER CODE END PD */
  36:Core/Src/stm32f4xx_it.c **** 
  37:Core/Src/stm32f4xx_it.c **** /* Private macro -------------------------------------------------------------*/
  38:Core/Src/stm32f4xx_it.c **** /* USER CODE BEGIN PM */
  39:Core/Src/stm32f4xx_it.c **** 
  40:Core/Src/stm32f4xx_it.c **** /* USER CODE END PM */
  41:Core/Src/stm32f4xx_it.c **** 
  42:Core/Src/stm32f4xx_it.c **** /* Private variables ---------------------------------------------------------*/
  43:Core/Src/stm32f4xx_it.c **** /* USER CODE BEGIN PV */
  44:Core/Src/stm32f4xx_it.c **** 
  45:Core/Src/stm32f4xx_it.c **** /* USER CODE END PV */
  46:Core/Src/stm32f4xx_it.c **** 
  47:Core/Src/stm32f4xx_it.c **** /* Private function prototypes -----------------------------------------------*/
  48:Core/Src/stm32f4xx_it.c **** /* USER CODE BEGIN PFP */
  49:Core/Src/stm32f4xx_it.c **** 
  50:Core/Src/stm32f4xx_it.c **** /* USER CODE END PFP */
  51:Core/Src/stm32f4xx_it.c **** 
  52:Core/Src/stm32f4xx_it.c **** /* Private user code ---------------------------------------------------------*/
  53:Core/Src/stm32f4xx_it.c **** /* USER CODE BEGIN 0 */
  54:Core/Src/stm32f4xx_it.c **** 
  55:Core/Src/stm32f4xx_it.c **** /* USER CODE END 0 */
  56:Core/Src/stm32f4xx_it.c **** 
  57:Core/Src/stm32f4xx_it.c **** /* External variables --------------------------------------------------------*/
  58:Core/Src/stm32f4xx_it.c **** extern DMA_HandleTypeDef hdma_adc1;
  59:Core/Src/stm32f4xx_it.c **** extern TIM_HandleTypeDef htim10;
  60:Core/Src/stm32f4xx_it.c **** extern TIM_HandleTypeDef htim11;
  61:Core/Src/stm32f4xx_it.c **** extern DMA_HandleTypeDef hdma_usart2_rx;
  62:Core/Src/stm32f4xx_it.c **** extern DMA_HandleTypeDef hdma_usart2_tx;
  63:Core/Src/stm32f4xx_it.c **** extern UART_HandleTypeDef huart2;
  64:Core/Src/stm32f4xx_it.c **** extern TIM_HandleTypeDef htim1;
  65:Core/Src/stm32f4xx_it.c **** 
  66:Core/Src/stm32f4xx_it.c **** /* USER CODE BEGIN EV */
  67:Core/Src/stm32f4xx_it.c **** 
  68:Core/Src/stm32f4xx_it.c **** /* USER CODE END EV */
  69:Core/Src/stm32f4xx_it.c **** 
  70:Core/Src/stm32f4xx_it.c **** /******************************************************************************/
  71:Core/Src/stm32f4xx_it.c **** /*           Cortex-M4 Processor Interruption and Exception Handlers          */
  72:Core/Src/stm32f4xx_it.c **** /******************************************************************************/
  73:Core/Src/stm32f4xx_it.c **** /**
  74:Core/Src/stm32f4xx_it.c ****   * @brief This function handles Non maskable interrupt.
  75:Core/Src/stm32f4xx_it.c ****   */
  76:Core/Src/stm32f4xx_it.c **** void NMI_Handler(void)
  77:Core/Src/stm32f4xx_it.c **** {
  29              		.loc 1 77 1 view -0
  30              		.cfi_startproc
  31              		@ Volatile: function does not return.
  32              		@ args = 0, pretend = 0, frame = 0
  33              		@ frame_needed = 0, uses_anonymous_args = 0
  34              		@ link register save eliminated.
  35              	.L2:
  78:Core/Src/stm32f4xx_it.c ****   /* USER CODE BEGIN NonMaskableInt_IRQn 0 */
  79:Core/Src/stm32f4xx_it.c **** 
  80:Core/Src/stm32f4xx_it.c ****   /* USER CODE END NonMaskableInt_IRQn 0 */
ARM GAS  /tmp/ccAH47by.s 			page 3


  81:Core/Src/stm32f4xx_it.c ****   /* USER CODE BEGIN NonMaskableInt_IRQn 1 */
  82:Core/Src/stm32f4xx_it.c ****    while (1)
  36              		.loc 1 82 4 view .LVU1
  83:Core/Src/stm32f4xx_it.c ****   {
  84:Core/Src/stm32f4xx_it.c ****   }
  37              		.loc 1 84 3 view .LVU2
  82:Core/Src/stm32f4xx_it.c ****   {
  38              		.loc 1 82 10 view .LVU3
  39 0000 FEE7     		b	.L2
  40              		.cfi_endproc
  41              	.LFE220:
  43              		.section	.text.HardFault_Handler,"ax",%progbits
  44              		.align	1
  45              		.global	HardFault_Handler
  46              		.syntax unified
  47              		.thumb
  48              		.thumb_func
  50              	HardFault_Handler:
  51              	.LFB221:
  85:Core/Src/stm32f4xx_it.c ****   /* USER CODE END NonMaskableInt_IRQn 1 */
  86:Core/Src/stm32f4xx_it.c **** }
  87:Core/Src/stm32f4xx_it.c **** 
  88:Core/Src/stm32f4xx_it.c **** /**
  89:Core/Src/stm32f4xx_it.c ****   * @brief This function handles Hard fault interrupt.
  90:Core/Src/stm32f4xx_it.c ****   */
  91:Core/Src/stm32f4xx_it.c **** void HardFault_Handler(void)
  92:Core/Src/stm32f4xx_it.c **** {
  52              		.loc 1 92 1 view -0
  53              		.cfi_startproc
  54              		@ Volatile: function does not return.
  55              		@ args = 0, pretend = 0, frame = 0
  56              		@ frame_needed = 0, uses_anonymous_args = 0
  57              		@ link register save eliminated.
  58              	.L4:
  93:Core/Src/stm32f4xx_it.c ****   /* USER CODE BEGIN HardFault_IRQn 0 */
  94:Core/Src/stm32f4xx_it.c **** 
  95:Core/Src/stm32f4xx_it.c ****   /* USER CODE END HardFault_IRQn 0 */
  96:Core/Src/stm32f4xx_it.c ****   while (1)
  59              		.loc 1 96 3 view .LVU5
  97:Core/Src/stm32f4xx_it.c ****   {
  98:Core/Src/stm32f4xx_it.c ****     /* USER CODE BEGIN W1_HardFault_IRQn 0 */
  99:Core/Src/stm32f4xx_it.c ****     /* USER CODE END W1_HardFault_IRQn 0 */
 100:Core/Src/stm32f4xx_it.c ****   }
  60              		.loc 1 100 3 view .LVU6
  96:Core/Src/stm32f4xx_it.c ****   {
  61              		.loc 1 96 9 view .LVU7
  62 0000 FEE7     		b	.L4
  63              		.cfi_endproc
  64              	.LFE221:
  66              		.section	.text.MemManage_Handler,"ax",%progbits
  67              		.align	1
  68              		.global	MemManage_Handler
  69              		.syntax unified
  70              		.thumb
  71              		.thumb_func
  73              	MemManage_Handler:
  74              	.LFB222:
ARM GAS  /tmp/ccAH47by.s 			page 4


 101:Core/Src/stm32f4xx_it.c **** }
 102:Core/Src/stm32f4xx_it.c **** 
 103:Core/Src/stm32f4xx_it.c **** /**
 104:Core/Src/stm32f4xx_it.c ****   * @brief This function handles Memory management fault.
 105:Core/Src/stm32f4xx_it.c ****   */
 106:Core/Src/stm32f4xx_it.c **** void MemManage_Handler(void)
 107:Core/Src/stm32f4xx_it.c **** {
  75              		.loc 1 107 1 view -0
  76              		.cfi_startproc
  77              		@ Volatile: function does not return.
  78              		@ args = 0, pretend = 0, frame = 0
  79              		@ frame_needed = 0, uses_anonymous_args = 0
  80              		@ link register save eliminated.
  81              	.L6:
 108:Core/Src/stm32f4xx_it.c ****   /* USER CODE BEGIN MemoryManagement_IRQn 0 */
 109:Core/Src/stm32f4xx_it.c **** 
 110:Core/Src/stm32f4xx_it.c ****   /* USER CODE END MemoryManagement_IRQn 0 */
 111:Core/Src/stm32f4xx_it.c ****   while (1)
  82              		.loc 1 111 3 view .LVU9
 112:Core/Src/stm32f4xx_it.c ****   {
 113:Core/Src/stm32f4xx_it.c ****     /* USER CODE BEGIN W1_MemoryManagement_IRQn 0 */
 114:Core/Src/stm32f4xx_it.c ****     /* USER CODE END W1_MemoryManagement_IRQn 0 */
 115:Core/Src/stm32f4xx_it.c ****   }
  83              		.loc 1 115 3 view .LVU10
 111:Core/Src/stm32f4xx_it.c ****   {
  84              		.loc 1 111 9 view .LVU11
  85 0000 FEE7     		b	.L6
  86              		.cfi_endproc
  87              	.LFE222:
  89              		.section	.text.BusFault_Handler,"ax",%progbits
  90              		.align	1
  91              		.global	BusFault_Handler
  92              		.syntax unified
  93              		.thumb
  94              		.thumb_func
  96              	BusFault_Handler:
  97              	.LFB223:
 116:Core/Src/stm32f4xx_it.c **** }
 117:Core/Src/stm32f4xx_it.c **** 
 118:Core/Src/stm32f4xx_it.c **** /**
 119:Core/Src/stm32f4xx_it.c ****   * @brief This function handles Pre-fetch fault, memory access fault.
 120:Core/Src/stm32f4xx_it.c ****   */
 121:Core/Src/stm32f4xx_it.c **** void BusFault_Handler(void)
 122:Core/Src/stm32f4xx_it.c **** {
  98              		.loc 1 122 1 view -0
  99              		.cfi_startproc
 100              		@ Volatile: function does not return.
 101              		@ args = 0, pretend = 0, frame = 0
 102              		@ frame_needed = 0, uses_anonymous_args = 0
 103              		@ link register save eliminated.
 104              	.L8:
 123:Core/Src/stm32f4xx_it.c ****   /* USER CODE BEGIN BusFault_IRQn 0 */
 124:Core/Src/stm32f4xx_it.c **** 
 125:Core/Src/stm32f4xx_it.c ****   /* USER CODE END BusFault_IRQn 0 */
 126:Core/Src/stm32f4xx_it.c ****   while (1)
 105              		.loc 1 126 3 view .LVU13
 127:Core/Src/stm32f4xx_it.c ****   {
ARM GAS  /tmp/ccAH47by.s 			page 5


 128:Core/Src/stm32f4xx_it.c ****     /* USER CODE BEGIN W1_BusFault_IRQn 0 */
 129:Core/Src/stm32f4xx_it.c ****     /* USER CODE END W1_BusFault_IRQn 0 */
 130:Core/Src/stm32f4xx_it.c ****   }
 106              		.loc 1 130 3 view .LVU14
 126:Core/Src/stm32f4xx_it.c ****   {
 107              		.loc 1 126 9 view .LVU15
 108 0000 FEE7     		b	.L8
 109              		.cfi_endproc
 110              	.LFE223:
 112              		.section	.text.UsageFault_Handler,"ax",%progbits
 113              		.align	1
 114              		.global	UsageFault_Handler
 115              		.syntax unified
 116              		.thumb
 117              		.thumb_func
 119              	UsageFault_Handler:
 120              	.LFB224:
 131:Core/Src/stm32f4xx_it.c **** }
 132:Core/Src/stm32f4xx_it.c **** 
 133:Core/Src/stm32f4xx_it.c **** /**
 134:Core/Src/stm32f4xx_it.c ****   * @brief This function handles Undefined instruction or illegal state.
 135:Core/Src/stm32f4xx_it.c ****   */
 136:Core/Src/stm32f4xx_it.c **** void UsageFault_Handler(void)
 137:Core/Src/stm32f4xx_it.c **** {
 121              		.loc 1 137 1 view -0
 122              		.cfi_startproc
 123              		@ Volatile: function does not return.
 124              		@ args = 0, pretend = 0, frame = 0
 125              		@ frame_needed = 0, uses_anonymous_args = 0
 126              		@ link register save eliminated.
 127              	.L10:
 138:Core/Src/stm32f4xx_it.c ****   /* USER CODE BEGIN UsageFault_IRQn 0 */
 139:Core/Src/stm32f4xx_it.c **** 
 140:Core/Src/stm32f4xx_it.c ****   /* USER CODE END UsageFault_IRQn 0 */
 141:Core/Src/stm32f4xx_it.c ****   while (1)
 128              		.loc 1 141 3 view .LVU17
 142:Core/Src/stm32f4xx_it.c ****   {
 143:Core/Src/stm32f4xx_it.c ****     /* USER CODE BEGIN W1_UsageFault_IRQn 0 */
 144:Core/Src/stm32f4xx_it.c ****     /* USER CODE END W1_UsageFault_IRQn 0 */
 145:Core/Src/stm32f4xx_it.c ****   }
 129              		.loc 1 145 3 view .LVU18
 141:Core/Src/stm32f4xx_it.c ****   {
 130              		.loc 1 141 9 view .LVU19
 131 0000 FEE7     		b	.L10
 132              		.cfi_endproc
 133              	.LFE224:
 135              		.section	.text.DebugMon_Handler,"ax",%progbits
 136              		.align	1
 137              		.global	DebugMon_Handler
 138              		.syntax unified
 139              		.thumb
 140              		.thumb_func
 142              	DebugMon_Handler:
 143              	.LFB225:
 146:Core/Src/stm32f4xx_it.c **** }
 147:Core/Src/stm32f4xx_it.c **** 
 148:Core/Src/stm32f4xx_it.c **** /**
ARM GAS  /tmp/ccAH47by.s 			page 6


 149:Core/Src/stm32f4xx_it.c ****   * @brief This function handles Debug monitor.
 150:Core/Src/stm32f4xx_it.c ****   */
 151:Core/Src/stm32f4xx_it.c **** void DebugMon_Handler(void)
 152:Core/Src/stm32f4xx_it.c **** {
 144              		.loc 1 152 1 view -0
 145              		.cfi_startproc
 146              		@ args = 0, pretend = 0, frame = 0
 147              		@ frame_needed = 0, uses_anonymous_args = 0
 148              		@ link register save eliminated.
 153:Core/Src/stm32f4xx_it.c ****   /* USER CODE BEGIN DebugMonitor_IRQn 0 */
 154:Core/Src/stm32f4xx_it.c **** 
 155:Core/Src/stm32f4xx_it.c ****   /* USER CODE END DebugMonitor_IRQn 0 */
 156:Core/Src/stm32f4xx_it.c ****   /* USER CODE BEGIN DebugMonitor_IRQn 1 */
 157:Core/Src/stm32f4xx_it.c **** 
 158:Core/Src/stm32f4xx_it.c ****   /* USER CODE END DebugMonitor_IRQn 1 */
 159:Core/Src/stm32f4xx_it.c **** }
 149              		.loc 1 159 1 view .LVU21
 150 0000 7047     		bx	lr
 151              		.cfi_endproc
 152              	.LFE225:
 154              		.section	.text.EXTI0_IRQHandler,"ax",%progbits
 155              		.align	1
 156              		.global	EXTI0_IRQHandler
 157              		.syntax unified
 158              		.thumb
 159              		.thumb_func
 161              	EXTI0_IRQHandler:
 162              	.LFB226:
 160:Core/Src/stm32f4xx_it.c **** 
 161:Core/Src/stm32f4xx_it.c **** /******************************************************************************/
 162:Core/Src/stm32f4xx_it.c **** /* STM32F4xx Peripheral Interrupt Handlers                                    */
 163:Core/Src/stm32f4xx_it.c **** /* Add here the Interrupt Handlers for the used peripherals.                  */
 164:Core/Src/stm32f4xx_it.c **** /* For the available peripheral interrupt handler names,                      */
 165:Core/Src/stm32f4xx_it.c **** /* please refer to the startup file (startup_stm32f4xx.s).                    */
 166:Core/Src/stm32f4xx_it.c **** /******************************************************************************/
 167:Core/Src/stm32f4xx_it.c **** 
 168:Core/Src/stm32f4xx_it.c **** /**
 169:Core/Src/stm32f4xx_it.c ****   * @brief This function handles EXTI line0 interrupt.
 170:Core/Src/stm32f4xx_it.c ****   */
 171:Core/Src/stm32f4xx_it.c **** void EXTI0_IRQHandler(void)
 172:Core/Src/stm32f4xx_it.c **** {
 163              		.loc 1 172 1 view -0
 164              		.cfi_startproc
 165              		@ args = 0, pretend = 0, frame = 0
 166              		@ frame_needed = 0, uses_anonymous_args = 0
 167 0000 08B5     		push	{r3, lr}
 168              	.LCFI0:
 169              		.cfi_def_cfa_offset 8
 170              		.cfi_offset 3, -8
 171              		.cfi_offset 14, -4
 173:Core/Src/stm32f4xx_it.c ****   /* USER CODE BEGIN EXTI0_IRQn 0 */
 174:Core/Src/stm32f4xx_it.c **** 
 175:Core/Src/stm32f4xx_it.c ****   /* USER CODE END EXTI0_IRQn 0 */
 176:Core/Src/stm32f4xx_it.c ****   HAL_GPIO_EXTI_IRQHandler(Encoder_Z_Pin_Pin);
 172              		.loc 1 176 3 view .LVU23
 173 0002 0120     		movs	r0, #1
 174 0004 FFF7FEFF 		bl	HAL_GPIO_EXTI_IRQHandler
ARM GAS  /tmp/ccAH47by.s 			page 7


 175              	.LVL0:
 177:Core/Src/stm32f4xx_it.c ****   /* USER CODE BEGIN EXTI0_IRQn 1 */
 178:Core/Src/stm32f4xx_it.c **** 
 179:Core/Src/stm32f4xx_it.c ****   /* USER CODE END EXTI0_IRQn 1 */
 180:Core/Src/stm32f4xx_it.c **** }
 176              		.loc 1 180 1 is_stmt 0 view .LVU24
 177 0008 08BD     		pop	{r3, pc}
 178              		.cfi_endproc
 179              	.LFE226:
 181              		.section	.text.DMA1_Stream5_IRQHandler,"ax",%progbits
 182              		.align	1
 183              		.global	DMA1_Stream5_IRQHandler
 184              		.syntax unified
 185              		.thumb
 186              		.thumb_func
 188              	DMA1_Stream5_IRQHandler:
 189              	.LFB227:
 181:Core/Src/stm32f4xx_it.c **** 
 182:Core/Src/stm32f4xx_it.c **** /**
 183:Core/Src/stm32f4xx_it.c ****   * @brief This function handles DMA1 stream5 global interrupt.
 184:Core/Src/stm32f4xx_it.c ****   */
 185:Core/Src/stm32f4xx_it.c **** void DMA1_Stream5_IRQHandler(void)
 186:Core/Src/stm32f4xx_it.c **** {
 190              		.loc 1 186 1 is_stmt 1 view -0
 191              		.cfi_startproc
 192              		@ args = 0, pretend = 0, frame = 0
 193              		@ frame_needed = 0, uses_anonymous_args = 0
 194 0000 08B5     		push	{r3, lr}
 195              	.LCFI1:
 196              		.cfi_def_cfa_offset 8
 197              		.cfi_offset 3, -8
 198              		.cfi_offset 14, -4
 187:Core/Src/stm32f4xx_it.c ****   /* USER CODE BEGIN DMA1_Stream5_IRQn 0 */
 188:Core/Src/stm32f4xx_it.c **** 
 189:Core/Src/stm32f4xx_it.c ****   /* USER CODE END DMA1_Stream5_IRQn 0 */
 190:Core/Src/stm32f4xx_it.c ****   HAL_DMA_IRQHandler(&hdma_usart2_rx);
 199              		.loc 1 190 3 view .LVU26
 200 0002 0248     		ldr	r0, .L16
 201 0004 FFF7FEFF 		bl	HAL_DMA_IRQHandler
 202              	.LVL1:
 191:Core/Src/stm32f4xx_it.c ****   /* USER CODE BEGIN DMA1_Stream5_IRQn 1 */
 192:Core/Src/stm32f4xx_it.c **** 
 193:Core/Src/stm32f4xx_it.c ****   /* USER CODE END DMA1_Stream5_IRQn 1 */
 194:Core/Src/stm32f4xx_it.c **** }
 203              		.loc 1 194 1 is_stmt 0 view .LVU27
 204 0008 08BD     		pop	{r3, pc}
 205              	.L17:
 206 000a 00BF     		.align	2
 207              	.L16:
 208 000c 00000000 		.word	hdma_usart2_rx
 209              		.cfi_endproc
 210              	.LFE227:
 212              		.section	.text.DMA1_Stream6_IRQHandler,"ax",%progbits
 213              		.align	1
 214              		.global	DMA1_Stream6_IRQHandler
 215              		.syntax unified
 216              		.thumb
ARM GAS  /tmp/ccAH47by.s 			page 8


 217              		.thumb_func
 219              	DMA1_Stream6_IRQHandler:
 220              	.LFB228:
 195:Core/Src/stm32f4xx_it.c **** 
 196:Core/Src/stm32f4xx_it.c **** /**
 197:Core/Src/stm32f4xx_it.c ****   * @brief This function handles DMA1 stream6 global interrupt.
 198:Core/Src/stm32f4xx_it.c ****   */
 199:Core/Src/stm32f4xx_it.c **** void DMA1_Stream6_IRQHandler(void)
 200:Core/Src/stm32f4xx_it.c **** {
 221              		.loc 1 200 1 is_stmt 1 view -0
 222              		.cfi_startproc
 223              		@ args = 0, pretend = 0, frame = 0
 224              		@ frame_needed = 0, uses_anonymous_args = 0
 225 0000 08B5     		push	{r3, lr}
 226              	.LCFI2:
 227              		.cfi_def_cfa_offset 8
 228              		.cfi_offset 3, -8
 229              		.cfi_offset 14, -4
 201:Core/Src/stm32f4xx_it.c ****   /* USER CODE BEGIN DMA1_Stream6_IRQn 0 */
 202:Core/Src/stm32f4xx_it.c **** 
 203:Core/Src/stm32f4xx_it.c ****   /* USER CODE END DMA1_Stream6_IRQn 0 */
 204:Core/Src/stm32f4xx_it.c ****   HAL_DMA_IRQHandler(&hdma_usart2_tx);
 230              		.loc 1 204 3 view .LVU29
 231 0002 0248     		ldr	r0, .L20
 232 0004 FFF7FEFF 		bl	HAL_DMA_IRQHandler
 233              	.LVL2:
 205:Core/Src/stm32f4xx_it.c ****   /* USER CODE BEGIN DMA1_Stream6_IRQn 1 */
 206:Core/Src/stm32f4xx_it.c **** 
 207:Core/Src/stm32f4xx_it.c ****   /* USER CODE END DMA1_Stream6_IRQn 1 */
 208:Core/Src/stm32f4xx_it.c **** }
 234              		.loc 1 208 1 is_stmt 0 view .LVU30
 235 0008 08BD     		pop	{r3, pc}
 236              	.L21:
 237 000a 00BF     		.align	2
 238              	.L20:
 239 000c 00000000 		.word	hdma_usart2_tx
 240              		.cfi_endproc
 241              	.LFE228:
 243              		.section	.text.TIM1_UP_TIM10_IRQHandler,"ax",%progbits
 244              		.align	1
 245              		.global	TIM1_UP_TIM10_IRQHandler
 246              		.syntax unified
 247              		.thumb
 248              		.thumb_func
 250              	TIM1_UP_TIM10_IRQHandler:
 251              	.LFB229:
 209:Core/Src/stm32f4xx_it.c **** 
 210:Core/Src/stm32f4xx_it.c **** /**
 211:Core/Src/stm32f4xx_it.c ****   * @brief This function handles TIM1 update interrupt and TIM10 global interrupt.
 212:Core/Src/stm32f4xx_it.c ****   */
 213:Core/Src/stm32f4xx_it.c **** void TIM1_UP_TIM10_IRQHandler(void)
 214:Core/Src/stm32f4xx_it.c **** {
 252              		.loc 1 214 1 is_stmt 1 view -0
 253              		.cfi_startproc
 254              		@ args = 0, pretend = 0, frame = 0
 255              		@ frame_needed = 0, uses_anonymous_args = 0
 256 0000 08B5     		push	{r3, lr}
ARM GAS  /tmp/ccAH47by.s 			page 9


 257              	.LCFI3:
 258              		.cfi_def_cfa_offset 8
 259              		.cfi_offset 3, -8
 260              		.cfi_offset 14, -4
 215:Core/Src/stm32f4xx_it.c ****   /* USER CODE BEGIN TIM1_UP_TIM10_IRQn 0 */
 216:Core/Src/stm32f4xx_it.c **** 
 217:Core/Src/stm32f4xx_it.c ****   /* USER CODE END TIM1_UP_TIM10_IRQn 0 */
 218:Core/Src/stm32f4xx_it.c ****   HAL_TIM_IRQHandler(&htim1);
 261              		.loc 1 218 3 view .LVU32
 262 0002 0348     		ldr	r0, .L24
 263 0004 FFF7FEFF 		bl	HAL_TIM_IRQHandler
 264              	.LVL3:
 219:Core/Src/stm32f4xx_it.c ****   HAL_TIM_IRQHandler(&htim10);
 265              		.loc 1 219 3 view .LVU33
 266 0008 0248     		ldr	r0, .L24+4
 267 000a FFF7FEFF 		bl	HAL_TIM_IRQHandler
 268              	.LVL4:
 220:Core/Src/stm32f4xx_it.c ****   /* USER CODE BEGIN TIM1_UP_TIM10_IRQn 1 */
 221:Core/Src/stm32f4xx_it.c **** 
 222:Core/Src/stm32f4xx_it.c ****   /* USER CODE END TIM1_UP_TIM10_IRQn 1 */
 223:Core/Src/stm32f4xx_it.c **** }
 269              		.loc 1 223 1 is_stmt 0 view .LVU34
 270 000e 08BD     		pop	{r3, pc}
 271              	.L25:
 272              		.align	2
 273              	.L24:
 274 0010 00000000 		.word	htim1
 275 0014 00000000 		.word	htim10
 276              		.cfi_endproc
 277              	.LFE229:
 279              		.section	.text.TIM1_TRG_COM_TIM11_IRQHandler,"ax",%progbits
 280              		.align	1
 281              		.global	TIM1_TRG_COM_TIM11_IRQHandler
 282              		.syntax unified
 283              		.thumb
 284              		.thumb_func
 286              	TIM1_TRG_COM_TIM11_IRQHandler:
 287              	.LFB230:
 224:Core/Src/stm32f4xx_it.c **** 
 225:Core/Src/stm32f4xx_it.c **** /**
 226:Core/Src/stm32f4xx_it.c ****   * @brief This function handles TIM1 trigger and commutation interrupts and TIM11 global interrupt
 227:Core/Src/stm32f4xx_it.c ****   */
 228:Core/Src/stm32f4xx_it.c **** void TIM1_TRG_COM_TIM11_IRQHandler(void)
 229:Core/Src/stm32f4xx_it.c **** {
 288              		.loc 1 229 1 is_stmt 1 view -0
 289              		.cfi_startproc
 290              		@ args = 0, pretend = 0, frame = 0
 291              		@ frame_needed = 0, uses_anonymous_args = 0
 292 0000 08B5     		push	{r3, lr}
 293              	.LCFI4:
 294              		.cfi_def_cfa_offset 8
 295              		.cfi_offset 3, -8
 296              		.cfi_offset 14, -4
 230:Core/Src/stm32f4xx_it.c ****   /* USER CODE BEGIN TIM1_TRG_COM_TIM11_IRQn 0 */
 231:Core/Src/stm32f4xx_it.c **** 
 232:Core/Src/stm32f4xx_it.c ****   /* USER CODE END TIM1_TRG_COM_TIM11_IRQn 0 */
 233:Core/Src/stm32f4xx_it.c ****   HAL_TIM_IRQHandler(&htim11);
ARM GAS  /tmp/ccAH47by.s 			page 10


 297              		.loc 1 233 3 view .LVU36
 298 0002 0248     		ldr	r0, .L28
 299 0004 FFF7FEFF 		bl	HAL_TIM_IRQHandler
 300              	.LVL5:
 234:Core/Src/stm32f4xx_it.c ****   /* USER CODE BEGIN TIM1_TRG_COM_TIM11_IRQn 1 */
 235:Core/Src/stm32f4xx_it.c **** 
 236:Core/Src/stm32f4xx_it.c ****   /* USER CODE END TIM1_TRG_COM_TIM11_IRQn 1 */
 237:Core/Src/stm32f4xx_it.c **** }
 301              		.loc 1 237 1 is_stmt 0 view .LVU37
 302 0008 08BD     		pop	{r3, pc}
 303              	.L29:
 304 000a 00BF     		.align	2
 305              	.L28:
 306 000c 00000000 		.word	htim11
 307              		.cfi_endproc
 308              	.LFE230:
 310              		.section	.text.USART2_IRQHandler,"ax",%progbits
 311              		.align	1
 312              		.global	USART2_IRQHandler
 313              		.syntax unified
 314              		.thumb
 315              		.thumb_func
 317              	USART2_IRQHandler:
 318              	.LFB231:
 238:Core/Src/stm32f4xx_it.c **** 
 239:Core/Src/stm32f4xx_it.c **** /**
 240:Core/Src/stm32f4xx_it.c ****   * @brief This function handles USART2 global interrupt.
 241:Core/Src/stm32f4xx_it.c ****   */
 242:Core/Src/stm32f4xx_it.c **** void USART2_IRQHandler(void)
 243:Core/Src/stm32f4xx_it.c **** {
 319              		.loc 1 243 1 is_stmt 1 view -0
 320              		.cfi_startproc
 321              		@ args = 0, pretend = 0, frame = 0
 322              		@ frame_needed = 0, uses_anonymous_args = 0
 323 0000 08B5     		push	{r3, lr}
 324              	.LCFI5:
 325              		.cfi_def_cfa_offset 8
 326              		.cfi_offset 3, -8
 327              		.cfi_offset 14, -4
 244:Core/Src/stm32f4xx_it.c ****   /* USER CODE BEGIN USART2_IRQn 0 */
 245:Core/Src/stm32f4xx_it.c **** 
 246:Core/Src/stm32f4xx_it.c ****   /* USER CODE END USART2_IRQn 0 */
 247:Core/Src/stm32f4xx_it.c ****   HAL_UART_IRQHandler(&huart2);
 328              		.loc 1 247 3 view .LVU39
 329 0002 0248     		ldr	r0, .L32
 330 0004 FFF7FEFF 		bl	HAL_UART_IRQHandler
 331              	.LVL6:
 248:Core/Src/stm32f4xx_it.c ****   /* USER CODE BEGIN USART2_IRQn 1 */
 249:Core/Src/stm32f4xx_it.c **** 
 250:Core/Src/stm32f4xx_it.c ****   /* USER CODE END USART2_IRQn 1 */
 251:Core/Src/stm32f4xx_it.c **** }
 332              		.loc 1 251 1 is_stmt 0 view .LVU40
 333 0008 08BD     		pop	{r3, pc}
 334              	.L33:
 335 000a 00BF     		.align	2
 336              	.L32:
 337 000c 00000000 		.word	huart2
ARM GAS  /tmp/ccAH47by.s 			page 11


 338              		.cfi_endproc
 339              	.LFE231:
 341              		.section	.text.EXTI15_10_IRQHandler,"ax",%progbits
 342              		.align	1
 343              		.global	EXTI15_10_IRQHandler
 344              		.syntax unified
 345              		.thumb
 346              		.thumb_func
 348              	EXTI15_10_IRQHandler:
 349              	.LFB232:
 252:Core/Src/stm32f4xx_it.c **** 
 253:Core/Src/stm32f4xx_it.c **** /**
 254:Core/Src/stm32f4xx_it.c ****   * @brief This function handles EXTI line[15:10] interrupts.
 255:Core/Src/stm32f4xx_it.c ****   */
 256:Core/Src/stm32f4xx_it.c **** void EXTI15_10_IRQHandler(void)
 257:Core/Src/stm32f4xx_it.c **** {
 350              		.loc 1 257 1 is_stmt 1 view -0
 351              		.cfi_startproc
 352              		@ args = 0, pretend = 0, frame = 0
 353              		@ frame_needed = 0, uses_anonymous_args = 0
 354 0000 08B5     		push	{r3, lr}
 355              	.LCFI6:
 356              		.cfi_def_cfa_offset 8
 357              		.cfi_offset 3, -8
 358              		.cfi_offset 14, -4
 258:Core/Src/stm32f4xx_it.c ****   /* USER CODE BEGIN EXTI15_10_IRQn 0 */
 259:Core/Src/stm32f4xx_it.c **** 
 260:Core/Src/stm32f4xx_it.c ****   /* USER CODE END EXTI15_10_IRQn 0 */
 261:Core/Src/stm32f4xx_it.c ****   HAL_GPIO_EXTI_IRQHandler(B1_Pin);
 359              		.loc 1 261 3 view .LVU42
 360 0002 4FF40050 		mov	r0, #8192
 361 0006 FFF7FEFF 		bl	HAL_GPIO_EXTI_IRQHandler
 362              	.LVL7:
 262:Core/Src/stm32f4xx_it.c ****   /* USER CODE BEGIN EXTI15_10_IRQn 1 */
 263:Core/Src/stm32f4xx_it.c **** 
 264:Core/Src/stm32f4xx_it.c ****   /* USER CODE END EXTI15_10_IRQn 1 */
 265:Core/Src/stm32f4xx_it.c **** }
 363              		.loc 1 265 1 is_stmt 0 view .LVU43
 364 000a 08BD     		pop	{r3, pc}
 365              		.cfi_endproc
 366              	.LFE232:
 368              		.section	.text.DMA2_Stream0_IRQHandler,"ax",%progbits
 369              		.align	1
 370              		.global	DMA2_Stream0_IRQHandler
 371              		.syntax unified
 372              		.thumb
 373              		.thumb_func
 375              	DMA2_Stream0_IRQHandler:
 376              	.LFB233:
 266:Core/Src/stm32f4xx_it.c **** 
 267:Core/Src/stm32f4xx_it.c **** /**
 268:Core/Src/stm32f4xx_it.c ****   * @brief This function handles DMA2 stream0 global interrupt.
 269:Core/Src/stm32f4xx_it.c ****   */
 270:Core/Src/stm32f4xx_it.c **** void DMA2_Stream0_IRQHandler(void)
 271:Core/Src/stm32f4xx_it.c **** {
 377              		.loc 1 271 1 is_stmt 1 view -0
 378              		.cfi_startproc
ARM GAS  /tmp/ccAH47by.s 			page 12


 379              		@ args = 0, pretend = 0, frame = 0
 380              		@ frame_needed = 0, uses_anonymous_args = 0
 381 0000 08B5     		push	{r3, lr}
 382              	.LCFI7:
 383              		.cfi_def_cfa_offset 8
 384              		.cfi_offset 3, -8
 385              		.cfi_offset 14, -4
 272:Core/Src/stm32f4xx_it.c ****   /* USER CODE BEGIN DMA2_Stream0_IRQn 0 */
 273:Core/Src/stm32f4xx_it.c **** 
 274:Core/Src/stm32f4xx_it.c ****   /* USER CODE END DMA2_Stream0_IRQn 0 */
 275:Core/Src/stm32f4xx_it.c ****   HAL_DMA_IRQHandler(&hdma_adc1);
 386              		.loc 1 275 3 view .LVU45
 387 0002 0248     		ldr	r0, .L38
 388 0004 FFF7FEFF 		bl	HAL_DMA_IRQHandler
 389              	.LVL8:
 276:Core/Src/stm32f4xx_it.c ****   /* USER CODE BEGIN DMA2_Stream0_IRQn 1 */
 277:Core/Src/stm32f4xx_it.c **** 
 278:Core/Src/stm32f4xx_it.c ****   /* USER CODE END DMA2_Stream0_IRQn 1 */
 279:Core/Src/stm32f4xx_it.c **** }
 390              		.loc 1 279 1 is_stmt 0 view .LVU46
 391 0008 08BD     		pop	{r3, pc}
 392              	.L39:
 393 000a 00BF     		.align	2
 394              	.L38:
 395 000c 00000000 		.word	hdma_adc1
 396              		.cfi_endproc
 397              	.LFE233:
 399              		.text
 400              	.Letext0:
 401              		.file 2 "/opt/st/stm32cubeide_2.1.1/plugins/com.st.stm32cube.ide.mcu.externaltools.gnu-tools-for-s
 402              		.file 3 "/opt/st/stm32cubeide_2.1.1/plugins/com.st.stm32cube.ide.mcu.externaltools.gnu-tools-for-s
 403              		.file 4 "Drivers/CMSIS/Device/ST/STM32F4xx/Include/stm32f401xe.h"
 404              		.file 5 "Drivers/STM32F4xx_HAL_Driver/Inc/stm32f4xx_hal_def.h"
 405              		.file 6 "Drivers/STM32F4xx_HAL_Driver/Inc/stm32f4xx_hal_dma.h"
 406              		.file 7 "Drivers/STM32F4xx_HAL_Driver/Inc/stm32f4xx_hal_tim.h"
 407              		.file 8 "Drivers/STM32F4xx_HAL_Driver/Inc/stm32f4xx_hal_uart.h"
 408              		.file 9 "Drivers/STM32F4xx_HAL_Driver/Inc/stm32f4xx_hal_gpio.h"
ARM GAS  /tmp/ccAH47by.s 			page 13


DEFINED SYMBOLS
                            *ABS*:00000000 stm32f4xx_it.c
     /tmp/ccAH47by.s:21     .text.NMI_Handler:00000000 $t
     /tmp/ccAH47by.s:27     .text.NMI_Handler:00000000 NMI_Handler
     /tmp/ccAH47by.s:44     .text.HardFault_Handler:00000000 $t
     /tmp/ccAH47by.s:50     .text.HardFault_Handler:00000000 HardFault_Handler
     /tmp/ccAH47by.s:67     .text.MemManage_Handler:00000000 $t
     /tmp/ccAH47by.s:73     .text.MemManage_Handler:00000000 MemManage_Handler
     /tmp/ccAH47by.s:90     .text.BusFault_Handler:00000000 $t
     /tmp/ccAH47by.s:96     .text.BusFault_Handler:00000000 BusFault_Handler
     /tmp/ccAH47by.s:113    .text.UsageFault_Handler:00000000 $t
     /tmp/ccAH47by.s:119    .text.UsageFault_Handler:00000000 UsageFault_Handler
     /tmp/ccAH47by.s:136    .text.DebugMon_Handler:00000000 $t
     /tmp/ccAH47by.s:142    .text.DebugMon_Handler:00000000 DebugMon_Handler
     /tmp/ccAH47by.s:155    .text.EXTI0_IRQHandler:00000000 $t
     /tmp/ccAH47by.s:161    .text.EXTI0_IRQHandler:00000000 EXTI0_IRQHandler
     /tmp/ccAH47by.s:182    .text.DMA1_Stream5_IRQHandler:00000000 $t
     /tmp/ccAH47by.s:188    .text.DMA1_Stream5_IRQHandler:00000000 DMA1_Stream5_IRQHandler
     /tmp/ccAH47by.s:208    .text.DMA1_Stream5_IRQHandler:0000000c $d
     /tmp/ccAH47by.s:213    .text.DMA1_Stream6_IRQHandler:00000000 $t
     /tmp/ccAH47by.s:219    .text.DMA1_Stream6_IRQHandler:00000000 DMA1_Stream6_IRQHandler
     /tmp/ccAH47by.s:239    .text.DMA1_Stream6_IRQHandler:0000000c $d
     /tmp/ccAH47by.s:244    .text.TIM1_UP_TIM10_IRQHandler:00000000 $t
     /tmp/ccAH47by.s:250    .text.TIM1_UP_TIM10_IRQHandler:00000000 TIM1_UP_TIM10_IRQHandler
     /tmp/ccAH47by.s:274    .text.TIM1_UP_TIM10_IRQHandler:00000010 $d
     /tmp/ccAH47by.s:280    .text.TIM1_TRG_COM_TIM11_IRQHandler:00000000 $t
     /tmp/ccAH47by.s:286    .text.TIM1_TRG_COM_TIM11_IRQHandler:00000000 TIM1_TRG_COM_TIM11_IRQHandler
     /tmp/ccAH47by.s:306    .text.TIM1_TRG_COM_TIM11_IRQHandler:0000000c $d
     /tmp/ccAH47by.s:311    .text.USART2_IRQHandler:00000000 $t
     /tmp/ccAH47by.s:317    .text.USART2_IRQHandler:00000000 USART2_IRQHandler
     /tmp/ccAH47by.s:337    .text.USART2_IRQHandler:0000000c $d
     /tmp/ccAH47by.s:342    .text.EXTI15_10_IRQHandler:00000000 $t
     /tmp/ccAH47by.s:348    .text.EXTI15_10_IRQHandler:00000000 EXTI15_10_IRQHandler
     /tmp/ccAH47by.s:369    .text.DMA2_Stream0_IRQHandler:00000000 $t
     /tmp/ccAH47by.s:375    .text.DMA2_Stream0_IRQHandler:00000000 DMA2_Stream0_IRQHandler
     /tmp/ccAH47by.s:395    .text.DMA2_Stream0_IRQHandler:0000000c $d

UNDEFINED SYMBOLS
HAL_GPIO_EXTI_IRQHandler
HAL_DMA_IRQHandler
hdma_usart2_rx
hdma_usart2_tx
HAL_TIM_IRQHandler
htim1
htim10
htim11
HAL_UART_IRQHandler
huart2
hdma_adc1
