ARM GAS  /tmp/ccRNSJ4K.s 			page 1


   1              		.cpu cortex-m4
   2              		.arch armv7e-m
   3              		.fpu fpv4-sp-d16
   4              		.eabi_attribute 27, 1
   5              		.eabi_attribute 28, 1
   6              		.eabi_attribute 20, 1
   7              		.eabi_attribute 21, 1
   8              		.eabi_attribute 23, 3
   9              		.eabi_attribute 24, 1
  10              		.eabi_attribute 25, 1
  11              		.eabi_attribute 26, 1
  12              		.eabi_attribute 30, 1
  13              		.eabi_attribute 34, 1
  14              		.eabi_attribute 18, 4
  15              		.file	"tim.c"
  16              		.text
  17              	.Ltext0:
  18              		.cfi_sections	.debug_frame
  19              		.file 1 "Core/Src/tim.c"
  20              		.section	.text.MX_TIM3_Init,"ax",%progbits
  21              		.align	1
  22              		.global	MX_TIM3_Init
  23              		.syntax unified
  24              		.thumb
  25              		.thumb_func
  27              	MX_TIM3_Init:
  28              	.LFB221:
   1:Core/Src/tim.c **** /* USER CODE BEGIN Header */
   2:Core/Src/tim.c **** /**
   3:Core/Src/tim.c ****   ******************************************************************************
   4:Core/Src/tim.c ****   * @file    tim.c
   5:Core/Src/tim.c ****   * @brief   This file provides code for the configuration
   6:Core/Src/tim.c ****   *          of the TIM instances.
   7:Core/Src/tim.c ****   ******************************************************************************
   8:Core/Src/tim.c ****   * @attention
   9:Core/Src/tim.c ****   *
  10:Core/Src/tim.c ****   * Copyright (c) 2026 STMicroelectronics.
  11:Core/Src/tim.c ****   * All rights reserved.
  12:Core/Src/tim.c ****   *
  13:Core/Src/tim.c ****   * This software is licensed under terms that can be found in the LICENSE file
  14:Core/Src/tim.c ****   * in the root directory of this software component.
  15:Core/Src/tim.c ****   * If no LICENSE file comes with this software, it is provided AS-IS.
  16:Core/Src/tim.c ****   *
  17:Core/Src/tim.c ****   ******************************************************************************
  18:Core/Src/tim.c ****   */
  19:Core/Src/tim.c **** /* USER CODE END Header */
  20:Core/Src/tim.c **** /* Includes ------------------------------------------------------------------*/
  21:Core/Src/tim.c **** #include "tim.h"
  22:Core/Src/tim.c **** 
  23:Core/Src/tim.c **** /* USER CODE BEGIN 0 */
  24:Core/Src/tim.c **** 
  25:Core/Src/tim.c **** /* USER CODE END 0 */
  26:Core/Src/tim.c **** 
  27:Core/Src/tim.c **** TIM_HandleTypeDef htim2;
  28:Core/Src/tim.c **** TIM_HandleTypeDef htim3;
  29:Core/Src/tim.c **** TIM_HandleTypeDef htim4;
  30:Core/Src/tim.c **** TIM_HandleTypeDef htim10;
ARM GAS  /tmp/ccRNSJ4K.s 			page 2


  31:Core/Src/tim.c **** TIM_HandleTypeDef htim11;
  32:Core/Src/tim.c **** 
  33:Core/Src/tim.c **** /* TIM2 init function */
  34:Core/Src/tim.c **** void MX_TIM2_Init(void)
  35:Core/Src/tim.c **** {
  36:Core/Src/tim.c **** 
  37:Core/Src/tim.c ****   /* USER CODE BEGIN TIM2_Init 0 */
  38:Core/Src/tim.c **** 
  39:Core/Src/tim.c ****   /* USER CODE END TIM2_Init 0 */
  40:Core/Src/tim.c **** 
  41:Core/Src/tim.c ****   TIM_ClockConfigTypeDef sClockSourceConfig = {0};
  42:Core/Src/tim.c ****   TIM_MasterConfigTypeDef sMasterConfig = {0};
  43:Core/Src/tim.c ****   TIM_OC_InitTypeDef sConfigOC = {0};
  44:Core/Src/tim.c **** 
  45:Core/Src/tim.c ****   /* USER CODE BEGIN TIM2_Init 1 */
  46:Core/Src/tim.c **** 
  47:Core/Src/tim.c ****   /* USER CODE END TIM2_Init 1 */
  48:Core/Src/tim.c ****   htim2.Instance = TIM2;
  49:Core/Src/tim.c ****   htim2.Init.Prescaler = SERVO_PRESCALER;
  50:Core/Src/tim.c ****   htim2.Init.CounterMode = TIM_COUNTERMODE_UP;
  51:Core/Src/tim.c ****   htim2.Init.Period = SERVO_PWM_COUNT_MAX;
  52:Core/Src/tim.c ****   htim2.Init.ClockDivision = TIM_CLOCKDIVISION_DIV1;
  53:Core/Src/tim.c ****   htim2.Init.AutoReloadPreload = TIM_AUTORELOAD_PRELOAD_DISABLE;
  54:Core/Src/tim.c ****   if (HAL_TIM_Base_Init(&htim2) != HAL_OK)
  55:Core/Src/tim.c ****   {
  56:Core/Src/tim.c ****     Error_Handler();
  57:Core/Src/tim.c ****   }
  58:Core/Src/tim.c ****   sClockSourceConfig.ClockSource = TIM_CLOCKSOURCE_INTERNAL;
  59:Core/Src/tim.c ****   if (HAL_TIM_ConfigClockSource(&htim2, &sClockSourceConfig) != HAL_OK)
  60:Core/Src/tim.c ****   {
  61:Core/Src/tim.c ****     Error_Handler();
  62:Core/Src/tim.c ****   }
  63:Core/Src/tim.c ****   if (HAL_TIM_PWM_Init(&htim2) != HAL_OK)
  64:Core/Src/tim.c ****   {
  65:Core/Src/tim.c ****     Error_Handler();
  66:Core/Src/tim.c ****   }
  67:Core/Src/tim.c ****   sMasterConfig.MasterOutputTrigger = TIM_TRGO_RESET;
  68:Core/Src/tim.c ****   sMasterConfig.MasterSlaveMode = TIM_MASTERSLAVEMODE_DISABLE;
  69:Core/Src/tim.c ****   if (HAL_TIMEx_MasterConfigSynchronization(&htim2, &sMasterConfig) != HAL_OK)
  70:Core/Src/tim.c ****   {
  71:Core/Src/tim.c ****     Error_Handler();
  72:Core/Src/tim.c ****   }
  73:Core/Src/tim.c ****   sConfigOC.OCMode = TIM_OCMODE_PWM1;
  74:Core/Src/tim.c ****   sConfigOC.Pulse = 0;
  75:Core/Src/tim.c ****   sConfigOC.OCPolarity = TIM_OCPOLARITY_HIGH;
  76:Core/Src/tim.c ****   sConfigOC.OCFastMode = TIM_OCFAST_DISABLE;
  77:Core/Src/tim.c ****   if (HAL_TIM_PWM_ConfigChannel(&htim2, &sConfigOC, TIM_CHANNEL_1) != HAL_OK)
  78:Core/Src/tim.c ****   {
  79:Core/Src/tim.c ****     Error_Handler();
  80:Core/Src/tim.c ****   }
  81:Core/Src/tim.c ****   if (HAL_TIM_PWM_ConfigChannel(&htim2, &sConfigOC, TIM_CHANNEL_3) != HAL_OK)
  82:Core/Src/tim.c ****   {
  83:Core/Src/tim.c ****     Error_Handler();
  84:Core/Src/tim.c ****   }
  85:Core/Src/tim.c ****   /* USER CODE BEGIN TIM2_Init 2 */
  86:Core/Src/tim.c **** 
  87:Core/Src/tim.c ****   /* USER CODE END TIM2_Init 2 */
ARM GAS  /tmp/ccRNSJ4K.s 			page 3


  88:Core/Src/tim.c ****   HAL_TIM_MspPostInit(&htim2);
  89:Core/Src/tim.c **** 
  90:Core/Src/tim.c **** }
  91:Core/Src/tim.c **** /* TIM3 init function */
  92:Core/Src/tim.c **** void MX_TIM3_Init(void)
  93:Core/Src/tim.c **** {
  29              		.loc 1 93 1 view -0
  30              		.cfi_startproc
  31              		@ args = 0, pretend = 0, frame = 48
  32              		@ frame_needed = 0, uses_anonymous_args = 0
  33 0000 10B5     		push	{r4, lr}
  34              	.LCFI0:
  35              		.cfi_def_cfa_offset 8
  36              		.cfi_offset 4, -8
  37              		.cfi_offset 14, -4
  38 0002 8CB0     		sub	sp, sp, #48
  39              	.LCFI1:
  40              		.cfi_def_cfa_offset 56
  94:Core/Src/tim.c **** 
  95:Core/Src/tim.c ****   /* USER CODE BEGIN TIM3_Init 0 */
  96:Core/Src/tim.c **** 
  97:Core/Src/tim.c ****   /* USER CODE END TIM3_Init 0 */
  98:Core/Src/tim.c **** 
  99:Core/Src/tim.c ****   TIM_Encoder_InitTypeDef sConfig = {0};
  41              		.loc 1 99 3 view .LVU1
  42              		.loc 1 99 27 is_stmt 0 view .LVU2
  43 0004 03AC     		add	r4, sp, #12
  44 0006 2422     		movs	r2, #36
  45 0008 0021     		movs	r1, #0
  46 000a 2046     		mov	r0, r4
  47 000c FFF7FEFF 		bl	memset
  48              	.LVL0:
 100:Core/Src/tim.c ****   TIM_MasterConfigTypeDef sMasterConfig = {0};
  49              		.loc 1 100 3 is_stmt 1 view .LVU3
  50              		.loc 1 100 27 is_stmt 0 view .LVU4
  51 0010 0023     		movs	r3, #0
  52 0012 0193     		str	r3, [sp, #4]
  53 0014 0293     		str	r3, [sp, #8]
 101:Core/Src/tim.c **** 
 102:Core/Src/tim.c ****   /* USER CODE BEGIN TIM3_Init 1 */
 103:Core/Src/tim.c **** 
 104:Core/Src/tim.c ****   /* USER CODE END TIM3_Init 1 */
 105:Core/Src/tim.c ****   htim3.Instance = TIM3;
  54              		.loc 1 105 3 is_stmt 1 view .LVU5
  55              		.loc 1 105 18 is_stmt 0 view .LVU6
  56 0016 1348     		ldr	r0, .L7
  57 0018 134A     		ldr	r2, .L7+4
  58 001a 0260     		str	r2, [r0]
 106:Core/Src/tim.c ****   htim3.Init.Prescaler = 0;
  59              		.loc 1 106 3 is_stmt 1 view .LVU7
  60              		.loc 1 106 24 is_stmt 0 view .LVU8
  61 001c 4360     		str	r3, [r0, #4]
 107:Core/Src/tim.c ****   htim3.Init.CounterMode = TIM_COUNTERMODE_UP;
  62              		.loc 1 107 3 is_stmt 1 view .LVU9
  63              		.loc 1 107 26 is_stmt 0 view .LVU10
  64 001e 8360     		str	r3, [r0, #8]
 108:Core/Src/tim.c ****   htim3.Init.Period = 65535;
ARM GAS  /tmp/ccRNSJ4K.s 			page 4


  65              		.loc 1 108 3 is_stmt 1 view .LVU11
  66              		.loc 1 108 21 is_stmt 0 view .LVU12
  67 0020 4FF6FF72 		movw	r2, #65535
  68 0024 C260     		str	r2, [r0, #12]
 109:Core/Src/tim.c ****   htim3.Init.ClockDivision = TIM_CLOCKDIVISION_DIV1;
  69              		.loc 1 109 3 is_stmt 1 view .LVU13
  70              		.loc 1 109 28 is_stmt 0 view .LVU14
  71 0026 0361     		str	r3, [r0, #16]
 110:Core/Src/tim.c ****   htim3.Init.AutoReloadPreload = TIM_AUTORELOAD_PRELOAD_DISABLE;
  72              		.loc 1 110 3 is_stmt 1 view .LVU15
  73              		.loc 1 110 32 is_stmt 0 view .LVU16
  74 0028 8361     		str	r3, [r0, #24]
 111:Core/Src/tim.c ****   sConfig.EncoderMode = TIM_ENCODERMODE_TI12;
  75              		.loc 1 111 3 is_stmt 1 view .LVU17
  76              		.loc 1 111 23 is_stmt 0 view .LVU18
  77 002a 0323     		movs	r3, #3
  78 002c 0393     		str	r3, [sp, #12]
 112:Core/Src/tim.c ****   sConfig.IC1Polarity = TIM_ICPOLARITY_RISING;
  79              		.loc 1 112 3 is_stmt 1 view .LVU19
 113:Core/Src/tim.c ****   sConfig.IC1Selection = TIM_ICSELECTION_DIRECTTI;
  80              		.loc 1 113 3 view .LVU20
  81              		.loc 1 113 24 is_stmt 0 view .LVU21
  82 002e 0122     		movs	r2, #1
  83 0030 0592     		str	r2, [sp, #20]
 114:Core/Src/tim.c ****   sConfig.IC1Prescaler = TIM_ICPSC_DIV1;
  84              		.loc 1 114 3 is_stmt 1 view .LVU22
 115:Core/Src/tim.c ****   sConfig.IC1Filter = 5;
  85              		.loc 1 115 3 view .LVU23
  86              		.loc 1 115 21 is_stmt 0 view .LVU24
  87 0032 0523     		movs	r3, #5
  88 0034 0793     		str	r3, [sp, #28]
 116:Core/Src/tim.c ****   sConfig.IC2Polarity = TIM_ICPOLARITY_RISING;
  89              		.loc 1 116 3 is_stmt 1 view .LVU25
 117:Core/Src/tim.c ****   sConfig.IC2Selection = TIM_ICSELECTION_DIRECTTI;
  90              		.loc 1 117 3 view .LVU26
  91              		.loc 1 117 24 is_stmt 0 view .LVU27
  92 0036 0992     		str	r2, [sp, #36]
 118:Core/Src/tim.c ****   sConfig.IC2Prescaler = TIM_ICPSC_DIV1;
  93              		.loc 1 118 3 is_stmt 1 view .LVU28
 119:Core/Src/tim.c ****   sConfig.IC2Filter = 5;
  94              		.loc 1 119 3 view .LVU29
  95              		.loc 1 119 21 is_stmt 0 view .LVU30
  96 0038 0B93     		str	r3, [sp, #44]
 120:Core/Src/tim.c ****   if (HAL_TIM_Encoder_Init(&htim3, &sConfig) != HAL_OK)
  97              		.loc 1 120 3 is_stmt 1 view .LVU31
  98              		.loc 1 120 7 is_stmt 0 view .LVU32
  99 003a 2146     		mov	r1, r4
 100 003c FFF7FEFF 		bl	HAL_TIM_Encoder_Init
 101              	.LVL1:
 102              		.loc 1 120 6 discriminator 1 view .LVU33
 103 0040 48B9     		cbnz	r0, .L5
 104              	.L2:
 121:Core/Src/tim.c ****   {
 122:Core/Src/tim.c ****     Error_Handler();
 123:Core/Src/tim.c ****   }
 124:Core/Src/tim.c ****   sMasterConfig.MasterOutputTrigger = TIM_TRGO_RESET;
 105              		.loc 1 124 3 is_stmt 1 view .LVU34
ARM GAS  /tmp/ccRNSJ4K.s 			page 5


 106              		.loc 1 124 37 is_stmt 0 view .LVU35
 107 0042 0023     		movs	r3, #0
 108 0044 0193     		str	r3, [sp, #4]
 125:Core/Src/tim.c ****   sMasterConfig.MasterSlaveMode = TIM_MASTERSLAVEMODE_DISABLE;
 109              		.loc 1 125 3 is_stmt 1 view .LVU36
 110              		.loc 1 125 33 is_stmt 0 view .LVU37
 111 0046 0293     		str	r3, [sp, #8]
 126:Core/Src/tim.c ****   if (HAL_TIMEx_MasterConfigSynchronization(&htim3, &sMasterConfig) != HAL_OK)
 112              		.loc 1 126 3 is_stmt 1 view .LVU38
 113              		.loc 1 126 7 is_stmt 0 view .LVU39
 114 0048 01A9     		add	r1, sp, #4
 115 004a 0648     		ldr	r0, .L7
 116 004c FFF7FEFF 		bl	HAL_TIMEx_MasterConfigSynchronization
 117              	.LVL2:
 118              		.loc 1 126 6 discriminator 1 view .LVU40
 119 0050 20B9     		cbnz	r0, .L6
 120              	.L1:
 127:Core/Src/tim.c ****   {
 128:Core/Src/tim.c ****     Error_Handler();
 129:Core/Src/tim.c ****   }
 130:Core/Src/tim.c ****   /* USER CODE BEGIN TIM3_Init 2 */
 131:Core/Src/tim.c **** 
 132:Core/Src/tim.c ****   /* USER CODE END TIM3_Init 2 */
 133:Core/Src/tim.c **** 
 134:Core/Src/tim.c **** }
 121              		.loc 1 134 1 view .LVU41
 122 0052 0CB0     		add	sp, sp, #48
 123              	.LCFI2:
 124              		.cfi_remember_state
 125              		.cfi_def_cfa_offset 8
 126              		@ sp needed
 127 0054 10BD     		pop	{r4, pc}
 128              	.L5:
 129              	.LCFI3:
 130              		.cfi_restore_state
 122:Core/Src/tim.c ****   }
 131              		.loc 1 122 5 is_stmt 1 view .LVU42
 132 0056 FFF7FEFF 		bl	Error_Handler
 133              	.LVL3:
 134 005a F2E7     		b	.L2
 135              	.L6:
 128:Core/Src/tim.c ****   }
 136              		.loc 1 128 5 view .LVU43
 137 005c FFF7FEFF 		bl	Error_Handler
 138              	.LVL4:
 139              		.loc 1 134 1 is_stmt 0 view .LVU44
 140 0060 F7E7     		b	.L1
 141              	.L8:
 142 0062 00BF     		.align	2
 143              	.L7:
 144 0064 00000000 		.word	htim3
 145 0068 00040040 		.word	1073742848
 146              		.cfi_endproc
 147              	.LFE221:
 149              		.section	.text.MX_TIM10_Init,"ax",%progbits
 150              		.align	1
 151              		.global	MX_TIM10_Init
ARM GAS  /tmp/ccRNSJ4K.s 			page 6


 152              		.syntax unified
 153              		.thumb
 154              		.thumb_func
 156              	MX_TIM10_Init:
 157              	.LFB223:
 135:Core/Src/tim.c **** /* TIM4 init function */
 136:Core/Src/tim.c **** void MX_TIM4_Init(void)
 137:Core/Src/tim.c **** {
 138:Core/Src/tim.c **** 
 139:Core/Src/tim.c ****   /* USER CODE BEGIN TIM4_Init 0 */
 140:Core/Src/tim.c **** 
 141:Core/Src/tim.c ****   /* USER CODE END TIM4_Init 0 */
 142:Core/Src/tim.c **** 
 143:Core/Src/tim.c ****   TIM_MasterConfigTypeDef sMasterConfig = {0};
 144:Core/Src/tim.c ****   TIM_OC_InitTypeDef sConfigOC = {0};
 145:Core/Src/tim.c **** 
 146:Core/Src/tim.c ****   /* USER CODE BEGIN TIM4_Init 1 */
 147:Core/Src/tim.c **** 
 148:Core/Src/tim.c ****   /* USER CODE END TIM4_Init 1 */
 149:Core/Src/tim.c ****   htim4.Instance = TIM4;
 150:Core/Src/tim.c ****   htim4.Init.Prescaler = 0;
 151:Core/Src/tim.c ****   htim4.Init.CounterMode = TIM_COUNTERMODE_UP;
 152:Core/Src/tim.c ****   htim4.Init.Period = 65535;
 153:Core/Src/tim.c ****   htim4.Init.ClockDivision = TIM_CLOCKDIVISION_DIV1;
 154:Core/Src/tim.c ****   htim4.Init.AutoReloadPreload = TIM_AUTORELOAD_PRELOAD_DISABLE;
 155:Core/Src/tim.c ****   if (HAL_TIM_PWM_Init(&htim4) != HAL_OK)
 156:Core/Src/tim.c ****   {
 157:Core/Src/tim.c ****     Error_Handler();
 158:Core/Src/tim.c ****   }
 159:Core/Src/tim.c ****   sMasterConfig.MasterOutputTrigger = TIM_TRGO_RESET;
 160:Core/Src/tim.c ****   sMasterConfig.MasterSlaveMode = TIM_MASTERSLAVEMODE_DISABLE;
 161:Core/Src/tim.c ****   if (HAL_TIMEx_MasterConfigSynchronization(&htim4, &sMasterConfig) != HAL_OK)
 162:Core/Src/tim.c ****   {
 163:Core/Src/tim.c ****     Error_Handler();
 164:Core/Src/tim.c ****   }
 165:Core/Src/tim.c ****   sConfigOC.OCMode = TIM_OCMODE_PWM1;
 166:Core/Src/tim.c ****   sConfigOC.Pulse = 0;
 167:Core/Src/tim.c ****   sConfigOC.OCPolarity = TIM_OCPOLARITY_HIGH;
 168:Core/Src/tim.c ****   sConfigOC.OCFastMode = TIM_OCFAST_DISABLE;
 169:Core/Src/tim.c ****   if (HAL_TIM_PWM_ConfigChannel(&htim4, &sConfigOC, TIM_CHANNEL_1) != HAL_OK)
 170:Core/Src/tim.c ****   {
 171:Core/Src/tim.c ****     Error_Handler();
 172:Core/Src/tim.c ****   }
 173:Core/Src/tim.c ****   if (HAL_TIM_PWM_ConfigChannel(&htim4, &sConfigOC, TIM_CHANNEL_2) != HAL_OK)
 174:Core/Src/tim.c ****   {
 175:Core/Src/tim.c ****     Error_Handler();
 176:Core/Src/tim.c ****   }
 177:Core/Src/tim.c ****   /* USER CODE BEGIN TIM4_Init 2 */
 178:Core/Src/tim.c **** 
 179:Core/Src/tim.c ****   /* USER CODE END TIM4_Init 2 */
 180:Core/Src/tim.c ****   HAL_TIM_MspPostInit(&htim4);
 181:Core/Src/tim.c **** 
 182:Core/Src/tim.c **** }
 183:Core/Src/tim.c **** /* TIM10 init function */
 184:Core/Src/tim.c **** void MX_TIM10_Init(void)
 185:Core/Src/tim.c **** {
 158              		.loc 1 185 1 is_stmt 1 view -0
ARM GAS  /tmp/ccRNSJ4K.s 			page 7


 159              		.cfi_startproc
 160              		@ args = 0, pretend = 0, frame = 0
 161              		@ frame_needed = 0, uses_anonymous_args = 0
 162 0000 08B5     		push	{r3, lr}
 163              	.LCFI4:
 164              		.cfi_def_cfa_offset 8
 165              		.cfi_offset 3, -8
 166              		.cfi_offset 14, -4
 186:Core/Src/tim.c **** 
 187:Core/Src/tim.c ****   /* USER CODE BEGIN TIM10_Init 0 */
 188:Core/Src/tim.c **** 
 189:Core/Src/tim.c ****   /* USER CODE END TIM10_Init 0 */
 190:Core/Src/tim.c **** 
 191:Core/Src/tim.c ****   /* USER CODE BEGIN TIM10_Init 1 */
 192:Core/Src/tim.c **** 
 193:Core/Src/tim.c ****   /* USER CODE END TIM10_Init 1 */
 194:Core/Src/tim.c ****   htim10.Instance = TIM10;
 167              		.loc 1 194 3 view .LVU46
 168              		.loc 1 194 19 is_stmt 0 view .LVU47
 169 0002 0948     		ldr	r0, .L13
 170 0004 094B     		ldr	r3, .L13+4
 171 0006 0360     		str	r3, [r0]
 195:Core/Src/tim.c ****   htim10.Init.Prescaler = PUB_PRESCALER;
 172              		.loc 1 195 3 is_stmt 1 view .LVU48
 173              		.loc 1 195 25 is_stmt 0 view .LVU49
 174 0008 5323     		movs	r3, #83
 175 000a 4360     		str	r3, [r0, #4]
 196:Core/Src/tim.c ****   htim10.Init.CounterMode = TIM_COUNTERMODE_UP;
 176              		.loc 1 196 3 is_stmt 1 view .LVU50
 177              		.loc 1 196 27 is_stmt 0 view .LVU51
 178 000c 0023     		movs	r3, #0
 179 000e 8360     		str	r3, [r0, #8]
 197:Core/Src/tim.c ****   htim10.Init.Period = PUB_COUNT_MAX;
 180              		.loc 1 197 3 is_stmt 1 view .LVU52
 181              		.loc 1 197 22 is_stmt 0 view .LVU53
 182 0010 43F69722 		movw	r2, #14999
 183 0014 C260     		str	r2, [r0, #12]
 198:Core/Src/tim.c ****   htim10.Init.ClockDivision = TIM_CLOCKDIVISION_DIV1;
 184              		.loc 1 198 3 is_stmt 1 view .LVU54
 185              		.loc 1 198 29 is_stmt 0 view .LVU55
 186 0016 0361     		str	r3, [r0, #16]
 199:Core/Src/tim.c ****   htim10.Init.AutoReloadPreload = TIM_AUTORELOAD_PRELOAD_DISABLE;
 187              		.loc 1 199 3 is_stmt 1 view .LVU56
 188              		.loc 1 199 33 is_stmt 0 view .LVU57
 189 0018 8361     		str	r3, [r0, #24]
 200:Core/Src/tim.c ****   if (HAL_TIM_Base_Init(&htim10) != HAL_OK)
 190              		.loc 1 200 3 is_stmt 1 view .LVU58
 191              		.loc 1 200 7 is_stmt 0 view .LVU59
 192 001a FFF7FEFF 		bl	HAL_TIM_Base_Init
 193              	.LVL5:
 194              		.loc 1 200 6 discriminator 1 view .LVU60
 195 001e 00B9     		cbnz	r0, .L12
 196              	.L9:
 201:Core/Src/tim.c ****   {
 202:Core/Src/tim.c ****     Error_Handler();
 203:Core/Src/tim.c ****   }
 204:Core/Src/tim.c ****   /* USER CODE BEGIN TIM10_Init 2 */
ARM GAS  /tmp/ccRNSJ4K.s 			page 8


 205:Core/Src/tim.c **** 
 206:Core/Src/tim.c ****   /* USER CODE END TIM10_Init 2 */
 207:Core/Src/tim.c **** 
 208:Core/Src/tim.c **** }
 197              		.loc 1 208 1 view .LVU61
 198 0020 08BD     		pop	{r3, pc}
 199              	.L12:
 202:Core/Src/tim.c ****   }
 200              		.loc 1 202 5 is_stmt 1 view .LVU62
 201 0022 FFF7FEFF 		bl	Error_Handler
 202              	.LVL6:
 203              		.loc 1 208 1 is_stmt 0 view .LVU63
 204 0026 FBE7     		b	.L9
 205              	.L14:
 206              		.align	2
 207              	.L13:
 208 0028 00000000 		.word	htim10
 209 002c 00440140 		.word	1073824768
 210              		.cfi_endproc
 211              	.LFE223:
 213              		.section	.text.MX_TIM11_Init,"ax",%progbits
 214              		.align	1
 215              		.global	MX_TIM11_Init
 216              		.syntax unified
 217              		.thumb
 218              		.thumb_func
 220              	MX_TIM11_Init:
 221              	.LFB224:
 209:Core/Src/tim.c **** /* TIM11 init function */
 210:Core/Src/tim.c **** void MX_TIM11_Init(void)
 211:Core/Src/tim.c **** {
 222              		.loc 1 211 1 is_stmt 1 view -0
 223              		.cfi_startproc
 224              		@ args = 0, pretend = 0, frame = 0
 225              		@ frame_needed = 0, uses_anonymous_args = 0
 226 0000 08B5     		push	{r3, lr}
 227              	.LCFI5:
 228              		.cfi_def_cfa_offset 8
 229              		.cfi_offset 3, -8
 230              		.cfi_offset 14, -4
 212:Core/Src/tim.c **** 
 213:Core/Src/tim.c ****   /* USER CODE BEGIN TIM11_Init 0 */
 214:Core/Src/tim.c **** 
 215:Core/Src/tim.c ****   /* USER CODE END TIM11_Init 0 */
 216:Core/Src/tim.c **** 
 217:Core/Src/tim.c ****   /* USER CODE BEGIN TIM11_Init 1 */
 218:Core/Src/tim.c **** 
 219:Core/Src/tim.c ****   /* USER CODE END TIM11_Init 1 */
 220:Core/Src/tim.c ****   htim11.Instance = TIM11;
 231              		.loc 1 220 3 view .LVU65
 232              		.loc 1 220 19 is_stmt 0 view .LVU66
 233 0002 0948     		ldr	r0, .L19
 234 0004 094B     		ldr	r3, .L19+4
 235 0006 0360     		str	r3, [r0]
 221:Core/Src/tim.c ****   htim11.Init.Prescaler = ENC_PRESCALER;
 236              		.loc 1 221 3 is_stmt 1 view .LVU67
 237              		.loc 1 221 25 is_stmt 0 view .LVU68
ARM GAS  /tmp/ccRNSJ4K.s 			page 9


 238 0008 5323     		movs	r3, #83
 239 000a 4360     		str	r3, [r0, #4]
 222:Core/Src/tim.c ****   htim11.Init.CounterMode = TIM_COUNTERMODE_UP;
 240              		.loc 1 222 3 is_stmt 1 view .LVU69
 241              		.loc 1 222 27 is_stmt 0 view .LVU70
 242 000c 0023     		movs	r3, #0
 243 000e 8360     		str	r3, [r0, #8]
 223:Core/Src/tim.c ****   htim11.Init.Period = ENC_COUNT_MAX;
 244              		.loc 1 223 3 is_stmt 1 view .LVU71
 245              		.loc 1 223 22 is_stmt 0 view .LVU72
 246 0010 40F2E732 		movw	r2, #999
 247 0014 C260     		str	r2, [r0, #12]
 224:Core/Src/tim.c ****   htim11.Init.ClockDivision = TIM_CLOCKDIVISION_DIV1;
 248              		.loc 1 224 3 is_stmt 1 view .LVU73
 249              		.loc 1 224 29 is_stmt 0 view .LVU74
 250 0016 0361     		str	r3, [r0, #16]
 225:Core/Src/tim.c ****   htim11.Init.AutoReloadPreload = TIM_AUTORELOAD_PRELOAD_DISABLE;
 251              		.loc 1 225 3 is_stmt 1 view .LVU75
 252              		.loc 1 225 33 is_stmt 0 view .LVU76
 253 0018 8361     		str	r3, [r0, #24]
 226:Core/Src/tim.c ****   if (HAL_TIM_Base_Init(&htim11) != HAL_OK)
 254              		.loc 1 226 3 is_stmt 1 view .LVU77
 255              		.loc 1 226 7 is_stmt 0 view .LVU78
 256 001a FFF7FEFF 		bl	HAL_TIM_Base_Init
 257              	.LVL7:
 258              		.loc 1 226 6 discriminator 1 view .LVU79
 259 001e 00B9     		cbnz	r0, .L18
 260              	.L15:
 227:Core/Src/tim.c ****   {
 228:Core/Src/tim.c ****     Error_Handler();
 229:Core/Src/tim.c ****   }
 230:Core/Src/tim.c ****   /* USER CODE BEGIN TIM11_Init 2 */
 231:Core/Src/tim.c **** 
 232:Core/Src/tim.c ****   /* USER CODE END TIM11_Init 2 */
 233:Core/Src/tim.c **** 
 234:Core/Src/tim.c **** }
 261              		.loc 1 234 1 view .LVU80
 262 0020 08BD     		pop	{r3, pc}
 263              	.L18:
 228:Core/Src/tim.c ****   }
 264              		.loc 1 228 5 is_stmt 1 view .LVU81
 265 0022 FFF7FEFF 		bl	Error_Handler
 266              	.LVL8:
 267              		.loc 1 234 1 is_stmt 0 view .LVU82
 268 0026 FBE7     		b	.L15
 269              	.L20:
 270              		.align	2
 271              	.L19:
 272 0028 00000000 		.word	htim11
 273 002c 00480140 		.word	1073825792
 274              		.cfi_endproc
 275              	.LFE224:
 277              		.section	.text.HAL_TIM_Base_MspInit,"ax",%progbits
 278              		.align	1
 279              		.global	HAL_TIM_Base_MspInit
 280              		.syntax unified
 281              		.thumb
ARM GAS  /tmp/ccRNSJ4K.s 			page 10


 282              		.thumb_func
 284              	HAL_TIM_Base_MspInit:
 285              	.LVL9:
 286              	.LFB225:
 235:Core/Src/tim.c **** 
 236:Core/Src/tim.c **** void HAL_TIM_Base_MspInit(TIM_HandleTypeDef* tim_baseHandle)
 237:Core/Src/tim.c **** {
 287              		.loc 1 237 1 is_stmt 1 view -0
 288              		.cfi_startproc
 289              		@ args = 0, pretend = 0, frame = 16
 290              		@ frame_needed = 0, uses_anonymous_args = 0
 291              		.loc 1 237 1 is_stmt 0 view .LVU84
 292 0000 00B5     		push	{lr}
 293              	.LCFI6:
 294              		.cfi_def_cfa_offset 4
 295              		.cfi_offset 14, -4
 296 0002 85B0     		sub	sp, sp, #20
 297              	.LCFI7:
 298              		.cfi_def_cfa_offset 24
 238:Core/Src/tim.c **** 
 239:Core/Src/tim.c ****   if(tim_baseHandle->Instance==TIM2)
 299              		.loc 1 239 3 is_stmt 1 view .LVU85
 300              		.loc 1 239 20 is_stmt 0 view .LVU86
 301 0004 0368     		ldr	r3, [r0]
 302              		.loc 1 239 5 view .LVU87
 303 0006 B3F1804F 		cmp	r3, #1073741824
 304 000a 07D0     		beq	.L26
 240:Core/Src/tim.c ****   {
 241:Core/Src/tim.c ****   /* USER CODE BEGIN TIM2_MspInit 0 */
 242:Core/Src/tim.c **** 
 243:Core/Src/tim.c ****   /* USER CODE END TIM2_MspInit 0 */
 244:Core/Src/tim.c ****     /* TIM2 clock enable */
 245:Core/Src/tim.c ****     __HAL_RCC_TIM2_CLK_ENABLE();
 246:Core/Src/tim.c ****   /* USER CODE BEGIN TIM2_MspInit 1 */
 247:Core/Src/tim.c **** 
 248:Core/Src/tim.c ****   /* USER CODE END TIM2_MspInit 1 */
 249:Core/Src/tim.c ****   }
 250:Core/Src/tim.c ****   else if(tim_baseHandle->Instance==TIM10)
 305              		.loc 1 250 8 is_stmt 1 view .LVU88
 306              		.loc 1 250 10 is_stmt 0 view .LVU89
 307 000c 1E4A     		ldr	r2, .L29
 308 000e 9342     		cmp	r3, r2
 309 0010 11D0     		beq	.L27
 251:Core/Src/tim.c ****   {
 252:Core/Src/tim.c ****   /* USER CODE BEGIN TIM10_MspInit 0 */
 253:Core/Src/tim.c **** 
 254:Core/Src/tim.c ****   /* USER CODE END TIM10_MspInit 0 */
 255:Core/Src/tim.c ****     /* TIM10 clock enable */
 256:Core/Src/tim.c ****     __HAL_RCC_TIM10_CLK_ENABLE();
 257:Core/Src/tim.c **** 
 258:Core/Src/tim.c ****     /* TIM10 interrupt Init */
 259:Core/Src/tim.c ****     HAL_NVIC_SetPriority(TIM1_UP_TIM10_IRQn, 15, 0);
 260:Core/Src/tim.c ****     HAL_NVIC_EnableIRQ(TIM1_UP_TIM10_IRQn);
 261:Core/Src/tim.c ****   /* USER CODE BEGIN TIM10_MspInit 1 */
 262:Core/Src/tim.c **** 
 263:Core/Src/tim.c ****   /* USER CODE END TIM10_MspInit 1 */
 264:Core/Src/tim.c ****   }
ARM GAS  /tmp/ccRNSJ4K.s 			page 11


 265:Core/Src/tim.c ****   else if(tim_baseHandle->Instance==TIM11)
 310              		.loc 1 265 8 is_stmt 1 view .LVU90
 311              		.loc 1 265 10 is_stmt 0 view .LVU91
 312 0012 1E4A     		ldr	r2, .L29+4
 313 0014 9342     		cmp	r3, r2
 314 0016 22D0     		beq	.L28
 315              	.LVL10:
 316              	.L21:
 266:Core/Src/tim.c ****   {
 267:Core/Src/tim.c ****   /* USER CODE BEGIN TIM11_MspInit 0 */
 268:Core/Src/tim.c **** 
 269:Core/Src/tim.c ****   /* USER CODE END TIM11_MspInit 0 */
 270:Core/Src/tim.c ****     /* TIM11 clock enable */
 271:Core/Src/tim.c ****     __HAL_RCC_TIM11_CLK_ENABLE();
 272:Core/Src/tim.c **** 
 273:Core/Src/tim.c ****     /* TIM11 interrupt Init */
 274:Core/Src/tim.c ****     HAL_NVIC_SetPriority(TIM1_TRG_COM_TIM11_IRQn, 5, 0);
 275:Core/Src/tim.c ****     HAL_NVIC_EnableIRQ(TIM1_TRG_COM_TIM11_IRQn);
 276:Core/Src/tim.c ****   /* USER CODE BEGIN TIM11_MspInit 1 */
 277:Core/Src/tim.c **** 
 278:Core/Src/tim.c ****   /* USER CODE END TIM11_MspInit 1 */
 279:Core/Src/tim.c ****   }
 280:Core/Src/tim.c **** }
 317              		.loc 1 280 1 view .LVU92
 318 0018 05B0     		add	sp, sp, #20
 319              	.LCFI8:
 320              		.cfi_remember_state
 321              		.cfi_def_cfa_offset 4
 322              		@ sp needed
 323 001a 00BD     		pop	{pc}
 324              	.LVL11:
 325              	.L26:
 326              	.LCFI9:
 327              		.cfi_restore_state
 245:Core/Src/tim.c ****   /* USER CODE BEGIN TIM2_MspInit 1 */
 328              		.loc 1 245 5 is_stmt 1 view .LVU93
 329              	.LBB2:
 245:Core/Src/tim.c ****   /* USER CODE BEGIN TIM2_MspInit 1 */
 330              		.loc 1 245 5 view .LVU94
 331 001c 0023     		movs	r3, #0
 332 001e 0193     		str	r3, [sp, #4]
 245:Core/Src/tim.c ****   /* USER CODE BEGIN TIM2_MspInit 1 */
 333              		.loc 1 245 5 view .LVU95
 334 0020 1B4B     		ldr	r3, .L29+8
 335 0022 1A6C     		ldr	r2, [r3, #64]
 336 0024 42F00102 		orr	r2, r2, #1
 337 0028 1A64     		str	r2, [r3, #64]
 245:Core/Src/tim.c ****   /* USER CODE BEGIN TIM2_MspInit 1 */
 338              		.loc 1 245 5 view .LVU96
 339 002a 1B6C     		ldr	r3, [r3, #64]
 340 002c 03F00103 		and	r3, r3, #1
 341 0030 0193     		str	r3, [sp, #4]
 245:Core/Src/tim.c ****   /* USER CODE BEGIN TIM2_MspInit 1 */
 342              		.loc 1 245 5 view .LVU97
 343 0032 019B     		ldr	r3, [sp, #4]
 344              	.LBE2:
 245:Core/Src/tim.c ****   /* USER CODE BEGIN TIM2_MspInit 1 */
ARM GAS  /tmp/ccRNSJ4K.s 			page 12


 345              		.loc 1 245 5 view .LVU98
 346 0034 F0E7     		b	.L21
 347              	.L27:
 256:Core/Src/tim.c **** 
 348              		.loc 1 256 5 view .LVU99
 349              	.LBB3:
 256:Core/Src/tim.c **** 
 350              		.loc 1 256 5 view .LVU100
 351 0036 0022     		movs	r2, #0
 352 0038 0292     		str	r2, [sp, #8]
 256:Core/Src/tim.c **** 
 353              		.loc 1 256 5 view .LVU101
 354 003a 154B     		ldr	r3, .L29+8
 355 003c 596C     		ldr	r1, [r3, #68]
 356 003e 41F40031 		orr	r1, r1, #131072
 357 0042 5964     		str	r1, [r3, #68]
 256:Core/Src/tim.c **** 
 358              		.loc 1 256 5 view .LVU102
 359 0044 5B6C     		ldr	r3, [r3, #68]
 360 0046 03F40033 		and	r3, r3, #131072
 361 004a 0293     		str	r3, [sp, #8]
 256:Core/Src/tim.c **** 
 362              		.loc 1 256 5 view .LVU103
 363 004c 029B     		ldr	r3, [sp, #8]
 364              	.LBE3:
 256:Core/Src/tim.c **** 
 365              		.loc 1 256 5 view .LVU104
 259:Core/Src/tim.c ****     HAL_NVIC_EnableIRQ(TIM1_UP_TIM10_IRQn);
 366              		.loc 1 259 5 view .LVU105
 367 004e 0F21     		movs	r1, #15
 368 0050 1920     		movs	r0, #25
 369              	.LVL12:
 259:Core/Src/tim.c ****     HAL_NVIC_EnableIRQ(TIM1_UP_TIM10_IRQn);
 370              		.loc 1 259 5 is_stmt 0 view .LVU106
 371 0052 FFF7FEFF 		bl	HAL_NVIC_SetPriority
 372              	.LVL13:
 260:Core/Src/tim.c ****   /* USER CODE BEGIN TIM10_MspInit 1 */
 373              		.loc 1 260 5 is_stmt 1 view .LVU107
 374 0056 1920     		movs	r0, #25
 375 0058 FFF7FEFF 		bl	HAL_NVIC_EnableIRQ
 376              	.LVL14:
 377 005c DCE7     		b	.L21
 378              	.LVL15:
 379              	.L28:
 271:Core/Src/tim.c **** 
 380              		.loc 1 271 5 view .LVU108
 381              	.LBB4:
 271:Core/Src/tim.c **** 
 382              		.loc 1 271 5 view .LVU109
 383 005e 0022     		movs	r2, #0
 384 0060 0392     		str	r2, [sp, #12]
 271:Core/Src/tim.c **** 
 385              		.loc 1 271 5 view .LVU110
 386 0062 0B4B     		ldr	r3, .L29+8
 387 0064 596C     		ldr	r1, [r3, #68]
 388 0066 41F48021 		orr	r1, r1, #262144
 389 006a 5964     		str	r1, [r3, #68]
ARM GAS  /tmp/ccRNSJ4K.s 			page 13


 271:Core/Src/tim.c **** 
 390              		.loc 1 271 5 view .LVU111
 391 006c 5B6C     		ldr	r3, [r3, #68]
 392 006e 03F48023 		and	r3, r3, #262144
 393 0072 0393     		str	r3, [sp, #12]
 271:Core/Src/tim.c **** 
 394              		.loc 1 271 5 view .LVU112
 395 0074 039B     		ldr	r3, [sp, #12]
 396              	.LBE4:
 271:Core/Src/tim.c **** 
 397              		.loc 1 271 5 view .LVU113
 274:Core/Src/tim.c ****     HAL_NVIC_EnableIRQ(TIM1_TRG_COM_TIM11_IRQn);
 398              		.loc 1 274 5 view .LVU114
 399 0076 0521     		movs	r1, #5
 400 0078 1A20     		movs	r0, #26
 401              	.LVL16:
 274:Core/Src/tim.c ****     HAL_NVIC_EnableIRQ(TIM1_TRG_COM_TIM11_IRQn);
 402              		.loc 1 274 5 is_stmt 0 view .LVU115
 403 007a FFF7FEFF 		bl	HAL_NVIC_SetPriority
 404              	.LVL17:
 275:Core/Src/tim.c ****   /* USER CODE BEGIN TIM11_MspInit 1 */
 405              		.loc 1 275 5 is_stmt 1 view .LVU116
 406 007e 1A20     		movs	r0, #26
 407 0080 FFF7FEFF 		bl	HAL_NVIC_EnableIRQ
 408              	.LVL18:
 409              		.loc 1 280 1 is_stmt 0 view .LVU117
 410 0084 C8E7     		b	.L21
 411              	.L30:
 412 0086 00BF     		.align	2
 413              	.L29:
 414 0088 00440140 		.word	1073824768
 415 008c 00480140 		.word	1073825792
 416 0090 00380240 		.word	1073887232
 417              		.cfi_endproc
 418              	.LFE225:
 420              		.section	.text.HAL_TIM_Encoder_MspInit,"ax",%progbits
 421              		.align	1
 422              		.global	HAL_TIM_Encoder_MspInit
 423              		.syntax unified
 424              		.thumb
 425              		.thumb_func
 427              	HAL_TIM_Encoder_MspInit:
 428              	.LVL19:
 429              	.LFB226:
 281:Core/Src/tim.c **** 
 282:Core/Src/tim.c **** void HAL_TIM_Encoder_MspInit(TIM_HandleTypeDef* tim_encoderHandle)
 283:Core/Src/tim.c **** {
 430              		.loc 1 283 1 is_stmt 1 view -0
 431              		.cfi_startproc
 432              		@ args = 0, pretend = 0, frame = 32
 433              		@ frame_needed = 0, uses_anonymous_args = 0
 434              		.loc 1 283 1 is_stmt 0 view .LVU119
 435 0000 00B5     		push	{lr}
 436              	.LCFI10:
 437              		.cfi_def_cfa_offset 4
 438              		.cfi_offset 14, -4
 439 0002 89B0     		sub	sp, sp, #36
ARM GAS  /tmp/ccRNSJ4K.s 			page 14


 440              	.LCFI11:
 441              		.cfi_def_cfa_offset 40
 284:Core/Src/tim.c **** 
 285:Core/Src/tim.c ****   GPIO_InitTypeDef GPIO_InitStruct = {0};
 442              		.loc 1 285 3 is_stmt 1 view .LVU120
 443              		.loc 1 285 20 is_stmt 0 view .LVU121
 444 0004 0023     		movs	r3, #0
 445 0006 0393     		str	r3, [sp, #12]
 446 0008 0493     		str	r3, [sp, #16]
 447 000a 0593     		str	r3, [sp, #20]
 448 000c 0693     		str	r3, [sp, #24]
 449 000e 0793     		str	r3, [sp, #28]
 286:Core/Src/tim.c ****   if(tim_encoderHandle->Instance==TIM3)
 450              		.loc 1 286 3 is_stmt 1 view .LVU122
 451              		.loc 1 286 23 is_stmt 0 view .LVU123
 452 0010 0268     		ldr	r2, [r0]
 453              		.loc 1 286 5 view .LVU124
 454 0012 134B     		ldr	r3, .L35
 455 0014 9A42     		cmp	r2, r3
 456 0016 01D0     		beq	.L34
 457              	.LVL20:
 458              	.L31:
 287:Core/Src/tim.c ****   {
 288:Core/Src/tim.c ****   /* USER CODE BEGIN TIM3_MspInit 0 */
 289:Core/Src/tim.c **** 
 290:Core/Src/tim.c ****   /* USER CODE END TIM3_MspInit 0 */
 291:Core/Src/tim.c ****     /* TIM3 clock enable */
 292:Core/Src/tim.c ****     __HAL_RCC_TIM3_CLK_ENABLE();
 293:Core/Src/tim.c **** 
 294:Core/Src/tim.c ****     __HAL_RCC_GPIOA_CLK_ENABLE();
 295:Core/Src/tim.c ****     /**TIM3 GPIO Configuration
 296:Core/Src/tim.c ****     PA6     ------> TIM3_CH1
 297:Core/Src/tim.c ****     PA7     ------> TIM3_CH2
 298:Core/Src/tim.c ****     */
 299:Core/Src/tim.c ****     GPIO_InitStruct.Pin = Encoder_A_Pin_Pin|Encoder_B_Pin_Pin;
 300:Core/Src/tim.c ****     GPIO_InitStruct.Mode = GPIO_MODE_AF_PP;
 301:Core/Src/tim.c ****     GPIO_InitStruct.Pull = GPIO_NOPULL;
 302:Core/Src/tim.c ****     GPIO_InitStruct.Speed = GPIO_SPEED_FREQ_LOW;
 303:Core/Src/tim.c ****     GPIO_InitStruct.Alternate = GPIO_AF2_TIM3;
 304:Core/Src/tim.c ****     HAL_GPIO_Init(GPIOA, &GPIO_InitStruct);
 305:Core/Src/tim.c **** 
 306:Core/Src/tim.c ****   /* USER CODE BEGIN TIM3_MspInit 1 */
 307:Core/Src/tim.c **** 
 308:Core/Src/tim.c ****   /* USER CODE END TIM3_MspInit 1 */
 309:Core/Src/tim.c ****   }
 310:Core/Src/tim.c **** }
 459              		.loc 1 310 1 view .LVU125
 460 0018 09B0     		add	sp, sp, #36
 461              	.LCFI12:
 462              		.cfi_remember_state
 463              		.cfi_def_cfa_offset 4
 464              		@ sp needed
 465 001a 00BD     		pop	{pc}
 466              	.LVL21:
 467              	.L34:
 468              	.LCFI13:
 469              		.cfi_restore_state
ARM GAS  /tmp/ccRNSJ4K.s 			page 15


 292:Core/Src/tim.c **** 
 470              		.loc 1 292 5 is_stmt 1 view .LVU126
 471              	.LBB5:
 292:Core/Src/tim.c **** 
 472              		.loc 1 292 5 view .LVU127
 473 001c 0021     		movs	r1, #0
 474 001e 0191     		str	r1, [sp, #4]
 292:Core/Src/tim.c **** 
 475              		.loc 1 292 5 view .LVU128
 476 0020 03F50D33 		add	r3, r3, #144384
 477 0024 1A6C     		ldr	r2, [r3, #64]
 478 0026 42F00202 		orr	r2, r2, #2
 479 002a 1A64     		str	r2, [r3, #64]
 292:Core/Src/tim.c **** 
 480              		.loc 1 292 5 view .LVU129
 481 002c 1A6C     		ldr	r2, [r3, #64]
 482 002e 02F00202 		and	r2, r2, #2
 483 0032 0192     		str	r2, [sp, #4]
 292:Core/Src/tim.c **** 
 484              		.loc 1 292 5 view .LVU130
 485 0034 019A     		ldr	r2, [sp, #4]
 486              	.LBE5:
 292:Core/Src/tim.c **** 
 487              		.loc 1 292 5 view .LVU131
 294:Core/Src/tim.c ****     /**TIM3 GPIO Configuration
 488              		.loc 1 294 5 view .LVU132
 489              	.LBB6:
 294:Core/Src/tim.c ****     /**TIM3 GPIO Configuration
 490              		.loc 1 294 5 view .LVU133
 491 0036 0291     		str	r1, [sp, #8]
 294:Core/Src/tim.c ****     /**TIM3 GPIO Configuration
 492              		.loc 1 294 5 view .LVU134
 493 0038 1A6B     		ldr	r2, [r3, #48]
 494 003a 42F00102 		orr	r2, r2, #1
 495 003e 1A63     		str	r2, [r3, #48]
 294:Core/Src/tim.c ****     /**TIM3 GPIO Configuration
 496              		.loc 1 294 5 view .LVU135
 497 0040 1B6B     		ldr	r3, [r3, #48]
 498 0042 03F00103 		and	r3, r3, #1
 499 0046 0293     		str	r3, [sp, #8]
 294:Core/Src/tim.c ****     /**TIM3 GPIO Configuration
 500              		.loc 1 294 5 view .LVU136
 501 0048 029B     		ldr	r3, [sp, #8]
 502              	.LBE6:
 294:Core/Src/tim.c ****     /**TIM3 GPIO Configuration
 503              		.loc 1 294 5 view .LVU137
 299:Core/Src/tim.c ****     GPIO_InitStruct.Mode = GPIO_MODE_AF_PP;
 504              		.loc 1 299 5 view .LVU138
 299:Core/Src/tim.c ****     GPIO_InitStruct.Mode = GPIO_MODE_AF_PP;
 505              		.loc 1 299 25 is_stmt 0 view .LVU139
 506 004a C023     		movs	r3, #192
 507 004c 0393     		str	r3, [sp, #12]
 300:Core/Src/tim.c ****     GPIO_InitStruct.Pull = GPIO_NOPULL;
 508              		.loc 1 300 5 is_stmt 1 view .LVU140
 300:Core/Src/tim.c ****     GPIO_InitStruct.Pull = GPIO_NOPULL;
 509              		.loc 1 300 26 is_stmt 0 view .LVU141
 510 004e 0223     		movs	r3, #2
ARM GAS  /tmp/ccRNSJ4K.s 			page 16


 511 0050 0493     		str	r3, [sp, #16]
 301:Core/Src/tim.c ****     GPIO_InitStruct.Speed = GPIO_SPEED_FREQ_LOW;
 512              		.loc 1 301 5 is_stmt 1 view .LVU142
 302:Core/Src/tim.c ****     GPIO_InitStruct.Alternate = GPIO_AF2_TIM3;
 513              		.loc 1 302 5 view .LVU143
 303:Core/Src/tim.c ****     HAL_GPIO_Init(GPIOA, &GPIO_InitStruct);
 514              		.loc 1 303 5 view .LVU144
 303:Core/Src/tim.c ****     HAL_GPIO_Init(GPIOA, &GPIO_InitStruct);
 515              		.loc 1 303 31 is_stmt 0 view .LVU145
 516 0052 0793     		str	r3, [sp, #28]
 304:Core/Src/tim.c **** 
 517              		.loc 1 304 5 is_stmt 1 view .LVU146
 518 0054 03A9     		add	r1, sp, #12
 519 0056 0348     		ldr	r0, .L35+4
 520              	.LVL22:
 304:Core/Src/tim.c **** 
 521              		.loc 1 304 5 is_stmt 0 view .LVU147
 522 0058 FFF7FEFF 		bl	HAL_GPIO_Init
 523              	.LVL23:
 524              		.loc 1 310 1 view .LVU148
 525 005c DCE7     		b	.L31
 526              	.L36:
 527 005e 00BF     		.align	2
 528              	.L35:
 529 0060 00040040 		.word	1073742848
 530 0064 00000240 		.word	1073872896
 531              		.cfi_endproc
 532              	.LFE226:
 534              		.section	.text.HAL_TIM_PWM_MspInit,"ax",%progbits
 535              		.align	1
 536              		.global	HAL_TIM_PWM_MspInit
 537              		.syntax unified
 538              		.thumb
 539              		.thumb_func
 541              	HAL_TIM_PWM_MspInit:
 542              	.LVL24:
 543              	.LFB227:
 311:Core/Src/tim.c **** 
 312:Core/Src/tim.c **** void HAL_TIM_PWM_MspInit(TIM_HandleTypeDef* tim_pwmHandle)
 313:Core/Src/tim.c **** {
 544              		.loc 1 313 1 is_stmt 1 view -0
 545              		.cfi_startproc
 546              		@ args = 0, pretend = 0, frame = 8
 547              		@ frame_needed = 0, uses_anonymous_args = 0
 548              		@ link register save eliminated.
 314:Core/Src/tim.c **** 
 315:Core/Src/tim.c ****   if(tim_pwmHandle->Instance==TIM4)
 549              		.loc 1 315 3 view .LVU150
 550              		.loc 1 315 19 is_stmt 0 view .LVU151
 551 0000 0268     		ldr	r2, [r0]
 552              		.loc 1 315 5 view .LVU152
 553 0002 094B     		ldr	r3, .L44
 554 0004 9A42     		cmp	r2, r3
 555 0006 00D0     		beq	.L43
 556 0008 7047     		bx	lr
 557              	.L43:
 313:Core/Src/tim.c **** 
ARM GAS  /tmp/ccRNSJ4K.s 			page 17


 558              		.loc 1 313 1 view .LVU153
 559 000a 82B0     		sub	sp, sp, #8
 560              	.LCFI14:
 561              		.cfi_def_cfa_offset 8
 316:Core/Src/tim.c ****   {
 317:Core/Src/tim.c ****   /* USER CODE BEGIN TIM4_MspInit 0 */
 318:Core/Src/tim.c **** 
 319:Core/Src/tim.c ****   /* USER CODE END TIM4_MspInit 0 */
 320:Core/Src/tim.c ****     /* TIM4 clock enable */
 321:Core/Src/tim.c ****     __HAL_RCC_TIM4_CLK_ENABLE();
 562              		.loc 1 321 5 is_stmt 1 view .LVU154
 563              	.LBB7:
 564              		.loc 1 321 5 view .LVU155
 565 000c 0023     		movs	r3, #0
 566 000e 0193     		str	r3, [sp, #4]
 567              		.loc 1 321 5 view .LVU156
 568 0010 064B     		ldr	r3, .L44+4
 569 0012 1A6C     		ldr	r2, [r3, #64]
 570 0014 42F00402 		orr	r2, r2, #4
 571 0018 1A64     		str	r2, [r3, #64]
 572              		.loc 1 321 5 view .LVU157
 573 001a 1B6C     		ldr	r3, [r3, #64]
 574 001c 03F00403 		and	r3, r3, #4
 575 0020 0193     		str	r3, [sp, #4]
 576              		.loc 1 321 5 view .LVU158
 577 0022 019B     		ldr	r3, [sp, #4]
 578              	.LBE7:
 579              		.loc 1 321 5 view .LVU159
 322:Core/Src/tim.c ****   /* USER CODE BEGIN TIM4_MspInit 1 */
 323:Core/Src/tim.c **** 
 324:Core/Src/tim.c ****   /* USER CODE END TIM4_MspInit 1 */
 325:Core/Src/tim.c ****   }
 326:Core/Src/tim.c **** }
 580              		.loc 1 326 1 is_stmt 0 view .LVU160
 581 0024 02B0     		add	sp, sp, #8
 582              	.LCFI15:
 583              		.cfi_def_cfa_offset 0
 584              		@ sp needed
 585 0026 7047     		bx	lr
 586              	.L45:
 587              		.align	2
 588              	.L44:
 589 0028 00080040 		.word	1073743872
 590 002c 00380240 		.word	1073887232
 591              		.cfi_endproc
 592              	.LFE227:
 594              		.section	.text.HAL_TIM_MspPostInit,"ax",%progbits
 595              		.align	1
 596              		.global	HAL_TIM_MspPostInit
 597              		.syntax unified
 598              		.thumb
 599              		.thumb_func
 601              	HAL_TIM_MspPostInit:
 602              	.LVL25:
 603              	.LFB228:
 327:Core/Src/tim.c **** void HAL_TIM_MspPostInit(TIM_HandleTypeDef* timHandle)
 328:Core/Src/tim.c **** {
ARM GAS  /tmp/ccRNSJ4K.s 			page 18


 604              		.loc 1 328 1 is_stmt 1 view -0
 605              		.cfi_startproc
 606              		@ args = 0, pretend = 0, frame = 32
 607              		@ frame_needed = 0, uses_anonymous_args = 0
 608              		.loc 1 328 1 is_stmt 0 view .LVU162
 609 0000 F0B5     		push	{r4, r5, r6, r7, lr}
 610              	.LCFI16:
 611              		.cfi_def_cfa_offset 20
 612              		.cfi_offset 4, -20
 613              		.cfi_offset 5, -16
 614              		.cfi_offset 6, -12
 615              		.cfi_offset 7, -8
 616              		.cfi_offset 14, -4
 617 0002 89B0     		sub	sp, sp, #36
 618              	.LCFI17:
 619              		.cfi_def_cfa_offset 56
 329:Core/Src/tim.c **** 
 330:Core/Src/tim.c ****   GPIO_InitTypeDef GPIO_InitStruct = {0};
 620              		.loc 1 330 3 is_stmt 1 view .LVU163
 621              		.loc 1 330 20 is_stmt 0 view .LVU164
 622 0004 0023     		movs	r3, #0
 623 0006 0393     		str	r3, [sp, #12]
 624 0008 0493     		str	r3, [sp, #16]
 625 000a 0593     		str	r3, [sp, #20]
 626 000c 0693     		str	r3, [sp, #24]
 627 000e 0793     		str	r3, [sp, #28]
 331:Core/Src/tim.c ****   if(timHandle->Instance==TIM2)
 628              		.loc 1 331 3 is_stmt 1 view .LVU165
 629              		.loc 1 331 15 is_stmt 0 view .LVU166
 630 0010 0368     		ldr	r3, [r0]
 631              		.loc 1 331 5 view .LVU167
 632 0012 B3F1804F 		cmp	r3, #1073741824
 633 0016 04D0     		beq	.L50
 332:Core/Src/tim.c ****   {
 333:Core/Src/tim.c ****   /* USER CODE BEGIN TIM2_MspPostInit 0 */
 334:Core/Src/tim.c **** 
 335:Core/Src/tim.c ****   /* USER CODE END TIM2_MspPostInit 0 */
 336:Core/Src/tim.c ****     __HAL_RCC_GPIOA_CLK_ENABLE();
 337:Core/Src/tim.c ****     __HAL_RCC_GPIOB_CLK_ENABLE();
 338:Core/Src/tim.c ****     /**TIM2 GPIO Configuration
 339:Core/Src/tim.c ****     PA0-WKUP     ------> TIM2_CH1
 340:Core/Src/tim.c ****     PB10     ------> TIM2_CH3
 341:Core/Src/tim.c ****     */
 342:Core/Src/tim.c ****     GPIO_InitStruct.Pin = SERVO_PWM_Pin;
 343:Core/Src/tim.c ****     GPIO_InitStruct.Mode = GPIO_MODE_AF_PP;
 344:Core/Src/tim.c ****     GPIO_InitStruct.Pull = GPIO_NOPULL;
 345:Core/Src/tim.c ****     GPIO_InitStruct.Speed = GPIO_SPEED_FREQ_LOW;
 346:Core/Src/tim.c ****     GPIO_InitStruct.Alternate = GPIO_AF1_TIM2;
 347:Core/Src/tim.c ****     HAL_GPIO_Init(SERVO_PWM_GPIO_Port, &GPIO_InitStruct);
 348:Core/Src/tim.c **** 
 349:Core/Src/tim.c ****     GPIO_InitStruct.Pin = MOTOR_PWM_Pin;
 350:Core/Src/tim.c ****     GPIO_InitStruct.Mode = GPIO_MODE_AF_PP;
 351:Core/Src/tim.c ****     GPIO_InitStruct.Pull = GPIO_NOPULL;
 352:Core/Src/tim.c ****     GPIO_InitStruct.Speed = GPIO_SPEED_FREQ_LOW;
 353:Core/Src/tim.c ****     GPIO_InitStruct.Alternate = GPIO_AF1_TIM2;
 354:Core/Src/tim.c ****     HAL_GPIO_Init(MOTOR_PWM_GPIO_Port, &GPIO_InitStruct);
 355:Core/Src/tim.c **** 
ARM GAS  /tmp/ccRNSJ4K.s 			page 19


 356:Core/Src/tim.c ****   /* USER CODE BEGIN TIM2_MspPostInit 1 */
 357:Core/Src/tim.c **** 
 358:Core/Src/tim.c ****   /* USER CODE END TIM2_MspPostInit 1 */
 359:Core/Src/tim.c ****   }
 360:Core/Src/tim.c ****   else if(timHandle->Instance==TIM4)
 634              		.loc 1 360 8 is_stmt 1 view .LVU168
 635              		.loc 1 360 10 is_stmt 0 view .LVU169
 636 0018 234A     		ldr	r2, .L52
 637 001a 9342     		cmp	r3, r2
 638 001c 2ED0     		beq	.L51
 639              	.LVL26:
 640              	.L46:
 361:Core/Src/tim.c ****   {
 362:Core/Src/tim.c ****   /* USER CODE BEGIN TIM4_MspPostInit 0 */
 363:Core/Src/tim.c **** 
 364:Core/Src/tim.c ****   /* USER CODE END TIM4_MspPostInit 0 */
 365:Core/Src/tim.c **** 
 366:Core/Src/tim.c ****     __HAL_RCC_GPIOB_CLK_ENABLE();
 367:Core/Src/tim.c ****     /**TIM4 GPIO Configuration
 368:Core/Src/tim.c ****     PB6     ------> TIM4_CH1
 369:Core/Src/tim.c ****     PB7     ------> TIM4_CH2
 370:Core/Src/tim.c ****     */
 371:Core/Src/tim.c ****     GPIO_InitStruct.Pin = SPEAKER_PWM_Pin|LED_PWM_Pin;
 372:Core/Src/tim.c ****     GPIO_InitStruct.Mode = GPIO_MODE_AF_PP;
 373:Core/Src/tim.c ****     GPIO_InitStruct.Pull = GPIO_NOPULL;
 374:Core/Src/tim.c ****     GPIO_InitStruct.Speed = GPIO_SPEED_FREQ_LOW;
 375:Core/Src/tim.c ****     GPIO_InitStruct.Alternate = GPIO_AF2_TIM4;
 376:Core/Src/tim.c ****     HAL_GPIO_Init(GPIOB, &GPIO_InitStruct);
 377:Core/Src/tim.c **** 
 378:Core/Src/tim.c ****   /* USER CODE BEGIN TIM4_MspPostInit 1 */
 379:Core/Src/tim.c **** 
 380:Core/Src/tim.c ****   /* USER CODE END TIM4_MspPostInit 1 */
 381:Core/Src/tim.c ****   }
 382:Core/Src/tim.c **** 
 383:Core/Src/tim.c **** }
 641              		.loc 1 383 1 view .LVU170
 642 001e 09B0     		add	sp, sp, #36
 643              	.LCFI18:
 644              		.cfi_remember_state
 645              		.cfi_def_cfa_offset 20
 646              		@ sp needed
 647 0020 F0BD     		pop	{r4, r5, r6, r7, pc}
 648              	.LVL27:
 649              	.L50:
 650              	.LCFI19:
 651              		.cfi_restore_state
 336:Core/Src/tim.c ****     __HAL_RCC_GPIOB_CLK_ENABLE();
 652              		.loc 1 336 5 is_stmt 1 view .LVU171
 653              	.LBB8:
 336:Core/Src/tim.c ****     __HAL_RCC_GPIOB_CLK_ENABLE();
 654              		.loc 1 336 5 view .LVU172
 655 0022 0024     		movs	r4, #0
 656 0024 0094     		str	r4, [sp]
 336:Core/Src/tim.c ****     __HAL_RCC_GPIOB_CLK_ENABLE();
 657              		.loc 1 336 5 view .LVU173
 658 0026 03F50E33 		add	r3, r3, #145408
 659 002a 1A6B     		ldr	r2, [r3, #48]
ARM GAS  /tmp/ccRNSJ4K.s 			page 20


 660 002c 42F00102 		orr	r2, r2, #1
 661 0030 1A63     		str	r2, [r3, #48]
 336:Core/Src/tim.c ****     __HAL_RCC_GPIOB_CLK_ENABLE();
 662              		.loc 1 336 5 view .LVU174
 663 0032 1A6B     		ldr	r2, [r3, #48]
 664 0034 02F00102 		and	r2, r2, #1
 665 0038 0092     		str	r2, [sp]
 336:Core/Src/tim.c ****     __HAL_RCC_GPIOB_CLK_ENABLE();
 666              		.loc 1 336 5 view .LVU175
 667 003a 009A     		ldr	r2, [sp]
 668              	.LBE8:
 336:Core/Src/tim.c ****     __HAL_RCC_GPIOB_CLK_ENABLE();
 669              		.loc 1 336 5 view .LVU176
 337:Core/Src/tim.c ****     /**TIM2 GPIO Configuration
 670              		.loc 1 337 5 view .LVU177
 671              	.LBB9:
 337:Core/Src/tim.c ****     /**TIM2 GPIO Configuration
 672              		.loc 1 337 5 view .LVU178
 673 003c 0194     		str	r4, [sp, #4]
 337:Core/Src/tim.c ****     /**TIM2 GPIO Configuration
 674              		.loc 1 337 5 view .LVU179
 675 003e 1A6B     		ldr	r2, [r3, #48]
 676 0040 42F00202 		orr	r2, r2, #2
 677 0044 1A63     		str	r2, [r3, #48]
 337:Core/Src/tim.c ****     /**TIM2 GPIO Configuration
 678              		.loc 1 337 5 view .LVU180
 679 0046 1B6B     		ldr	r3, [r3, #48]
 680 0048 03F00203 		and	r3, r3, #2
 681 004c 0193     		str	r3, [sp, #4]
 337:Core/Src/tim.c ****     /**TIM2 GPIO Configuration
 682              		.loc 1 337 5 view .LVU181
 683 004e 019B     		ldr	r3, [sp, #4]
 684              	.LBE9:
 337:Core/Src/tim.c ****     /**TIM2 GPIO Configuration
 685              		.loc 1 337 5 view .LVU182
 342:Core/Src/tim.c ****     GPIO_InitStruct.Mode = GPIO_MODE_AF_PP;
 686              		.loc 1 342 5 view .LVU183
 342:Core/Src/tim.c ****     GPIO_InitStruct.Mode = GPIO_MODE_AF_PP;
 687              		.loc 1 342 25 is_stmt 0 view .LVU184
 688 0050 0125     		movs	r5, #1
 689 0052 0395     		str	r5, [sp, #12]
 343:Core/Src/tim.c ****     GPIO_InitStruct.Pull = GPIO_NOPULL;
 690              		.loc 1 343 5 is_stmt 1 view .LVU185
 343:Core/Src/tim.c ****     GPIO_InitStruct.Pull = GPIO_NOPULL;
 691              		.loc 1 343 26 is_stmt 0 view .LVU186
 692 0054 0227     		movs	r7, #2
 693 0056 0497     		str	r7, [sp, #16]
 344:Core/Src/tim.c ****     GPIO_InitStruct.Speed = GPIO_SPEED_FREQ_LOW;
 694              		.loc 1 344 5 is_stmt 1 view .LVU187
 345:Core/Src/tim.c ****     GPIO_InitStruct.Alternate = GPIO_AF1_TIM2;
 695              		.loc 1 345 5 view .LVU188
 346:Core/Src/tim.c ****     HAL_GPIO_Init(SERVO_PWM_GPIO_Port, &GPIO_InitStruct);
 696              		.loc 1 346 5 view .LVU189
 346:Core/Src/tim.c ****     HAL_GPIO_Init(SERVO_PWM_GPIO_Port, &GPIO_InitStruct);
 697              		.loc 1 346 31 is_stmt 0 view .LVU190
 698 0058 0795     		str	r5, [sp, #28]
 347:Core/Src/tim.c **** 
ARM GAS  /tmp/ccRNSJ4K.s 			page 21


 699              		.loc 1 347 5 is_stmt 1 view .LVU191
 700 005a 03AE     		add	r6, sp, #12
 701 005c 3146     		mov	r1, r6
 702 005e 1348     		ldr	r0, .L52+4
 703              	.LVL28:
 347:Core/Src/tim.c **** 
 704              		.loc 1 347 5 is_stmt 0 view .LVU192
 705 0060 FFF7FEFF 		bl	HAL_GPIO_Init
 706              	.LVL29:
 349:Core/Src/tim.c ****     GPIO_InitStruct.Mode = GPIO_MODE_AF_PP;
 707              		.loc 1 349 5 is_stmt 1 view .LVU193
 349:Core/Src/tim.c ****     GPIO_InitStruct.Mode = GPIO_MODE_AF_PP;
 708              		.loc 1 349 25 is_stmt 0 view .LVU194
 709 0064 4FF48063 		mov	r3, #1024
 710 0068 0393     		str	r3, [sp, #12]
 350:Core/Src/tim.c ****     GPIO_InitStruct.Pull = GPIO_NOPULL;
 711              		.loc 1 350 5 is_stmt 1 view .LVU195
 350:Core/Src/tim.c ****     GPIO_InitStruct.Pull = GPIO_NOPULL;
 712              		.loc 1 350 26 is_stmt 0 view .LVU196
 713 006a 0497     		str	r7, [sp, #16]
 351:Core/Src/tim.c ****     GPIO_InitStruct.Speed = GPIO_SPEED_FREQ_LOW;
 714              		.loc 1 351 5 is_stmt 1 view .LVU197
 351:Core/Src/tim.c ****     GPIO_InitStruct.Speed = GPIO_SPEED_FREQ_LOW;
 715              		.loc 1 351 26 is_stmt 0 view .LVU198
 716 006c 0594     		str	r4, [sp, #20]
 352:Core/Src/tim.c ****     GPIO_InitStruct.Alternate = GPIO_AF1_TIM2;
 717              		.loc 1 352 5 is_stmt 1 view .LVU199
 352:Core/Src/tim.c ****     GPIO_InitStruct.Alternate = GPIO_AF1_TIM2;
 718              		.loc 1 352 27 is_stmt 0 view .LVU200
 719 006e 0694     		str	r4, [sp, #24]
 353:Core/Src/tim.c ****     HAL_GPIO_Init(MOTOR_PWM_GPIO_Port, &GPIO_InitStruct);
 720              		.loc 1 353 5 is_stmt 1 view .LVU201
 353:Core/Src/tim.c ****     HAL_GPIO_Init(MOTOR_PWM_GPIO_Port, &GPIO_InitStruct);
 721              		.loc 1 353 31 is_stmt 0 view .LVU202
 722 0070 0795     		str	r5, [sp, #28]
 354:Core/Src/tim.c **** 
 723              		.loc 1 354 5 is_stmt 1 view .LVU203
 724 0072 3146     		mov	r1, r6
 725 0074 0E48     		ldr	r0, .L52+8
 726 0076 FFF7FEFF 		bl	HAL_GPIO_Init
 727              	.LVL30:
 728 007a D0E7     		b	.L46
 729              	.LVL31:
 730              	.L51:
 366:Core/Src/tim.c ****     /**TIM4 GPIO Configuration
 731              		.loc 1 366 5 view .LVU204
 732              	.LBB10:
 366:Core/Src/tim.c ****     /**TIM4 GPIO Configuration
 733              		.loc 1 366 5 view .LVU205
 734 007c 0023     		movs	r3, #0
 735 007e 0293     		str	r3, [sp, #8]
 366:Core/Src/tim.c ****     /**TIM4 GPIO Configuration
 736              		.loc 1 366 5 view .LVU206
 737 0080 0C4B     		ldr	r3, .L52+12
 738 0082 1A6B     		ldr	r2, [r3, #48]
 739 0084 42F00202 		orr	r2, r2, #2
 740 0088 1A63     		str	r2, [r3, #48]
ARM GAS  /tmp/ccRNSJ4K.s 			page 22


 366:Core/Src/tim.c ****     /**TIM4 GPIO Configuration
 741              		.loc 1 366 5 view .LVU207
 742 008a 1B6B     		ldr	r3, [r3, #48]
 743 008c 03F00203 		and	r3, r3, #2
 744 0090 0293     		str	r3, [sp, #8]
 366:Core/Src/tim.c ****     /**TIM4 GPIO Configuration
 745              		.loc 1 366 5 view .LVU208
 746 0092 029B     		ldr	r3, [sp, #8]
 747              	.LBE10:
 366:Core/Src/tim.c ****     /**TIM4 GPIO Configuration
 748              		.loc 1 366 5 view .LVU209
 371:Core/Src/tim.c ****     GPIO_InitStruct.Mode = GPIO_MODE_AF_PP;
 749              		.loc 1 371 5 view .LVU210
 371:Core/Src/tim.c ****     GPIO_InitStruct.Mode = GPIO_MODE_AF_PP;
 750              		.loc 1 371 25 is_stmt 0 view .LVU211
 751 0094 C023     		movs	r3, #192
 752 0096 0393     		str	r3, [sp, #12]
 372:Core/Src/tim.c ****     GPIO_InitStruct.Pull = GPIO_NOPULL;
 753              		.loc 1 372 5 is_stmt 1 view .LVU212
 372:Core/Src/tim.c ****     GPIO_InitStruct.Pull = GPIO_NOPULL;
 754              		.loc 1 372 26 is_stmt 0 view .LVU213
 755 0098 0223     		movs	r3, #2
 756 009a 0493     		str	r3, [sp, #16]
 373:Core/Src/tim.c ****     GPIO_InitStruct.Speed = GPIO_SPEED_FREQ_LOW;
 757              		.loc 1 373 5 is_stmt 1 view .LVU214
 374:Core/Src/tim.c ****     GPIO_InitStruct.Alternate = GPIO_AF2_TIM4;
 758              		.loc 1 374 5 view .LVU215
 375:Core/Src/tim.c ****     HAL_GPIO_Init(GPIOB, &GPIO_InitStruct);
 759              		.loc 1 375 5 view .LVU216
 375:Core/Src/tim.c ****     HAL_GPIO_Init(GPIOB, &GPIO_InitStruct);
 760              		.loc 1 375 31 is_stmt 0 view .LVU217
 761 009c 0793     		str	r3, [sp, #28]
 376:Core/Src/tim.c **** 
 762              		.loc 1 376 5 is_stmt 1 view .LVU218
 763 009e 03A9     		add	r1, sp, #12
 764 00a0 0348     		ldr	r0, .L52+8
 765              	.LVL32:
 376:Core/Src/tim.c **** 
 766              		.loc 1 376 5 is_stmt 0 view .LVU219
 767 00a2 FFF7FEFF 		bl	HAL_GPIO_Init
 768              	.LVL33:
 769              		.loc 1 383 1 view .LVU220
 770 00a6 BAE7     		b	.L46
 771              	.L53:
 772              		.align	2
 773              	.L52:
 774 00a8 00080040 		.word	1073743872
 775 00ac 00000240 		.word	1073872896
 776 00b0 00040240 		.word	1073873920
 777 00b4 00380240 		.word	1073887232
 778              		.cfi_endproc
 779              	.LFE228:
 781              		.section	.text.MX_TIM2_Init,"ax",%progbits
 782              		.align	1
 783              		.global	MX_TIM2_Init
 784              		.syntax unified
 785              		.thumb
ARM GAS  /tmp/ccRNSJ4K.s 			page 23


 786              		.thumb_func
 788              	MX_TIM2_Init:
 789              	.LFB220:
  35:Core/Src/tim.c **** 
 790              		.loc 1 35 1 is_stmt 1 view -0
 791              		.cfi_startproc
 792              		@ args = 0, pretend = 0, frame = 56
 793              		@ frame_needed = 0, uses_anonymous_args = 0
 794 0000 00B5     		push	{lr}
 795              	.LCFI20:
 796              		.cfi_def_cfa_offset 4
 797              		.cfi_offset 14, -4
 798 0002 8FB0     		sub	sp, sp, #60
 799              	.LCFI21:
 800              		.cfi_def_cfa_offset 64
  41:Core/Src/tim.c ****   TIM_MasterConfigTypeDef sMasterConfig = {0};
 801              		.loc 1 41 3 view .LVU222
  41:Core/Src/tim.c ****   TIM_MasterConfigTypeDef sMasterConfig = {0};
 802              		.loc 1 41 26 is_stmt 0 view .LVU223
 803 0004 0023     		movs	r3, #0
 804 0006 0A93     		str	r3, [sp, #40]
 805 0008 0B93     		str	r3, [sp, #44]
 806 000a 0C93     		str	r3, [sp, #48]
 807 000c 0D93     		str	r3, [sp, #52]
  42:Core/Src/tim.c ****   TIM_OC_InitTypeDef sConfigOC = {0};
 808              		.loc 1 42 3 is_stmt 1 view .LVU224
  42:Core/Src/tim.c ****   TIM_OC_InitTypeDef sConfigOC = {0};
 809              		.loc 1 42 27 is_stmt 0 view .LVU225
 810 000e 0893     		str	r3, [sp, #32]
 811 0010 0993     		str	r3, [sp, #36]
  43:Core/Src/tim.c **** 
 812              		.loc 1 43 3 is_stmt 1 view .LVU226
  43:Core/Src/tim.c **** 
 813              		.loc 1 43 22 is_stmt 0 view .LVU227
 814 0012 0193     		str	r3, [sp, #4]
 815 0014 0293     		str	r3, [sp, #8]
 816 0016 0393     		str	r3, [sp, #12]
 817 0018 0493     		str	r3, [sp, #16]
 818 001a 0593     		str	r3, [sp, #20]
 819 001c 0693     		str	r3, [sp, #24]
 820 001e 0793     		str	r3, [sp, #28]
  48:Core/Src/tim.c ****   htim2.Init.Prescaler = SERVO_PRESCALER;
 821              		.loc 1 48 3 is_stmt 1 view .LVU228
  48:Core/Src/tim.c ****   htim2.Init.Prescaler = SERVO_PRESCALER;
 822              		.loc 1 48 18 is_stmt 0 view .LVU229
 823 0020 2548     		ldr	r0, .L68
 824 0022 4FF08042 		mov	r2, #1073741824
 825 0026 0260     		str	r2, [r0]
  49:Core/Src/tim.c ****   htim2.Init.CounterMode = TIM_COUNTERMODE_UP;
 826              		.loc 1 49 3 is_stmt 1 view .LVU230
  49:Core/Src/tim.c ****   htim2.Init.CounterMode = TIM_COUNTERMODE_UP;
 827              		.loc 1 49 24 is_stmt 0 view .LVU231
 828 0028 2922     		movs	r2, #41
 829 002a 4260     		str	r2, [r0, #4]
  50:Core/Src/tim.c ****   htim2.Init.Period = SERVO_PWM_COUNT_MAX;
 830              		.loc 1 50 3 is_stmt 1 view .LVU232
  50:Core/Src/tim.c ****   htim2.Init.Period = SERVO_PWM_COUNT_MAX;
ARM GAS  /tmp/ccRNSJ4K.s 			page 24


 831              		.loc 1 50 26 is_stmt 0 view .LVU233
 832 002c 8360     		str	r3, [r0, #8]
  51:Core/Src/tim.c ****   htim2.Init.ClockDivision = TIM_CLOCKDIVISION_DIV1;
 833              		.loc 1 51 3 is_stmt 1 view .LVU234
  51:Core/Src/tim.c ****   htim2.Init.ClockDivision = TIM_CLOCKDIVISION_DIV1;
 834              		.loc 1 51 21 is_stmt 0 view .LVU235
 835 002e 49F63F42 		movw	r2, #39999
 836 0032 C260     		str	r2, [r0, #12]
  52:Core/Src/tim.c ****   htim2.Init.AutoReloadPreload = TIM_AUTORELOAD_PRELOAD_DISABLE;
 837              		.loc 1 52 3 is_stmt 1 view .LVU236
  52:Core/Src/tim.c ****   htim2.Init.AutoReloadPreload = TIM_AUTORELOAD_PRELOAD_DISABLE;
 838              		.loc 1 52 28 is_stmt 0 view .LVU237
 839 0034 0361     		str	r3, [r0, #16]
  53:Core/Src/tim.c ****   if (HAL_TIM_Base_Init(&htim2) != HAL_OK)
 840              		.loc 1 53 3 is_stmt 1 view .LVU238
  53:Core/Src/tim.c ****   if (HAL_TIM_Base_Init(&htim2) != HAL_OK)
 841              		.loc 1 53 32 is_stmt 0 view .LVU239
 842 0036 8361     		str	r3, [r0, #24]
  54:Core/Src/tim.c ****   {
 843              		.loc 1 54 3 is_stmt 1 view .LVU240
  54:Core/Src/tim.c ****   {
 844              		.loc 1 54 7 is_stmt 0 view .LVU241
 845 0038 FFF7FEFF 		bl	HAL_TIM_Base_Init
 846              	.LVL34:
  54:Core/Src/tim.c ****   {
 847              		.loc 1 54 6 discriminator 1 view .LVU242
 848 003c 48BB     		cbnz	r0, .L62
 849              	.L55:
  58:Core/Src/tim.c ****   if (HAL_TIM_ConfigClockSource(&htim2, &sClockSourceConfig) != HAL_OK)
 850              		.loc 1 58 3 is_stmt 1 view .LVU243
  58:Core/Src/tim.c ****   if (HAL_TIM_ConfigClockSource(&htim2, &sClockSourceConfig) != HAL_OK)
 851              		.loc 1 58 34 is_stmt 0 view .LVU244
 852 003e 4FF48053 		mov	r3, #4096
 853 0042 0A93     		str	r3, [sp, #40]
  59:Core/Src/tim.c ****   {
 854              		.loc 1 59 3 is_stmt 1 view .LVU245
  59:Core/Src/tim.c ****   {
 855              		.loc 1 59 7 is_stmt 0 view .LVU246
 856 0044 0AA9     		add	r1, sp, #40
 857 0046 1C48     		ldr	r0, .L68
 858 0048 FFF7FEFF 		bl	HAL_TIM_ConfigClockSource
 859              	.LVL35:
  59:Core/Src/tim.c ****   {
 860              		.loc 1 59 6 discriminator 1 view .LVU247
 861 004c 20BB     		cbnz	r0, .L63
 862              	.L56:
  63:Core/Src/tim.c ****   {
 863              		.loc 1 63 3 is_stmt 1 view .LVU248
  63:Core/Src/tim.c ****   {
 864              		.loc 1 63 7 is_stmt 0 view .LVU249
 865 004e 1A48     		ldr	r0, .L68
 866 0050 FFF7FEFF 		bl	HAL_TIM_PWM_Init
 867              	.LVL36:
  63:Core/Src/tim.c ****   {
 868              		.loc 1 63 6 discriminator 1 view .LVU250
 869 0054 18BB     		cbnz	r0, .L64
 870              	.L57:
ARM GAS  /tmp/ccRNSJ4K.s 			page 25


  67:Core/Src/tim.c ****   sMasterConfig.MasterSlaveMode = TIM_MASTERSLAVEMODE_DISABLE;
 871              		.loc 1 67 3 is_stmt 1 view .LVU251
  67:Core/Src/tim.c ****   sMasterConfig.MasterSlaveMode = TIM_MASTERSLAVEMODE_DISABLE;
 872              		.loc 1 67 37 is_stmt 0 view .LVU252
 873 0056 0023     		movs	r3, #0
 874 0058 0893     		str	r3, [sp, #32]
  68:Core/Src/tim.c ****   if (HAL_TIMEx_MasterConfigSynchronization(&htim2, &sMasterConfig) != HAL_OK)
 875              		.loc 1 68 3 is_stmt 1 view .LVU253
  68:Core/Src/tim.c ****   if (HAL_TIMEx_MasterConfigSynchronization(&htim2, &sMasterConfig) != HAL_OK)
 876              		.loc 1 68 33 is_stmt 0 view .LVU254
 877 005a 0993     		str	r3, [sp, #36]
  69:Core/Src/tim.c ****   {
 878              		.loc 1 69 3 is_stmt 1 view .LVU255
  69:Core/Src/tim.c ****   {
 879              		.loc 1 69 7 is_stmt 0 view .LVU256
 880 005c 08A9     		add	r1, sp, #32
 881 005e 1648     		ldr	r0, .L68
 882 0060 FFF7FEFF 		bl	HAL_TIMEx_MasterConfigSynchronization
 883              	.LVL37:
  69:Core/Src/tim.c ****   {
 884              		.loc 1 69 6 discriminator 1 view .LVU257
 885 0064 F0B9     		cbnz	r0, .L65
 886              	.L58:
  73:Core/Src/tim.c ****   sConfigOC.Pulse = 0;
 887              		.loc 1 73 3 is_stmt 1 view .LVU258
  73:Core/Src/tim.c ****   sConfigOC.Pulse = 0;
 888              		.loc 1 73 20 is_stmt 0 view .LVU259
 889 0066 6023     		movs	r3, #96
 890 0068 0193     		str	r3, [sp, #4]
  74:Core/Src/tim.c ****   sConfigOC.OCPolarity = TIM_OCPOLARITY_HIGH;
 891              		.loc 1 74 3 is_stmt 1 view .LVU260
  74:Core/Src/tim.c ****   sConfigOC.OCPolarity = TIM_OCPOLARITY_HIGH;
 892              		.loc 1 74 19 is_stmt 0 view .LVU261
 893 006a 0022     		movs	r2, #0
 894 006c 0292     		str	r2, [sp, #8]
  75:Core/Src/tim.c ****   sConfigOC.OCFastMode = TIM_OCFAST_DISABLE;
 895              		.loc 1 75 3 is_stmt 1 view .LVU262
  75:Core/Src/tim.c ****   sConfigOC.OCFastMode = TIM_OCFAST_DISABLE;
 896              		.loc 1 75 24 is_stmt 0 view .LVU263
 897 006e 0392     		str	r2, [sp, #12]
  76:Core/Src/tim.c ****   if (HAL_TIM_PWM_ConfigChannel(&htim2, &sConfigOC, TIM_CHANNEL_1) != HAL_OK)
 898              		.loc 1 76 3 is_stmt 1 view .LVU264
  76:Core/Src/tim.c ****   if (HAL_TIM_PWM_ConfigChannel(&htim2, &sConfigOC, TIM_CHANNEL_1) != HAL_OK)
 899              		.loc 1 76 24 is_stmt 0 view .LVU265
 900 0070 0592     		str	r2, [sp, #20]
  77:Core/Src/tim.c ****   {
 901              		.loc 1 77 3 is_stmt 1 view .LVU266
  77:Core/Src/tim.c ****   {
 902              		.loc 1 77 7 is_stmt 0 view .LVU267
 903 0072 01A9     		add	r1, sp, #4
 904 0074 1048     		ldr	r0, .L68
 905 0076 FFF7FEFF 		bl	HAL_TIM_PWM_ConfigChannel
 906              	.LVL38:
  77:Core/Src/tim.c ****   {
 907              		.loc 1 77 6 discriminator 1 view .LVU268
 908 007a B0B9     		cbnz	r0, .L66
 909              	.L59:
ARM GAS  /tmp/ccRNSJ4K.s 			page 26


  81:Core/Src/tim.c ****   {
 910              		.loc 1 81 3 is_stmt 1 view .LVU269
  81:Core/Src/tim.c ****   {
 911              		.loc 1 81 7 is_stmt 0 view .LVU270
 912 007c 0822     		movs	r2, #8
 913 007e 01A9     		add	r1, sp, #4
 914 0080 0D48     		ldr	r0, .L68
 915 0082 FFF7FEFF 		bl	HAL_TIM_PWM_ConfigChannel
 916              	.LVL39:
  81:Core/Src/tim.c ****   {
 917              		.loc 1 81 6 discriminator 1 view .LVU271
 918 0086 98B9     		cbnz	r0, .L67
 919              	.L60:
  88:Core/Src/tim.c **** 
 920              		.loc 1 88 3 is_stmt 1 view .LVU272
 921 0088 0B48     		ldr	r0, .L68
 922 008a FFF7FEFF 		bl	HAL_TIM_MspPostInit
 923              	.LVL40:
  90:Core/Src/tim.c **** /* TIM3 init function */
 924              		.loc 1 90 1 is_stmt 0 view .LVU273
 925 008e 0FB0     		add	sp, sp, #60
 926              	.LCFI22:
 927              		.cfi_remember_state
 928              		.cfi_def_cfa_offset 4
 929              		@ sp needed
 930 0090 00BD     		pop	{pc}
 931              	.L62:
 932              	.LCFI23:
 933              		.cfi_restore_state
  56:Core/Src/tim.c ****   }
 934              		.loc 1 56 5 is_stmt 1 view .LVU274
 935 0092 FFF7FEFF 		bl	Error_Handler
 936              	.LVL41:
 937 0096 D2E7     		b	.L55
 938              	.L63:
  61:Core/Src/tim.c ****   }
 939              		.loc 1 61 5 view .LVU275
 940 0098 FFF7FEFF 		bl	Error_Handler
 941              	.LVL42:
 942 009c D7E7     		b	.L56
 943              	.L64:
  65:Core/Src/tim.c ****   }
 944              		.loc 1 65 5 view .LVU276
 945 009e FFF7FEFF 		bl	Error_Handler
 946              	.LVL43:
 947 00a2 D8E7     		b	.L57
 948              	.L65:
  71:Core/Src/tim.c ****   }
 949              		.loc 1 71 5 view .LVU277
 950 00a4 FFF7FEFF 		bl	Error_Handler
 951              	.LVL44:
 952 00a8 DDE7     		b	.L58
 953              	.L66:
  79:Core/Src/tim.c ****   }
 954              		.loc 1 79 5 view .LVU278
 955 00aa FFF7FEFF 		bl	Error_Handler
 956              	.LVL45:
ARM GAS  /tmp/ccRNSJ4K.s 			page 27


 957 00ae E5E7     		b	.L59
 958              	.L67:
  83:Core/Src/tim.c ****   }
 959              		.loc 1 83 5 view .LVU279
 960 00b0 FFF7FEFF 		bl	Error_Handler
 961              	.LVL46:
 962 00b4 E8E7     		b	.L60
 963              	.L69:
 964 00b6 00BF     		.align	2
 965              	.L68:
 966 00b8 00000000 		.word	htim2
 967              		.cfi_endproc
 968              	.LFE220:
 970              		.section	.text.MX_TIM4_Init,"ax",%progbits
 971              		.align	1
 972              		.global	MX_TIM4_Init
 973              		.syntax unified
 974              		.thumb
 975              		.thumb_func
 977              	MX_TIM4_Init:
 978              	.LFB222:
 137:Core/Src/tim.c **** 
 979              		.loc 1 137 1 view -0
 980              		.cfi_startproc
 981              		@ args = 0, pretend = 0, frame = 40
 982              		@ frame_needed = 0, uses_anonymous_args = 0
 983 0000 00B5     		push	{lr}
 984              	.LCFI24:
 985              		.cfi_def_cfa_offset 4
 986              		.cfi_offset 14, -4
 987 0002 8BB0     		sub	sp, sp, #44
 988              	.LCFI25:
 989              		.cfi_def_cfa_offset 48
 143:Core/Src/tim.c ****   TIM_OC_InitTypeDef sConfigOC = {0};
 990              		.loc 1 143 3 view .LVU281
 143:Core/Src/tim.c ****   TIM_OC_InitTypeDef sConfigOC = {0};
 991              		.loc 1 143 27 is_stmt 0 view .LVU282
 992 0004 0023     		movs	r3, #0
 993 0006 0893     		str	r3, [sp, #32]
 994 0008 0993     		str	r3, [sp, #36]
 144:Core/Src/tim.c **** 
 995              		.loc 1 144 3 is_stmt 1 view .LVU283
 144:Core/Src/tim.c **** 
 996              		.loc 1 144 22 is_stmt 0 view .LVU284
 997 000a 0193     		str	r3, [sp, #4]
 998 000c 0293     		str	r3, [sp, #8]
 999 000e 0393     		str	r3, [sp, #12]
 1000 0010 0493     		str	r3, [sp, #16]
 1001 0012 0593     		str	r3, [sp, #20]
 1002 0014 0693     		str	r3, [sp, #24]
 1003 0016 0793     		str	r3, [sp, #28]
 149:Core/Src/tim.c ****   htim4.Init.Prescaler = 0;
 1004              		.loc 1 149 3 is_stmt 1 view .LVU285
 149:Core/Src/tim.c ****   htim4.Init.Prescaler = 0;
 1005              		.loc 1 149 18 is_stmt 0 view .LVU286
 1006 0018 1B48     		ldr	r0, .L80
 1007 001a 1C4A     		ldr	r2, .L80+4
ARM GAS  /tmp/ccRNSJ4K.s 			page 28


 1008 001c 0260     		str	r2, [r0]
 150:Core/Src/tim.c ****   htim4.Init.CounterMode = TIM_COUNTERMODE_UP;
 1009              		.loc 1 150 3 is_stmt 1 view .LVU287
 150:Core/Src/tim.c ****   htim4.Init.CounterMode = TIM_COUNTERMODE_UP;
 1010              		.loc 1 150 24 is_stmt 0 view .LVU288
 1011 001e 4360     		str	r3, [r0, #4]
 151:Core/Src/tim.c ****   htim4.Init.Period = 65535;
 1012              		.loc 1 151 3 is_stmt 1 view .LVU289
 151:Core/Src/tim.c ****   htim4.Init.Period = 65535;
 1013              		.loc 1 151 26 is_stmt 0 view .LVU290
 1014 0020 8360     		str	r3, [r0, #8]
 152:Core/Src/tim.c ****   htim4.Init.ClockDivision = TIM_CLOCKDIVISION_DIV1;
 1015              		.loc 1 152 3 is_stmt 1 view .LVU291
 152:Core/Src/tim.c ****   htim4.Init.ClockDivision = TIM_CLOCKDIVISION_DIV1;
 1016              		.loc 1 152 21 is_stmt 0 view .LVU292
 1017 0022 4FF6FF72 		movw	r2, #65535
 1018 0026 C260     		str	r2, [r0, #12]
 153:Core/Src/tim.c ****   htim4.Init.AutoReloadPreload = TIM_AUTORELOAD_PRELOAD_DISABLE;
 1019              		.loc 1 153 3 is_stmt 1 view .LVU293
 153:Core/Src/tim.c ****   htim4.Init.AutoReloadPreload = TIM_AUTORELOAD_PRELOAD_DISABLE;
 1020              		.loc 1 153 28 is_stmt 0 view .LVU294
 1021 0028 0361     		str	r3, [r0, #16]
 154:Core/Src/tim.c ****   if (HAL_TIM_PWM_Init(&htim4) != HAL_OK)
 1022              		.loc 1 154 3 is_stmt 1 view .LVU295
 154:Core/Src/tim.c ****   if (HAL_TIM_PWM_Init(&htim4) != HAL_OK)
 1023              		.loc 1 154 32 is_stmt 0 view .LVU296
 1024 002a 8361     		str	r3, [r0, #24]
 155:Core/Src/tim.c ****   {
 1025              		.loc 1 155 3 is_stmt 1 view .LVU297
 155:Core/Src/tim.c ****   {
 1026              		.loc 1 155 7 is_stmt 0 view .LVU298
 1027 002c FFF7FEFF 		bl	HAL_TIM_PWM_Init
 1028              	.LVL47:
 155:Core/Src/tim.c ****   {
 1029              		.loc 1 155 6 discriminator 1 view .LVU299
 1030 0030 F0B9     		cbnz	r0, .L76
 1031              	.L71:
 159:Core/Src/tim.c ****   sMasterConfig.MasterSlaveMode = TIM_MASTERSLAVEMODE_DISABLE;
 1032              		.loc 1 159 3 is_stmt 1 view .LVU300
 159:Core/Src/tim.c ****   sMasterConfig.MasterSlaveMode = TIM_MASTERSLAVEMODE_DISABLE;
 1033              		.loc 1 159 37 is_stmt 0 view .LVU301
 1034 0032 0023     		movs	r3, #0
 1035 0034 0893     		str	r3, [sp, #32]
 160:Core/Src/tim.c ****   if (HAL_TIMEx_MasterConfigSynchronization(&htim4, &sMasterConfig) != HAL_OK)
 1036              		.loc 1 160 3 is_stmt 1 view .LVU302
 160:Core/Src/tim.c ****   if (HAL_TIMEx_MasterConfigSynchronization(&htim4, &sMasterConfig) != HAL_OK)
 1037              		.loc 1 160 33 is_stmt 0 view .LVU303
 1038 0036 0993     		str	r3, [sp, #36]
 161:Core/Src/tim.c ****   {
 1039              		.loc 1 161 3 is_stmt 1 view .LVU304
 161:Core/Src/tim.c ****   {
 1040              		.loc 1 161 7 is_stmt 0 view .LVU305
 1041 0038 08A9     		add	r1, sp, #32
 1042 003a 1348     		ldr	r0, .L80
 1043 003c FFF7FEFF 		bl	HAL_TIMEx_MasterConfigSynchronization
 1044              	.LVL48:
 161:Core/Src/tim.c ****   {
ARM GAS  /tmp/ccRNSJ4K.s 			page 29


 1045              		.loc 1 161 6 discriminator 1 view .LVU306
 1046 0040 C8B9     		cbnz	r0, .L77
 1047              	.L72:
 165:Core/Src/tim.c ****   sConfigOC.Pulse = 0;
 1048              		.loc 1 165 3 is_stmt 1 view .LVU307
 165:Core/Src/tim.c ****   sConfigOC.Pulse = 0;
 1049              		.loc 1 165 20 is_stmt 0 view .LVU308
 1050 0042 6023     		movs	r3, #96
 1051 0044 0193     		str	r3, [sp, #4]
 166:Core/Src/tim.c ****   sConfigOC.OCPolarity = TIM_OCPOLARITY_HIGH;
 1052              		.loc 1 166 3 is_stmt 1 view .LVU309
 166:Core/Src/tim.c ****   sConfigOC.OCPolarity = TIM_OCPOLARITY_HIGH;
 1053              		.loc 1 166 19 is_stmt 0 view .LVU310
 1054 0046 0022     		movs	r2, #0
 1055 0048 0292     		str	r2, [sp, #8]
 167:Core/Src/tim.c ****   sConfigOC.OCFastMode = TIM_OCFAST_DISABLE;
 1056              		.loc 1 167 3 is_stmt 1 view .LVU311
 167:Core/Src/tim.c ****   sConfigOC.OCFastMode = TIM_OCFAST_DISABLE;
 1057              		.loc 1 167 24 is_stmt 0 view .LVU312
 1058 004a 0392     		str	r2, [sp, #12]
 168:Core/Src/tim.c ****   if (HAL_TIM_PWM_ConfigChannel(&htim4, &sConfigOC, TIM_CHANNEL_1) != HAL_OK)
 1059              		.loc 1 168 3 is_stmt 1 view .LVU313
 168:Core/Src/tim.c ****   if (HAL_TIM_PWM_ConfigChannel(&htim4, &sConfigOC, TIM_CHANNEL_1) != HAL_OK)
 1060              		.loc 1 168 24 is_stmt 0 view .LVU314
 1061 004c 0592     		str	r2, [sp, #20]
 169:Core/Src/tim.c ****   {
 1062              		.loc 1 169 3 is_stmt 1 view .LVU315
 169:Core/Src/tim.c ****   {
 1063              		.loc 1 169 7 is_stmt 0 view .LVU316
 1064 004e 01A9     		add	r1, sp, #4
 1065 0050 0D48     		ldr	r0, .L80
 1066 0052 FFF7FEFF 		bl	HAL_TIM_PWM_ConfigChannel
 1067              	.LVL49:
 169:Core/Src/tim.c ****   {
 1068              		.loc 1 169 6 discriminator 1 view .LVU317
 1069 0056 88B9     		cbnz	r0, .L78
 1070              	.L73:
 173:Core/Src/tim.c ****   {
 1071              		.loc 1 173 3 is_stmt 1 view .LVU318
 173:Core/Src/tim.c ****   {
 1072              		.loc 1 173 7 is_stmt 0 view .LVU319
 1073 0058 0422     		movs	r2, #4
 1074 005a 0DEB0201 		add	r1, sp, r2
 1075 005e 0A48     		ldr	r0, .L80
 1076 0060 FFF7FEFF 		bl	HAL_TIM_PWM_ConfigChannel
 1077              	.LVL50:
 173:Core/Src/tim.c ****   {
 1078              		.loc 1 173 6 discriminator 1 view .LVU320
 1079 0064 68B9     		cbnz	r0, .L79
 1080              	.L74:
 180:Core/Src/tim.c **** 
 1081              		.loc 1 180 3 is_stmt 1 view .LVU321
 1082 0066 0848     		ldr	r0, .L80
 1083 0068 FFF7FEFF 		bl	HAL_TIM_MspPostInit
 1084              	.LVL51:
 182:Core/Src/tim.c **** /* TIM10 init function */
 1085              		.loc 1 182 1 is_stmt 0 view .LVU322
ARM GAS  /tmp/ccRNSJ4K.s 			page 30


 1086 006c 0BB0     		add	sp, sp, #44
 1087              	.LCFI26:
 1088              		.cfi_remember_state
 1089              		.cfi_def_cfa_offset 4
 1090              		@ sp needed
 1091 006e 00BD     		pop	{pc}
 1092              	.L76:
 1093              	.LCFI27:
 1094              		.cfi_restore_state
 157:Core/Src/tim.c ****   }
 1095              		.loc 1 157 5 is_stmt 1 view .LVU323
 1096 0070 FFF7FEFF 		bl	Error_Handler
 1097              	.LVL52:
 1098 0074 DDE7     		b	.L71
 1099              	.L77:
 163:Core/Src/tim.c ****   }
 1100              		.loc 1 163 5 view .LVU324
 1101 0076 FFF7FEFF 		bl	Error_Handler
 1102              	.LVL53:
 1103 007a E2E7     		b	.L72
 1104              	.L78:
 171:Core/Src/tim.c ****   }
 1105              		.loc 1 171 5 view .LVU325
 1106 007c FFF7FEFF 		bl	Error_Handler
 1107              	.LVL54:
 1108 0080 EAE7     		b	.L73
 1109              	.L79:
 175:Core/Src/tim.c ****   }
 1110              		.loc 1 175 5 view .LVU326
 1111 0082 FFF7FEFF 		bl	Error_Handler
 1112              	.LVL55:
 1113 0086 EEE7     		b	.L74
 1114              	.L81:
 1115              		.align	2
 1116              	.L80:
 1117 0088 00000000 		.word	htim4
 1118 008c 00080040 		.word	1073743872
 1119              		.cfi_endproc
 1120              	.LFE222:
 1122              		.section	.text.HAL_TIM_Base_MspDeInit,"ax",%progbits
 1123              		.align	1
 1124              		.global	HAL_TIM_Base_MspDeInit
 1125              		.syntax unified
 1126              		.thumb
 1127              		.thumb_func
 1129              	HAL_TIM_Base_MspDeInit:
 1130              	.LVL56:
 1131              	.LFB229:
 384:Core/Src/tim.c **** 
 385:Core/Src/tim.c **** void HAL_TIM_Base_MspDeInit(TIM_HandleTypeDef* tim_baseHandle)
 386:Core/Src/tim.c **** {
 1132              		.loc 1 386 1 view -0
 1133              		.cfi_startproc
 1134              		@ args = 0, pretend = 0, frame = 0
 1135              		@ frame_needed = 0, uses_anonymous_args = 0
 1136              		.loc 1 386 1 is_stmt 0 view .LVU328
 1137 0000 08B5     		push	{r3, lr}
ARM GAS  /tmp/ccRNSJ4K.s 			page 31


 1138              	.LCFI28:
 1139              		.cfi_def_cfa_offset 8
 1140              		.cfi_offset 3, -8
 1141              		.cfi_offset 14, -4
 387:Core/Src/tim.c **** 
 388:Core/Src/tim.c ****   if(tim_baseHandle->Instance==TIM2)
 1142              		.loc 1 388 3 is_stmt 1 view .LVU329
 1143              		.loc 1 388 20 is_stmt 0 view .LVU330
 1144 0002 0368     		ldr	r3, [r0]
 1145              		.loc 1 388 5 view .LVU331
 1146 0004 B3F1804F 		cmp	r3, #1073741824
 1147 0008 06D0     		beq	.L87
 389:Core/Src/tim.c ****   {
 390:Core/Src/tim.c ****   /* USER CODE BEGIN TIM2_MspDeInit 0 */
 391:Core/Src/tim.c **** 
 392:Core/Src/tim.c ****   /* USER CODE END TIM2_MspDeInit 0 */
 393:Core/Src/tim.c ****     /* Peripheral clock disable */
 394:Core/Src/tim.c ****     __HAL_RCC_TIM2_CLK_DISABLE();
 395:Core/Src/tim.c ****   /* USER CODE BEGIN TIM2_MspDeInit 1 */
 396:Core/Src/tim.c **** 
 397:Core/Src/tim.c ****   /* USER CODE END TIM2_MspDeInit 1 */
 398:Core/Src/tim.c ****   }
 399:Core/Src/tim.c ****   else if(tim_baseHandle->Instance==TIM10)
 1148              		.loc 1 399 8 is_stmt 1 view .LVU332
 1149              		.loc 1 399 10 is_stmt 0 view .LVU333
 1150 000a 104A     		ldr	r2, .L90
 1151 000c 9342     		cmp	r3, r2
 1152 000e 09D0     		beq	.L88
 400:Core/Src/tim.c ****   {
 401:Core/Src/tim.c ****   /* USER CODE BEGIN TIM10_MspDeInit 0 */
 402:Core/Src/tim.c **** 
 403:Core/Src/tim.c ****   /* USER CODE END TIM10_MspDeInit 0 */
 404:Core/Src/tim.c ****     /* Peripheral clock disable */
 405:Core/Src/tim.c ****     __HAL_RCC_TIM10_CLK_DISABLE();
 406:Core/Src/tim.c **** 
 407:Core/Src/tim.c ****     /* TIM10 interrupt Deinit */
 408:Core/Src/tim.c ****     HAL_NVIC_DisableIRQ(TIM1_UP_TIM10_IRQn);
 409:Core/Src/tim.c ****   /* USER CODE BEGIN TIM10_MspDeInit 1 */
 410:Core/Src/tim.c **** 
 411:Core/Src/tim.c ****   /* USER CODE END TIM10_MspDeInit 1 */
 412:Core/Src/tim.c ****   }
 413:Core/Src/tim.c ****   else if(tim_baseHandle->Instance==TIM11)
 1153              		.loc 1 413 8 is_stmt 1 view .LVU334
 1154              		.loc 1 413 10 is_stmt 0 view .LVU335
 1155 0010 0F4A     		ldr	r2, .L90+4
 1156 0012 9342     		cmp	r3, r2
 1157 0014 10D0     		beq	.L89
 1158              	.LVL57:
 1159              	.L82:
 414:Core/Src/tim.c ****   {
 415:Core/Src/tim.c ****   /* USER CODE BEGIN TIM11_MspDeInit 0 */
 416:Core/Src/tim.c **** 
 417:Core/Src/tim.c ****   /* USER CODE END TIM11_MspDeInit 0 */
 418:Core/Src/tim.c ****     /* Peripheral clock disable */
 419:Core/Src/tim.c ****     __HAL_RCC_TIM11_CLK_DISABLE();
 420:Core/Src/tim.c **** 
 421:Core/Src/tim.c ****     /* TIM11 interrupt Deinit */
ARM GAS  /tmp/ccRNSJ4K.s 			page 32


 422:Core/Src/tim.c ****     HAL_NVIC_DisableIRQ(TIM1_TRG_COM_TIM11_IRQn);
 423:Core/Src/tim.c ****   /* USER CODE BEGIN TIM11_MspDeInit 1 */
 424:Core/Src/tim.c **** 
 425:Core/Src/tim.c ****   /* USER CODE END TIM11_MspDeInit 1 */
 426:Core/Src/tim.c ****   }
 427:Core/Src/tim.c **** }
 1160              		.loc 1 427 1 view .LVU336
 1161 0016 08BD     		pop	{r3, pc}
 1162              	.LVL58:
 1163              	.L87:
 394:Core/Src/tim.c ****   /* USER CODE BEGIN TIM2_MspDeInit 1 */
 1164              		.loc 1 394 5 is_stmt 1 view .LVU337
 1165 0018 0E4A     		ldr	r2, .L90+8
 1166 001a 136C     		ldr	r3, [r2, #64]
 1167 001c 23F00103 		bic	r3, r3, #1
 1168 0020 1364     		str	r3, [r2, #64]
 1169 0022 F8E7     		b	.L82
 1170              	.L88:
 405:Core/Src/tim.c **** 
 1171              		.loc 1 405 5 view .LVU338
 1172 0024 02F57442 		add	r2, r2, #62464
 1173 0028 536C     		ldr	r3, [r2, #68]
 1174 002a 23F40033 		bic	r3, r3, #131072
 1175 002e 5364     		str	r3, [r2, #68]
 408:Core/Src/tim.c ****   /* USER CODE BEGIN TIM10_MspDeInit 1 */
 1176              		.loc 1 408 5 view .LVU339
 1177 0030 1920     		movs	r0, #25
 1178              	.LVL59:
 408:Core/Src/tim.c ****   /* USER CODE BEGIN TIM10_MspDeInit 1 */
 1179              		.loc 1 408 5 is_stmt 0 view .LVU340
 1180 0032 FFF7FEFF 		bl	HAL_NVIC_DisableIRQ
 1181              	.LVL60:
 1182 0036 EEE7     		b	.L82
 1183              	.LVL61:
 1184              	.L89:
 419:Core/Src/tim.c **** 
 1185              		.loc 1 419 5 is_stmt 1 view .LVU341
 1186 0038 02F57042 		add	r2, r2, #61440
 1187 003c 536C     		ldr	r3, [r2, #68]
 1188 003e 23F48023 		bic	r3, r3, #262144
 1189 0042 5364     		str	r3, [r2, #68]
 422:Core/Src/tim.c ****   /* USER CODE BEGIN TIM11_MspDeInit 1 */
 1190              		.loc 1 422 5 view .LVU342
 1191 0044 1A20     		movs	r0, #26
 1192              	.LVL62:
 422:Core/Src/tim.c ****   /* USER CODE BEGIN TIM11_MspDeInit 1 */
 1193              		.loc 1 422 5 is_stmt 0 view .LVU343
 1194 0046 FFF7FEFF 		bl	HAL_NVIC_DisableIRQ
 1195              	.LVL63:
 1196              		.loc 1 427 1 view .LVU344
 1197 004a E4E7     		b	.L82
 1198              	.L91:
 1199              		.align	2
 1200              	.L90:
 1201 004c 00440140 		.word	1073824768
 1202 0050 00480140 		.word	1073825792
 1203 0054 00380240 		.word	1073887232
ARM GAS  /tmp/ccRNSJ4K.s 			page 33


 1204              		.cfi_endproc
 1205              	.LFE229:
 1207              		.section	.text.HAL_TIM_Encoder_MspDeInit,"ax",%progbits
 1208              		.align	1
 1209              		.global	HAL_TIM_Encoder_MspDeInit
 1210              		.syntax unified
 1211              		.thumb
 1212              		.thumb_func
 1214              	HAL_TIM_Encoder_MspDeInit:
 1215              	.LVL64:
 1216              	.LFB230:
 428:Core/Src/tim.c **** 
 429:Core/Src/tim.c **** void HAL_TIM_Encoder_MspDeInit(TIM_HandleTypeDef* tim_encoderHandle)
 430:Core/Src/tim.c **** {
 1217              		.loc 1 430 1 is_stmt 1 view -0
 1218              		.cfi_startproc
 1219              		@ args = 0, pretend = 0, frame = 0
 1220              		@ frame_needed = 0, uses_anonymous_args = 0
 1221              		.loc 1 430 1 is_stmt 0 view .LVU346
 1222 0000 08B5     		push	{r3, lr}
 1223              	.LCFI29:
 1224              		.cfi_def_cfa_offset 8
 1225              		.cfi_offset 3, -8
 1226              		.cfi_offset 14, -4
 431:Core/Src/tim.c **** 
 432:Core/Src/tim.c ****   if(tim_encoderHandle->Instance==TIM3)
 1227              		.loc 1 432 3 is_stmt 1 view .LVU347
 1228              		.loc 1 432 23 is_stmt 0 view .LVU348
 1229 0002 0268     		ldr	r2, [r0]
 1230              		.loc 1 432 5 view .LVU349
 1231 0004 064B     		ldr	r3, .L96
 1232 0006 9A42     		cmp	r2, r3
 1233 0008 00D0     		beq	.L95
 1234              	.LVL65:
 1235              	.L92:
 433:Core/Src/tim.c ****   {
 434:Core/Src/tim.c ****   /* USER CODE BEGIN TIM3_MspDeInit 0 */
 435:Core/Src/tim.c **** 
 436:Core/Src/tim.c ****   /* USER CODE END TIM3_MspDeInit 0 */
 437:Core/Src/tim.c ****     /* Peripheral clock disable */
 438:Core/Src/tim.c ****     __HAL_RCC_TIM3_CLK_DISABLE();
 439:Core/Src/tim.c **** 
 440:Core/Src/tim.c ****     /**TIM3 GPIO Configuration
 441:Core/Src/tim.c ****     PA6     ------> TIM3_CH1
 442:Core/Src/tim.c ****     PA7     ------> TIM3_CH2
 443:Core/Src/tim.c ****     */
 444:Core/Src/tim.c ****     HAL_GPIO_DeInit(GPIOA, Encoder_A_Pin_Pin|Encoder_B_Pin_Pin);
 445:Core/Src/tim.c **** 
 446:Core/Src/tim.c ****   /* USER CODE BEGIN TIM3_MspDeInit 1 */
 447:Core/Src/tim.c **** 
 448:Core/Src/tim.c ****   /* USER CODE END TIM3_MspDeInit 1 */
 449:Core/Src/tim.c ****   }
 450:Core/Src/tim.c **** }
 1236              		.loc 1 450 1 view .LVU350
 1237 000a 08BD     		pop	{r3, pc}
 1238              	.LVL66:
 1239              	.L95:
ARM GAS  /tmp/ccRNSJ4K.s 			page 34


 438:Core/Src/tim.c **** 
 1240              		.loc 1 438 5 is_stmt 1 view .LVU351
 1241 000c 054A     		ldr	r2, .L96+4
 1242 000e 136C     		ldr	r3, [r2, #64]
 1243 0010 23F00203 		bic	r3, r3, #2
 1244 0014 1364     		str	r3, [r2, #64]
 444:Core/Src/tim.c **** 
 1245              		.loc 1 444 5 view .LVU352
 1246 0016 C021     		movs	r1, #192
 1247 0018 0348     		ldr	r0, .L96+8
 1248              	.LVL67:
 444:Core/Src/tim.c **** 
 1249              		.loc 1 444 5 is_stmt 0 view .LVU353
 1250 001a FFF7FEFF 		bl	HAL_GPIO_DeInit
 1251              	.LVL68:
 1252              		.loc 1 450 1 view .LVU354
 1253 001e F4E7     		b	.L92
 1254              	.L97:
 1255              		.align	2
 1256              	.L96:
 1257 0020 00040040 		.word	1073742848
 1258 0024 00380240 		.word	1073887232
 1259 0028 00000240 		.word	1073872896
 1260              		.cfi_endproc
 1261              	.LFE230:
 1263              		.section	.text.HAL_TIM_PWM_MspDeInit,"ax",%progbits
 1264              		.align	1
 1265              		.global	HAL_TIM_PWM_MspDeInit
 1266              		.syntax unified
 1267              		.thumb
 1268              		.thumb_func
 1270              	HAL_TIM_PWM_MspDeInit:
 1271              	.LVL69:
 1272              	.LFB231:
 451:Core/Src/tim.c **** 
 452:Core/Src/tim.c **** void HAL_TIM_PWM_MspDeInit(TIM_HandleTypeDef* tim_pwmHandle)
 453:Core/Src/tim.c **** {
 1273              		.loc 1 453 1 is_stmt 1 view -0
 1274              		.cfi_startproc
 1275              		@ args = 0, pretend = 0, frame = 0
 1276              		@ frame_needed = 0, uses_anonymous_args = 0
 1277              		@ link register save eliminated.
 454:Core/Src/tim.c **** 
 455:Core/Src/tim.c ****   if(tim_pwmHandle->Instance==TIM4)
 1278              		.loc 1 455 3 view .LVU356
 1279              		.loc 1 455 19 is_stmt 0 view .LVU357
 1280 0000 0268     		ldr	r2, [r0]
 1281              		.loc 1 455 5 view .LVU358
 1282 0002 054B     		ldr	r3, .L101
 1283 0004 9A42     		cmp	r2, r3
 1284 0006 00D0     		beq	.L100
 1285              	.L98:
 456:Core/Src/tim.c ****   {
 457:Core/Src/tim.c ****   /* USER CODE BEGIN TIM4_MspDeInit 0 */
 458:Core/Src/tim.c **** 
 459:Core/Src/tim.c ****   /* USER CODE END TIM4_MspDeInit 0 */
 460:Core/Src/tim.c ****     /* Peripheral clock disable */
ARM GAS  /tmp/ccRNSJ4K.s 			page 35


 461:Core/Src/tim.c ****     __HAL_RCC_TIM4_CLK_DISABLE();
 462:Core/Src/tim.c ****   /* USER CODE BEGIN TIM4_MspDeInit 1 */
 463:Core/Src/tim.c **** 
 464:Core/Src/tim.c ****   /* USER CODE END TIM4_MspDeInit 1 */
 465:Core/Src/tim.c ****   }
 466:Core/Src/tim.c **** }
 1286              		.loc 1 466 1 view .LVU359
 1287 0008 7047     		bx	lr
 1288              	.L100:
 461:Core/Src/tim.c ****   /* USER CODE BEGIN TIM4_MspDeInit 1 */
 1289              		.loc 1 461 5 is_stmt 1 view .LVU360
 1290 000a 044A     		ldr	r2, .L101+4
 1291 000c 136C     		ldr	r3, [r2, #64]
 1292 000e 23F00403 		bic	r3, r3, #4
 1293 0012 1364     		str	r3, [r2, #64]
 1294              		.loc 1 466 1 is_stmt 0 view .LVU361
 1295 0014 F8E7     		b	.L98
 1296              	.L102:
 1297 0016 00BF     		.align	2
 1298              	.L101:
 1299 0018 00080040 		.word	1073743872
 1300 001c 00380240 		.word	1073887232
 1301              		.cfi_endproc
 1302              	.LFE231:
 1304              		.global	htim11
 1305              		.section	.bss.htim11,"aw",%nobits
 1306              		.align	2
 1309              	htim11:
 1310 0000 00000000 		.space	72
 1310      00000000 
 1310      00000000 
 1310      00000000 
 1310      00000000 
 1311              		.global	htim10
 1312              		.section	.bss.htim10,"aw",%nobits
 1313              		.align	2
 1316              	htim10:
 1317 0000 00000000 		.space	72
 1317      00000000 
 1317      00000000 
 1317      00000000 
 1317      00000000 
 1318              		.global	htim4
 1319              		.section	.bss.htim4,"aw",%nobits
 1320              		.align	2
 1323              	htim4:
 1324 0000 00000000 		.space	72
 1324      00000000 
 1324      00000000 
 1324      00000000 
 1324      00000000 
 1325              		.global	htim3
 1326              		.section	.bss.htim3,"aw",%nobits
 1327              		.align	2
 1330              	htim3:
 1331 0000 00000000 		.space	72
 1331      00000000 
ARM GAS  /tmp/ccRNSJ4K.s 			page 36


 1331      00000000 
 1331      00000000 
 1331      00000000 
 1332              		.global	htim2
 1333              		.section	.bss.htim2,"aw",%nobits
 1334              		.align	2
 1337              	htim2:
 1338 0000 00000000 		.space	72
 1338      00000000 
 1338      00000000 
 1338      00000000 
 1338      00000000 
 1339              		.text
 1340              	.Letext0:
 1341              		.file 2 "Drivers/CMSIS/Device/ST/STM32F4xx/Include/stm32f401xe.h"
 1342              		.file 3 "/opt/st/stm32cubeide_2.1.1/plugins/com.st.stm32cube.ide.mcu.externaltools.gnu-tools-for-s
 1343              		.file 4 "/opt/st/stm32cubeide_2.1.1/plugins/com.st.stm32cube.ide.mcu.externaltools.gnu-tools-for-s
 1344              		.file 5 "Drivers/STM32F4xx_HAL_Driver/Inc/stm32f4xx_hal_def.h"
 1345              		.file 6 "Drivers/STM32F4xx_HAL_Driver/Inc/stm32f4xx_hal_gpio.h"
 1346              		.file 7 "Drivers/STM32F4xx_HAL_Driver/Inc/stm32f4xx_hal_dma.h"
 1347              		.file 8 "Drivers/STM32F4xx_HAL_Driver/Inc/stm32f4xx_hal_tim.h"
 1348              		.file 9 "Core/Inc/tim.h"
 1349              		.file 10 "Drivers/STM32F4xx_HAL_Driver/Inc/stm32f4xx_hal_cortex.h"
 1350              		.file 11 "Drivers/STM32F4xx_HAL_Driver/Inc/stm32f4xx_hal_tim_ex.h"
 1351              		.file 12 "Core/Inc/main.h"
 1352              		.file 13 "<built-in>"
ARM GAS  /tmp/ccRNSJ4K.s 			page 37


DEFINED SYMBOLS
                            *ABS*:00000000 tim.c
     /tmp/ccRNSJ4K.s:21     .text.MX_TIM3_Init:00000000 $t
     /tmp/ccRNSJ4K.s:27     .text.MX_TIM3_Init:00000000 MX_TIM3_Init
     /tmp/ccRNSJ4K.s:144    .text.MX_TIM3_Init:00000064 $d
     /tmp/ccRNSJ4K.s:1330   .bss.htim3:00000000 htim3
     /tmp/ccRNSJ4K.s:150    .text.MX_TIM10_Init:00000000 $t
     /tmp/ccRNSJ4K.s:156    .text.MX_TIM10_Init:00000000 MX_TIM10_Init
     /tmp/ccRNSJ4K.s:208    .text.MX_TIM10_Init:00000028 $d
     /tmp/ccRNSJ4K.s:1316   .bss.htim10:00000000 htim10
     /tmp/ccRNSJ4K.s:214    .text.MX_TIM11_Init:00000000 $t
     /tmp/ccRNSJ4K.s:220    .text.MX_TIM11_Init:00000000 MX_TIM11_Init
     /tmp/ccRNSJ4K.s:272    .text.MX_TIM11_Init:00000028 $d
     /tmp/ccRNSJ4K.s:1309   .bss.htim11:00000000 htim11
     /tmp/ccRNSJ4K.s:278    .text.HAL_TIM_Base_MspInit:00000000 $t
     /tmp/ccRNSJ4K.s:284    .text.HAL_TIM_Base_MspInit:00000000 HAL_TIM_Base_MspInit
     /tmp/ccRNSJ4K.s:414    .text.HAL_TIM_Base_MspInit:00000088 $d
     /tmp/ccRNSJ4K.s:421    .text.HAL_TIM_Encoder_MspInit:00000000 $t
     /tmp/ccRNSJ4K.s:427    .text.HAL_TIM_Encoder_MspInit:00000000 HAL_TIM_Encoder_MspInit
     /tmp/ccRNSJ4K.s:529    .text.HAL_TIM_Encoder_MspInit:00000060 $d
     /tmp/ccRNSJ4K.s:535    .text.HAL_TIM_PWM_MspInit:00000000 $t
     /tmp/ccRNSJ4K.s:541    .text.HAL_TIM_PWM_MspInit:00000000 HAL_TIM_PWM_MspInit
     /tmp/ccRNSJ4K.s:589    .text.HAL_TIM_PWM_MspInit:00000028 $d
     /tmp/ccRNSJ4K.s:595    .text.HAL_TIM_MspPostInit:00000000 $t
     /tmp/ccRNSJ4K.s:601    .text.HAL_TIM_MspPostInit:00000000 HAL_TIM_MspPostInit
     /tmp/ccRNSJ4K.s:774    .text.HAL_TIM_MspPostInit:000000a8 $d
     /tmp/ccRNSJ4K.s:782    .text.MX_TIM2_Init:00000000 $t
     /tmp/ccRNSJ4K.s:788    .text.MX_TIM2_Init:00000000 MX_TIM2_Init
     /tmp/ccRNSJ4K.s:966    .text.MX_TIM2_Init:000000b8 $d
     /tmp/ccRNSJ4K.s:1337   .bss.htim2:00000000 htim2
     /tmp/ccRNSJ4K.s:971    .text.MX_TIM4_Init:00000000 $t
     /tmp/ccRNSJ4K.s:977    .text.MX_TIM4_Init:00000000 MX_TIM4_Init
     /tmp/ccRNSJ4K.s:1117   .text.MX_TIM4_Init:00000088 $d
     /tmp/ccRNSJ4K.s:1323   .bss.htim4:00000000 htim4
     /tmp/ccRNSJ4K.s:1123   .text.HAL_TIM_Base_MspDeInit:00000000 $t
     /tmp/ccRNSJ4K.s:1129   .text.HAL_TIM_Base_MspDeInit:00000000 HAL_TIM_Base_MspDeInit
     /tmp/ccRNSJ4K.s:1201   .text.HAL_TIM_Base_MspDeInit:0000004c $d
     /tmp/ccRNSJ4K.s:1208   .text.HAL_TIM_Encoder_MspDeInit:00000000 $t
     /tmp/ccRNSJ4K.s:1214   .text.HAL_TIM_Encoder_MspDeInit:00000000 HAL_TIM_Encoder_MspDeInit
     /tmp/ccRNSJ4K.s:1257   .text.HAL_TIM_Encoder_MspDeInit:00000020 $d
     /tmp/ccRNSJ4K.s:1264   .text.HAL_TIM_PWM_MspDeInit:00000000 $t
     /tmp/ccRNSJ4K.s:1270   .text.HAL_TIM_PWM_MspDeInit:00000000 HAL_TIM_PWM_MspDeInit
     /tmp/ccRNSJ4K.s:1299   .text.HAL_TIM_PWM_MspDeInit:00000018 $d
     /tmp/ccRNSJ4K.s:1306   .bss.htim11:00000000 $d
     /tmp/ccRNSJ4K.s:1313   .bss.htim10:00000000 $d
     /tmp/ccRNSJ4K.s:1320   .bss.htim4:00000000 $d
     /tmp/ccRNSJ4K.s:1327   .bss.htim3:00000000 $d
     /tmp/ccRNSJ4K.s:1334   .bss.htim2:00000000 $d

UNDEFINED SYMBOLS
memset
HAL_TIM_Encoder_Init
HAL_TIMEx_MasterConfigSynchronization
Error_Handler
HAL_TIM_Base_Init
HAL_NVIC_SetPriority
HAL_NVIC_EnableIRQ
ARM GAS  /tmp/ccRNSJ4K.s 			page 38


HAL_GPIO_Init
HAL_TIM_ConfigClockSource
HAL_TIM_PWM_Init
HAL_TIM_PWM_ConfigChannel
HAL_NVIC_DisableIRQ
HAL_GPIO_DeInit
