ARM GAS  /tmp/ccwbDY1Z.s 			page 1


   1              		.cpu cortex-m4
   2              		.arch armv7e-m
   3              		.fpu fpv4-sp-d16
   4              		.eabi_attribute 27, 1
   5              		.eabi_attribute 28, 1
   6              		.eabi_attribute 20, 1
   7              		.eabi_attribute 21, 1
   8              		.eabi_attribute 23, 3
   9              		.eabi_attribute 24, 1
  10              		.eabi_attribute 25, 1
  11              		.eabi_attribute 26, 1
  12              		.eabi_attribute 30, 1
  13              		.eabi_attribute 34, 1
  14              		.eabi_attribute 18, 4
  15              		.file	"vl6180.c"
  16              		.text
  17              	.Ltext0:
  18              		.cfi_sections	.debug_frame
  19              		.file 1 "Core/Src/vl6180.c"
  20              		.section	.text.VL6180X_WriteReg,"ax",%progbits
  21              		.align	1
  22              		.global	VL6180X_WriteReg
  23              		.syntax unified
  24              		.thumb
  25              		.thumb_func
  27              	VL6180X_WriteReg:
  28              	.LVL0:
  29              	.LFB223:
   1:Core/Src/vl6180.c **** /*
   2:Core/Src/vl6180.c ****  * vl6180.c
   3:Core/Src/vl6180.c ****  *
   4:Core/Src/vl6180.c ****  *  Created on: May 14, 2025
   5:Core/Src/vl6180.c ****  *      Author: Stefano, Eugen
   6:Core/Src/vl6180.c ****  */
   7:Core/Src/vl6180.c **** 
   8:Core/Src/vl6180.c **** #include "vl6180.h"
   9:Core/Src/vl6180.c **** #include "main.h"
  10:Core/Src/vl6180.c **** #include <stdio.h>
  11:Core/Src/vl6180.c **** #include "i2c.h"
  12:Core/Src/vl6180.c **** 
  13:Core/Src/vl6180.c **** 
  14:Core/Src/vl6180.c **** /* VL6180X Register Access Functions */
  15:Core/Src/vl6180.c **** 
  16:Core/Src/vl6180.c **** uint8_t VL6180X_WriteReg(uint8_t sensor_addr, uint16_t reg, uint8_t value) {
  30              		.loc 1 16 76 view -0
  31              		.cfi_startproc
  32              		@ args = 0, pretend = 0, frame = 8
  33              		@ frame_needed = 0, uses_anonymous_args = 0
  34              		.loc 1 16 76 is_stmt 0 view .LVU1
  35 0000 00B5     		push	{lr}
  36              	.LCFI0:
  37              		.cfi_def_cfa_offset 4
  38              		.cfi_offset 14, -4
  39 0002 85B0     		sub	sp, sp, #20
  40              	.LCFI1:
  41              		.cfi_def_cfa_offset 24
  17:Core/Src/vl6180.c **** 	uint8_t data[3] = { (reg >> 8) & 0xFF, reg & 0xFF, value };
ARM GAS  /tmp/ccwbDY1Z.s 			page 2


  42              		.loc 1 17 2 is_stmt 1 view .LVU2
  43              		.loc 1 17 10 is_stmt 0 view .LVU3
  44 0004 0B0A     		lsrs	r3, r1, #8
  45 0006 8DF80C30 		strb	r3, [sp, #12]
  46 000a 8DF80D10 		strb	r1, [sp, #13]
  47 000e 8DF80E20 		strb	r2, [sp, #14]
  18:Core/Src/vl6180.c **** 	return HAL_I2C_Master_Transmit(&hi2c1, sensor_addr << 1, data, 3, 10);
  48              		.loc 1 18 2 is_stmt 1 view .LVU4
  49              		.loc 1 18 9 is_stmt 0 view .LVU5
  50 0012 0A23     		movs	r3, #10
  51 0014 0093     		str	r3, [sp]
  52 0016 0323     		movs	r3, #3
  53 0018 03AA     		add	r2, sp, #12
  54              	.LVL1:
  55              		.loc 1 18 9 view .LVU6
  56 001a 4100     		lsls	r1, r0, #1
  57              	.LVL2:
  58              		.loc 1 18 9 view .LVU7
  59 001c 0248     		ldr	r0, .L3
  60              	.LVL3:
  61              		.loc 1 18 9 view .LVU8
  62 001e FFF7FEFF 		bl	HAL_I2C_Master_Transmit
  63              	.LVL4:
  19:Core/Src/vl6180.c **** }
  64              		.loc 1 19 1 view .LVU9
  65 0022 05B0     		add	sp, sp, #20
  66              	.LCFI2:
  67              		.cfi_def_cfa_offset 4
  68              		@ sp needed
  69 0024 5DF804FB 		ldr	pc, [sp], #4
  70              	.L4:
  71              		.align	2
  72              	.L3:
  73 0028 00000000 		.word	hi2c1
  74              		.cfi_endproc
  75              	.LFE223:
  77              		.section	.text.VL6180X_ReadReg,"ax",%progbits
  78              		.align	1
  79              		.global	VL6180X_ReadReg
  80              		.syntax unified
  81              		.thumb
  82              		.thumb_func
  84              	VL6180X_ReadReg:
  85              	.LVL5:
  86              	.LFB224:
  20:Core/Src/vl6180.c **** 
  21:Core/Src/vl6180.c **** uint8_t VL6180X_ReadReg(uint8_t sensor_addr, uint16_t reg) {
  87              		.loc 1 21 60 is_stmt 1 view -0
  88              		.cfi_startproc
  89              		@ args = 0, pretend = 0, frame = 8
  90              		@ frame_needed = 0, uses_anonymous_args = 0
  91              		.loc 1 21 60 is_stmt 0 view .LVU11
  92 0000 70B5     		push	{r4, r5, r6, lr}
  93              	.LCFI3:
  94              		.cfi_def_cfa_offset 16
  95              		.cfi_offset 4, -16
  96              		.cfi_offset 5, -12
ARM GAS  /tmp/ccwbDY1Z.s 			page 3


  97              		.cfi_offset 6, -8
  98              		.cfi_offset 14, -4
  99 0002 84B0     		sub	sp, sp, #16
 100              	.LCFI4:
 101              		.cfi_def_cfa_offset 32
  22:Core/Src/vl6180.c **** 	uint8_t tx_data[2] = { (reg >> 8) & 0xFF, reg & 0xFF };
 102              		.loc 1 22 2 is_stmt 1 view .LVU12
 103              		.loc 1 22 10 is_stmt 0 view .LVU13
 104 0004 0B0A     		lsrs	r3, r1, #8
 105 0006 8DF80C30 		strb	r3, [sp, #12]
 106 000a 8DF80D10 		strb	r1, [sp, #13]
  23:Core/Src/vl6180.c **** 	uint8_t rx_data = 0;
 107              		.loc 1 23 2 is_stmt 1 view .LVU14
 108              		.loc 1 23 10 is_stmt 0 view .LVU15
 109 000e 0023     		movs	r3, #0
 110 0010 8DF80B30 		strb	r3, [sp, #11]
  24:Core/Src/vl6180.c **** 	HAL_I2C_Master_Transmit(&hi2c1, sensor_addr << 1, tx_data, 2, 30);
 111              		.loc 1 24 2 is_stmt 1 view .LVU16
 112 0014 4400     		lsls	r4, r0, #1
 113 0016 0A4D     		ldr	r5, .L7
 114 0018 1E26     		movs	r6, #30
 115 001a 0096     		str	r6, [sp]
 116 001c 0223     		movs	r3, #2
 117 001e 03AA     		add	r2, sp, #12
 118 0020 2146     		mov	r1, r4
 119              	.LVL6:
 120              		.loc 1 24 2 is_stmt 0 view .LVU17
 121 0022 2846     		mov	r0, r5
 122              	.LVL7:
 123              		.loc 1 24 2 view .LVU18
 124 0024 FFF7FEFF 		bl	HAL_I2C_Master_Transmit
 125              	.LVL8:
  25:Core/Src/vl6180.c **** 	HAL_I2C_Master_Receive(&hi2c1, sensor_addr << 1, &rx_data, 1, 30);
 126              		.loc 1 25 2 is_stmt 1 view .LVU19
 127 0028 0096     		str	r6, [sp]
 128 002a 0123     		movs	r3, #1
 129 002c 0DF10B02 		add	r2, sp, #11
 130 0030 2146     		mov	r1, r4
 131 0032 2846     		mov	r0, r5
 132 0034 FFF7FEFF 		bl	HAL_I2C_Master_Receive
 133              	.LVL9:
  26:Core/Src/vl6180.c **** 	return rx_data;
 134              		.loc 1 26 2 view .LVU20
  27:Core/Src/vl6180.c **** }
 135              		.loc 1 27 1 is_stmt 0 view .LVU21
 136 0038 9DF80B00 		ldrb	r0, [sp, #11]	@ zero_extendqisi2
 137 003c 04B0     		add	sp, sp, #16
 138              	.LCFI5:
 139              		.cfi_def_cfa_offset 16
 140              		@ sp needed
 141 003e 70BD     		pop	{r4, r5, r6, pc}
 142              	.L8:
 143              		.align	2
 144              	.L7:
 145 0040 00000000 		.word	hi2c1
 146              		.cfi_endproc
 147              	.LFE224:
ARM GAS  /tmp/ccwbDY1Z.s 			page 4


 149              		.section	.text.VL6180X_Setup,"ax",%progbits
 150              		.align	1
 151              		.global	VL6180X_Setup
 152              		.syntax unified
 153              		.thumb
 154              		.thumb_func
 156              	VL6180X_Setup:
 157              	.LVL10:
 158              	.LFB225:
  28:Core/Src/vl6180.c **** 
  29:Core/Src/vl6180.c **** 
  30:Core/Src/vl6180.c **** void VL6180X_Setup(VL6180X_Sensor *sensors) {
 159              		.loc 1 30 45 is_stmt 1 view -0
 160              		.cfi_startproc
 161              		@ args = 0, pretend = 0, frame = 0
 162              		@ frame_needed = 0, uses_anonymous_args = 0
 163              		@ link register save eliminated.
  31:Core/Src/vl6180.c **** 	// Sensor 0 - left
  32:Core/Src/vl6180.c **** 	sensors[0].addr = VL6180X_1_ADDR;
 164              		.loc 1 32 2 view .LVU23
 165              		.loc 1 32 18 is_stmt 0 view .LVU24
 166 0000 3023     		movs	r3, #48
 167 0002 0370     		strb	r3, [r0]
  33:Core/Src/vl6180.c **** 	sensors[0].xshut_pin  = VL6180X_1_SHUT_Pin;
 168              		.loc 1 33 2 is_stmt 1 view .LVU25
 169              		.loc 1 33 24 is_stmt 0 view .LVU26
 170 0004 4FF40073 		mov	r3, #512
 171 0008 4380     		strh	r3, [r0, #2]	@ movhi
  34:Core/Src/vl6180.c **** 	sensors[0].xshut_port = VL6180X_1_SHUT_GPIO_Port;
 172              		.loc 1 34 2 is_stmt 1 view .LVU27
 173              		.loc 1 34 24 is_stmt 0 view .LVU28
 174 000a 0A4A     		ldr	r2, .L10
 175 000c 4260     		str	r2, [r0, #4]
  35:Core/Src/vl6180.c **** 	sensors[0].working = false;
 176              		.loc 1 35 2 is_stmt 1 view .LVU29
 177              		.loc 1 35 21 is_stmt 0 view .LVU30
 178 000e 0023     		movs	r3, #0
 179 0010 0372     		strb	r3, [r0, #8]
  36:Core/Src/vl6180.c **** 	sensors[0].m = VL6180X_1_M;
 180              		.loc 1 36 2 is_stmt 1 view .LVU31
 181              		.loc 1 36 15 is_stmt 0 view .LVU32
 182 0012 0949     		ldr	r1, .L10+4
 183 0014 C160     		str	r1, [r0, #12]	@ float
  37:Core/Src/vl6180.c **** 	sensors[0].q = VL6180X_1_Q;
 184              		.loc 1 37 2 is_stmt 1 view .LVU33
 185              		.loc 1 37 15 is_stmt 0 view .LVU34
 186 0016 0949     		ldr	r1, .L10+8
 187 0018 0161     		str	r1, [r0, #16]	@ float
  38:Core/Src/vl6180.c **** 
  39:Core/Src/vl6180.c **** 	// Sensor 1 - front
  40:Core/Src/vl6180.c **** 	sensors[1].addr = VL6180X_2_ADDR;
 188              		.loc 1 40 2 is_stmt 1 view .LVU35
 189              		.loc 1 40 18 is_stmt 0 view .LVU36
 190 001a 3121     		movs	r1, #49
 191 001c 0175     		strb	r1, [r0, #20]
  41:Core/Src/vl6180.c **** 	sensors[1].xshut_pin  = VL6180X_2_SHUT_Pin;
 192              		.loc 1 41 2 is_stmt 1 view .LVU37
ARM GAS  /tmp/ccwbDY1Z.s 			page 5


 193              		.loc 1 41 24 is_stmt 0 view .LVU38
 194 001e 4FF48071 		mov	r1, #256
 195 0022 C182     		strh	r1, [r0, #22]	@ movhi
  42:Core/Src/vl6180.c **** 	sensors[1].xshut_port = VL6180X_2_SHUT_GPIO_Port;
 196              		.loc 1 42 2 is_stmt 1 view .LVU39
 197              		.loc 1 42 24 is_stmt 0 view .LVU40
 198 0024 8261     		str	r2, [r0, #24]
  43:Core/Src/vl6180.c **** 	sensors[1].working = false;
 199              		.loc 1 43 2 is_stmt 1 view .LVU41
 200              		.loc 1 43 21 is_stmt 0 view .LVU42
 201 0026 0377     		strb	r3, [r0, #28]
  44:Core/Src/vl6180.c **** 	sensors[1].m = VL6180X_2_M;
 202              		.loc 1 44 2 is_stmt 1 view .LVU43
 203              		.loc 1 44 15 is_stmt 0 view .LVU44
 204 0028 054B     		ldr	r3, .L10+12
 205 002a 0362     		str	r3, [r0, #32]	@ float
  45:Core/Src/vl6180.c **** 	sensors[1].q = VL6180X_2_Q;
 206              		.loc 1 45 2 is_stmt 1 view .LVU45
 207              		.loc 1 45 15 is_stmt 0 view .LVU46
 208 002c 054B     		ldr	r3, .L10+16
 209 002e 4362     		str	r3, [r0, #36]	@ float
  46:Core/Src/vl6180.c **** }
 210              		.loc 1 46 1 view .LVU47
 211 0030 7047     		bx	lr
 212              	.L11:
 213 0032 00BF     		.align	2
 214              	.L10:
 215 0034 00080240 		.word	1073874944
 216 0038 DA74783F 		.word	1064858842
 217 003c BC779C41 		.word	1100773308
 218 0040 84411B3F 		.word	1058750852
 219 0044 518DEA41 		.word	1105890641
 220              		.cfi_endproc
 221              	.LFE225:
 223              		.section	.text.VL6180X_Init,"ax",%progbits
 224              		.align	1
 225              		.global	VL6180X_Init
 226              		.syntax unified
 227              		.thumb
 228              		.thumb_func
 230              	VL6180X_Init:
 231              	.LVL11:
 232              	.LFB226:
  47:Core/Src/vl6180.c **** 
  48:Core/Src/vl6180.c **** uint8_t VL6180X_Init(uint8_t sensor_addr) {
 233              		.loc 1 48 43 is_stmt 1 view -0
 234              		.cfi_startproc
 235              		@ args = 0, pretend = 0, frame = 0
 236              		@ frame_needed = 0, uses_anonymous_args = 0
 237              		.loc 1 48 43 is_stmt 0 view .LVU49
 238 0000 10B5     		push	{r4, lr}
 239              	.LCFI6:
 240              		.cfi_def_cfa_offset 8
 241              		.cfi_offset 4, -8
 242              		.cfi_offset 14, -4
 243 0002 0446     		mov	r4, r0
  49:Core/Src/vl6180.c **** 	if (VL6180X_ReadReg(sensor_addr, VL6180X_IDENTIFICATION_MODEL_ID) != VL6180X_ID) {
ARM GAS  /tmp/ccwbDY1Z.s 			page 6


 244              		.loc 1 49 2 is_stmt 1 view .LVU50
 245              		.loc 1 49 6 is_stmt 0 view .LVU51
 246 0004 0021     		movs	r1, #0
 247 0006 FFF7FEFF 		bl	VL6180X_ReadReg
 248              	.LVL12:
 249              		.loc 1 49 5 discriminator 1 view .LVU52
 250 000a B428     		cmp	r0, #180
 251 000c 01D0     		beq	.L16
  50:Core/Src/vl6180.c **** 		return 1;
 252              		.loc 1 50 10 view .LVU53
 253 000e 0120     		movs	r0, #1
 254              	.L13:
  51:Core/Src/vl6180.c **** 	}
  52:Core/Src/vl6180.c **** 
  53:Core/Src/vl6180.c **** 	VL6180X_WriteReg(sensor_addr, 0x0207, 0x01);
  54:Core/Src/vl6180.c **** 	VL6180X_WriteReg(sensor_addr, 0x0208, 0x01);
  55:Core/Src/vl6180.c **** 	VL6180X_WriteReg(sensor_addr, 0x0096, 0x00);
  56:Core/Src/vl6180.c **** 	VL6180X_WriteReg(sensor_addr, 0x0097, 0xFD);
  57:Core/Src/vl6180.c **** 	VL6180X_WriteReg(sensor_addr, 0x00E3, 0x00);
  58:Core/Src/vl6180.c **** 	VL6180X_WriteReg(sensor_addr, 0x00E4, 0x04);
  59:Core/Src/vl6180.c **** 	VL6180X_WriteReg(sensor_addr, 0x00E5, 0x02);
  60:Core/Src/vl6180.c **** 	VL6180X_WriteReg(sensor_addr, 0x00E6, 0x01);
  61:Core/Src/vl6180.c **** 	VL6180X_WriteReg(sensor_addr, 0x00E7, 0x03);
  62:Core/Src/vl6180.c **** 	VL6180X_WriteReg(sensor_addr, 0x00F5, 0x02);
  63:Core/Src/vl6180.c **** 	VL6180X_WriteReg(sensor_addr, 0x00D9, 0x05);
  64:Core/Src/vl6180.c **** 	VL6180X_WriteReg(sensor_addr, 0x00DB, 0xCE);
  65:Core/Src/vl6180.c **** 	VL6180X_WriteReg(sensor_addr, 0x00DC, 0x03);
  66:Core/Src/vl6180.c **** 	VL6180X_WriteReg(sensor_addr, 0x00DD, 0xF8);
  67:Core/Src/vl6180.c **** 	VL6180X_WriteReg(sensor_addr, 0x009F, 0x00);
  68:Core/Src/vl6180.c **** 	VL6180X_WriteReg(sensor_addr, 0x00A3, 0x3C);
  69:Core/Src/vl6180.c **** 	VL6180X_WriteReg(sensor_addr, 0x00B7, 0x00);
  70:Core/Src/vl6180.c **** 	VL6180X_WriteReg(sensor_addr, 0x00BB, 0x3C);
  71:Core/Src/vl6180.c **** 	VL6180X_WriteReg(sensor_addr, 0x00B2, 0x09);
  72:Core/Src/vl6180.c **** 	VL6180X_WriteReg(sensor_addr, 0x00CA, 0x09);
  73:Core/Src/vl6180.c **** 	VL6180X_WriteReg(sensor_addr, 0x0198, 0x01);
  74:Core/Src/vl6180.c **** 	VL6180X_WriteReg(sensor_addr, 0x01B0, 0x17);
  75:Core/Src/vl6180.c **** 	VL6180X_WriteReg(sensor_addr, 0x01AD, 0x00);
  76:Core/Src/vl6180.c **** 	VL6180X_WriteReg(sensor_addr, 0x00FF, 0x05);
  77:Core/Src/vl6180.c **** 	VL6180X_WriteReg(sensor_addr, 0x0100, 0x05);
  78:Core/Src/vl6180.c **** 	VL6180X_WriteReg(sensor_addr, 0x0199, 0x05);
  79:Core/Src/vl6180.c **** 	VL6180X_WriteReg(sensor_addr, 0x01A6, 0x1B);
  80:Core/Src/vl6180.c **** 	VL6180X_WriteReg(sensor_addr, 0x01AC, 0x3E);
  81:Core/Src/vl6180.c **** 	VL6180X_WriteReg(sensor_addr, 0x01A7, 0x1F);
  82:Core/Src/vl6180.c **** 	VL6180X_WriteReg(sensor_addr, 0x0030, 0x00);
  83:Core/Src/vl6180.c **** 	VL6180X_WriteReg(sensor_addr, 0x0011, 0x10);
  84:Core/Src/vl6180.c **** 	VL6180X_WriteReg(sensor_addr, 0x012A, 0x02);
  85:Core/Src/vl6180.c **** 	VL6180X_WriteReg(sensor_addr, 0x003A, 0x03);
  86:Core/Src/vl6180.c **** 	VL6180X_WriteReg(sensor_addr, 0x0031, 0xFF);
  87:Core/Src/vl6180.c **** 	VL6180X_WriteReg(sensor_addr, 0x0014, 0x24);
  88:Core/Src/vl6180.c **** 
  89:Core/Src/vl6180.c **** 	return 0;
  90:Core/Src/vl6180.c **** }
 255              		.loc 1 90 1 view .LVU54
 256 0010 10BD     		pop	{r4, pc}
 257              	.LVL13:
 258              	.L16:
  53:Core/Src/vl6180.c **** 	VL6180X_WriteReg(sensor_addr, 0x0208, 0x01);
ARM GAS  /tmp/ccwbDY1Z.s 			page 7


 259              		.loc 1 53 2 is_stmt 1 view .LVU55
 260 0012 0122     		movs	r2, #1
 261 0014 40F20721 		movw	r1, #519
 262 0018 2046     		mov	r0, r4
 263 001a FFF7FEFF 		bl	VL6180X_WriteReg
 264              	.LVL14:
  54:Core/Src/vl6180.c **** 	VL6180X_WriteReg(sensor_addr, 0x0096, 0x00);
 265              		.loc 1 54 2 view .LVU56
 266 001e 0122     		movs	r2, #1
 267 0020 4FF40271 		mov	r1, #520
 268 0024 2046     		mov	r0, r4
 269 0026 FFF7FEFF 		bl	VL6180X_WriteReg
 270              	.LVL15:
  55:Core/Src/vl6180.c **** 	VL6180X_WriteReg(sensor_addr, 0x0097, 0xFD);
 271              		.loc 1 55 2 view .LVU57
 272 002a 0022     		movs	r2, #0
 273 002c 9621     		movs	r1, #150
 274 002e 2046     		mov	r0, r4
 275 0030 FFF7FEFF 		bl	VL6180X_WriteReg
 276              	.LVL16:
  56:Core/Src/vl6180.c **** 	VL6180X_WriteReg(sensor_addr, 0x00E3, 0x00);
 277              		.loc 1 56 2 view .LVU58
 278 0034 FD22     		movs	r2, #253
 279 0036 9721     		movs	r1, #151
 280 0038 2046     		mov	r0, r4
 281 003a FFF7FEFF 		bl	VL6180X_WriteReg
 282              	.LVL17:
  57:Core/Src/vl6180.c **** 	VL6180X_WriteReg(sensor_addr, 0x00E4, 0x04);
 283              		.loc 1 57 2 view .LVU59
 284 003e 0022     		movs	r2, #0
 285 0040 E321     		movs	r1, #227
 286 0042 2046     		mov	r0, r4
 287 0044 FFF7FEFF 		bl	VL6180X_WriteReg
 288              	.LVL18:
  58:Core/Src/vl6180.c **** 	VL6180X_WriteReg(sensor_addr, 0x00E5, 0x02);
 289              		.loc 1 58 2 view .LVU60
 290 0048 0422     		movs	r2, #4
 291 004a E421     		movs	r1, #228
 292 004c 2046     		mov	r0, r4
 293 004e FFF7FEFF 		bl	VL6180X_WriteReg
 294              	.LVL19:
  59:Core/Src/vl6180.c **** 	VL6180X_WriteReg(sensor_addr, 0x00E6, 0x01);
 295              		.loc 1 59 2 view .LVU61
 296 0052 0222     		movs	r2, #2
 297 0054 E521     		movs	r1, #229
 298 0056 2046     		mov	r0, r4
 299 0058 FFF7FEFF 		bl	VL6180X_WriteReg
 300              	.LVL20:
  60:Core/Src/vl6180.c **** 	VL6180X_WriteReg(sensor_addr, 0x00E7, 0x03);
 301              		.loc 1 60 2 view .LVU62
 302 005c 0122     		movs	r2, #1
 303 005e E621     		movs	r1, #230
 304 0060 2046     		mov	r0, r4
 305 0062 FFF7FEFF 		bl	VL6180X_WriteReg
 306              	.LVL21:
  61:Core/Src/vl6180.c **** 	VL6180X_WriteReg(sensor_addr, 0x00F5, 0x02);
 307              		.loc 1 61 2 view .LVU63
ARM GAS  /tmp/ccwbDY1Z.s 			page 8


 308 0066 0322     		movs	r2, #3
 309 0068 E721     		movs	r1, #231
 310 006a 2046     		mov	r0, r4
 311 006c FFF7FEFF 		bl	VL6180X_WriteReg
 312              	.LVL22:
  62:Core/Src/vl6180.c **** 	VL6180X_WriteReg(sensor_addr, 0x00D9, 0x05);
 313              		.loc 1 62 2 view .LVU64
 314 0070 0222     		movs	r2, #2
 315 0072 F521     		movs	r1, #245
 316 0074 2046     		mov	r0, r4
 317 0076 FFF7FEFF 		bl	VL6180X_WriteReg
 318              	.LVL23:
  63:Core/Src/vl6180.c **** 	VL6180X_WriteReg(sensor_addr, 0x00DB, 0xCE);
 319              		.loc 1 63 2 view .LVU65
 320 007a 0522     		movs	r2, #5
 321 007c D921     		movs	r1, #217
 322 007e 2046     		mov	r0, r4
 323 0080 FFF7FEFF 		bl	VL6180X_WriteReg
 324              	.LVL24:
  64:Core/Src/vl6180.c **** 	VL6180X_WriteReg(sensor_addr, 0x00DC, 0x03);
 325              		.loc 1 64 2 view .LVU66
 326 0084 CE22     		movs	r2, #206
 327 0086 DB21     		movs	r1, #219
 328 0088 2046     		mov	r0, r4
 329 008a FFF7FEFF 		bl	VL6180X_WriteReg
 330              	.LVL25:
  65:Core/Src/vl6180.c **** 	VL6180X_WriteReg(sensor_addr, 0x00DD, 0xF8);
 331              		.loc 1 65 2 view .LVU67
 332 008e 0322     		movs	r2, #3
 333 0090 DC21     		movs	r1, #220
 334 0092 2046     		mov	r0, r4
 335 0094 FFF7FEFF 		bl	VL6180X_WriteReg
 336              	.LVL26:
  66:Core/Src/vl6180.c **** 	VL6180X_WriteReg(sensor_addr, 0x009F, 0x00);
 337              		.loc 1 66 2 view .LVU68
 338 0098 F822     		movs	r2, #248
 339 009a DD21     		movs	r1, #221
 340 009c 2046     		mov	r0, r4
 341 009e FFF7FEFF 		bl	VL6180X_WriteReg
 342              	.LVL27:
  67:Core/Src/vl6180.c **** 	VL6180X_WriteReg(sensor_addr, 0x00A3, 0x3C);
 343              		.loc 1 67 2 view .LVU69
 344 00a2 0022     		movs	r2, #0
 345 00a4 9F21     		movs	r1, #159
 346 00a6 2046     		mov	r0, r4
 347 00a8 FFF7FEFF 		bl	VL6180X_WriteReg
 348              	.LVL28:
  68:Core/Src/vl6180.c **** 	VL6180X_WriteReg(sensor_addr, 0x00B7, 0x00);
 349              		.loc 1 68 2 view .LVU70
 350 00ac 3C22     		movs	r2, #60
 351 00ae A321     		movs	r1, #163
 352 00b0 2046     		mov	r0, r4
 353 00b2 FFF7FEFF 		bl	VL6180X_WriteReg
 354              	.LVL29:
  69:Core/Src/vl6180.c **** 	VL6180X_WriteReg(sensor_addr, 0x00BB, 0x3C);
 355              		.loc 1 69 2 view .LVU71
 356 00b6 0022     		movs	r2, #0
ARM GAS  /tmp/ccwbDY1Z.s 			page 9


 357 00b8 B721     		movs	r1, #183
 358 00ba 2046     		mov	r0, r4
 359 00bc FFF7FEFF 		bl	VL6180X_WriteReg
 360              	.LVL30:
  70:Core/Src/vl6180.c **** 	VL6180X_WriteReg(sensor_addr, 0x00B2, 0x09);
 361              		.loc 1 70 2 view .LVU72
 362 00c0 3C22     		movs	r2, #60
 363 00c2 BB21     		movs	r1, #187
 364 00c4 2046     		mov	r0, r4
 365 00c6 FFF7FEFF 		bl	VL6180X_WriteReg
 366              	.LVL31:
  71:Core/Src/vl6180.c **** 	VL6180X_WriteReg(sensor_addr, 0x00CA, 0x09);
 367              		.loc 1 71 2 view .LVU73
 368 00ca 0922     		movs	r2, #9
 369 00cc B221     		movs	r1, #178
 370 00ce 2046     		mov	r0, r4
 371 00d0 FFF7FEFF 		bl	VL6180X_WriteReg
 372              	.LVL32:
  72:Core/Src/vl6180.c **** 	VL6180X_WriteReg(sensor_addr, 0x0198, 0x01);
 373              		.loc 1 72 2 view .LVU74
 374 00d4 0922     		movs	r2, #9
 375 00d6 CA21     		movs	r1, #202
 376 00d8 2046     		mov	r0, r4
 377 00da FFF7FEFF 		bl	VL6180X_WriteReg
 378              	.LVL33:
  73:Core/Src/vl6180.c **** 	VL6180X_WriteReg(sensor_addr, 0x01B0, 0x17);
 379              		.loc 1 73 2 view .LVU75
 380 00de 0122     		movs	r2, #1
 381 00e0 4FF4CC71 		mov	r1, #408
 382 00e4 2046     		mov	r0, r4
 383 00e6 FFF7FEFF 		bl	VL6180X_WriteReg
 384              	.LVL34:
  74:Core/Src/vl6180.c **** 	VL6180X_WriteReg(sensor_addr, 0x01AD, 0x00);
 385              		.loc 1 74 2 view .LVU76
 386 00ea 1722     		movs	r2, #23
 387 00ec 4FF4D871 		mov	r1, #432
 388 00f0 2046     		mov	r0, r4
 389 00f2 FFF7FEFF 		bl	VL6180X_WriteReg
 390              	.LVL35:
  75:Core/Src/vl6180.c **** 	VL6180X_WriteReg(sensor_addr, 0x00FF, 0x05);
 391              		.loc 1 75 2 view .LVU77
 392 00f6 0022     		movs	r2, #0
 393 00f8 40F2AD11 		movw	r1, #429
 394 00fc 2046     		mov	r0, r4
 395 00fe FFF7FEFF 		bl	VL6180X_WriteReg
 396              	.LVL36:
  76:Core/Src/vl6180.c **** 	VL6180X_WriteReg(sensor_addr, 0x0100, 0x05);
 397              		.loc 1 76 2 view .LVU78
 398 0102 0522     		movs	r2, #5
 399 0104 FF21     		movs	r1, #255
 400 0106 2046     		mov	r0, r4
 401 0108 FFF7FEFF 		bl	VL6180X_WriteReg
 402              	.LVL37:
  77:Core/Src/vl6180.c **** 	VL6180X_WriteReg(sensor_addr, 0x0199, 0x05);
 403              		.loc 1 77 2 view .LVU79
 404 010c 0522     		movs	r2, #5
 405 010e 4FF48071 		mov	r1, #256
ARM GAS  /tmp/ccwbDY1Z.s 			page 10


 406 0112 2046     		mov	r0, r4
 407 0114 FFF7FEFF 		bl	VL6180X_WriteReg
 408              	.LVL38:
  78:Core/Src/vl6180.c **** 	VL6180X_WriteReg(sensor_addr, 0x01A6, 0x1B);
 409              		.loc 1 78 2 view .LVU80
 410 0118 0522     		movs	r2, #5
 411 011a 40F29911 		movw	r1, #409
 412 011e 2046     		mov	r0, r4
 413 0120 FFF7FEFF 		bl	VL6180X_WriteReg
 414              	.LVL39:
  79:Core/Src/vl6180.c **** 	VL6180X_WriteReg(sensor_addr, 0x01AC, 0x3E);
 415              		.loc 1 79 2 view .LVU81
 416 0124 1B22     		movs	r2, #27
 417 0126 4FF4D371 		mov	r1, #422
 418 012a 2046     		mov	r0, r4
 419 012c FFF7FEFF 		bl	VL6180X_WriteReg
 420              	.LVL40:
  80:Core/Src/vl6180.c **** 	VL6180X_WriteReg(sensor_addr, 0x01A7, 0x1F);
 421              		.loc 1 80 2 view .LVU82
 422 0130 3E22     		movs	r2, #62
 423 0132 4FF4D671 		mov	r1, #428
 424 0136 2046     		mov	r0, r4
 425 0138 FFF7FEFF 		bl	VL6180X_WriteReg
 426              	.LVL41:
  81:Core/Src/vl6180.c **** 	VL6180X_WriteReg(sensor_addr, 0x0030, 0x00);
 427              		.loc 1 81 2 view .LVU83
 428 013c 1F22     		movs	r2, #31
 429 013e 40F2A711 		movw	r1, #423
 430 0142 2046     		mov	r0, r4
 431 0144 FFF7FEFF 		bl	VL6180X_WriteReg
 432              	.LVL42:
  82:Core/Src/vl6180.c **** 	VL6180X_WriteReg(sensor_addr, 0x0011, 0x10);
 433              		.loc 1 82 2 view .LVU84
 434 0148 0022     		movs	r2, #0
 435 014a 3021     		movs	r1, #48
 436 014c 2046     		mov	r0, r4
 437 014e FFF7FEFF 		bl	VL6180X_WriteReg
 438              	.LVL43:
  83:Core/Src/vl6180.c **** 	VL6180X_WriteReg(sensor_addr, 0x012A, 0x02);
 439              		.loc 1 83 2 view .LVU85
 440 0152 1022     		movs	r2, #16
 441 0154 1121     		movs	r1, #17
 442 0156 2046     		mov	r0, r4
 443 0158 FFF7FEFF 		bl	VL6180X_WriteReg
 444              	.LVL44:
  84:Core/Src/vl6180.c **** 	VL6180X_WriteReg(sensor_addr, 0x003A, 0x03);
 445              		.loc 1 84 2 view .LVU86
 446 015c 0222     		movs	r2, #2
 447 015e 4FF49571 		mov	r1, #298
 448 0162 2046     		mov	r0, r4
 449 0164 FFF7FEFF 		bl	VL6180X_WriteReg
 450              	.LVL45:
  85:Core/Src/vl6180.c **** 	VL6180X_WriteReg(sensor_addr, 0x0031, 0xFF);
 451              		.loc 1 85 2 view .LVU87
 452 0168 0322     		movs	r2, #3
 453 016a 3A21     		movs	r1, #58
 454 016c 2046     		mov	r0, r4
ARM GAS  /tmp/ccwbDY1Z.s 			page 11


 455 016e FFF7FEFF 		bl	VL6180X_WriteReg
 456              	.LVL46:
  86:Core/Src/vl6180.c **** 	VL6180X_WriteReg(sensor_addr, 0x0014, 0x24);
 457              		.loc 1 86 2 view .LVU88
 458 0172 FF22     		movs	r2, #255
 459 0174 3121     		movs	r1, #49
 460 0176 2046     		mov	r0, r4
 461 0178 FFF7FEFF 		bl	VL6180X_WriteReg
 462              	.LVL47:
  87:Core/Src/vl6180.c **** 
 463              		.loc 1 87 2 view .LVU89
 464 017c 2422     		movs	r2, #36
 465 017e 1421     		movs	r1, #20
 466 0180 2046     		mov	r0, r4
 467 0182 FFF7FEFF 		bl	VL6180X_WriteReg
 468              	.LVL48:
  89:Core/Src/vl6180.c **** }
 469              		.loc 1 89 2 view .LVU90
  89:Core/Src/vl6180.c **** }
 470              		.loc 1 89 9 is_stmt 0 view .LVU91
 471 0186 0020     		movs	r0, #0
 472 0188 42E7     		b	.L13
 473              		.cfi_endproc
 474              	.LFE226:
 476              		.section	.text.VL6180X_i2c_Init,"ax",%progbits
 477              		.align	1
 478              		.global	VL6180X_i2c_Init
 479              		.syntax unified
 480              		.thumb
 481              		.thumb_func
 483              	VL6180X_i2c_Init:
 484              	.LVL49:
 485              	.LFB227:
  91:Core/Src/vl6180.c **** 
  92:Core/Src/vl6180.c **** void VL6180X_i2c_Init(VL6180X_Sensor *sensors) {
 486              		.loc 1 92 48 is_stmt 1 view -0
 487              		.cfi_startproc
 488              		@ args = 0, pretend = 0, frame = 0
 489              		@ frame_needed = 0, uses_anonymous_args = 0
 490              		.loc 1 92 48 is_stmt 0 view .LVU93
 491 0000 F8B5     		push	{r3, r4, r5, r6, r7, lr}
 492              	.LCFI7:
 493              		.cfi_def_cfa_offset 24
 494              		.cfi_offset 3, -24
 495              		.cfi_offset 4, -20
 496              		.cfi_offset 5, -16
 497              		.cfi_offset 6, -12
 498              		.cfi_offset 7, -8
 499              		.cfi_offset 14, -4
 500 0002 0646     		mov	r6, r0
  93:Core/Src/vl6180.c **** 
  94:Core/Src/vl6180.c **** 	/* IMPORTANT!!!
  95:Core/Src/vl6180.c **** 	 * (for old sensors VL6180X_2 HAS THE SCRATCH)
  96:Core/Src/vl6180.c **** 	 * swapping sensor may lead missreading
  97:Core/Src/vl6180.c **** 	 * due to calibration of each VL6180X
  98:Core/Src/vl6180.c **** 	 * with separate linear regression
  99:Core/Src/vl6180.c **** 	 */
ARM GAS  /tmp/ccwbDY1Z.s 			page 12


 100:Core/Src/vl6180.c **** 
 101:Core/Src/vl6180.c **** 	// shut down all not working sensors
 102:Core/Src/vl6180.c **** 	for (uint8_t i = 0; i < NUMBER_OF_VL6180X_ID; i++) {
 501              		.loc 1 102 2 is_stmt 1 view .LVU94
 502              	.LBB2:
 503              		.loc 1 102 7 view .LVU95
 504              	.LVL50:
 505              		.loc 1 102 15 is_stmt 0 view .LVU96
 506 0004 0024     		movs	r4, #0
 507              		.loc 1 102 2 view .LVU97
 508 0006 01E0     		b	.L18
 509              	.LVL51:
 510              	.L19:
 511              		.loc 1 102 49 is_stmt 1 discriminator 2 view .LVU98
 512 0008 0134     		adds	r4, r4, #1
 513              	.LVL52:
 514              		.loc 1 102 49 is_stmt 0 discriminator 2 view .LVU99
 515 000a E4B2     		uxtb	r4, r4
 516              	.LVL53:
 517              	.L18:
 518              		.loc 1 102 24 is_stmt 1 discriminator 1 view .LVU100
 519 000c 012C     		cmp	r4, #1
 520 000e 0BD8     		bhi	.L25
 103:Core/Src/vl6180.c **** 		if (!sensors[i].working) {
 521              		.loc 1 103 3 view .LVU101
 522              		.loc 1 103 15 is_stmt 0 view .LVU102
 523 0010 04EB8403 		add	r3, r4, r4, lsl #2
 524 0014 06EB8303 		add	r3, r6, r3, lsl #2
 525              		.loc 1 103 18 view .LVU103
 526 0018 1A7A     		ldrb	r2, [r3, #8]	@ zero_extendqisi2
 527              		.loc 1 103 6 view .LVU104
 528 001a 002A     		cmp	r2, #0
 529 001c F4D1     		bne	.L19
 104:Core/Src/vl6180.c **** 			HAL_GPIO_WritePin(sensors[i].xshut_port, sensors[i].xshut_pin, GPIO_PIN_RESET);
 530              		.loc 1 104 4 is_stmt 1 view .LVU105
 531 001e 5988     		ldrh	r1, [r3, #2]
 532 0020 5868     		ldr	r0, [r3, #4]
 533 0022 FFF7FEFF 		bl	HAL_GPIO_WritePin
 534              	.LVL54:
 535 0026 EFE7     		b	.L19
 536              	.L25:
 537              		.loc 1 104 4 is_stmt 0 view .LVU106
 538              	.LBE2:
 539              	.LBB3:
 105:Core/Src/vl6180.c **** 		}
 106:Core/Src/vl6180.c **** 	}
 107:Core/Src/vl6180.c **** 	//printf("Scanning, nothing should be found\n");
 108:Core/Src/vl6180.c **** 	//i2cScan();
 109:Core/Src/vl6180.c **** 
 110:Core/Src/vl6180.c **** 	/*
 111:Core/Src/vl6180.c **** 	//test
 112:Core/Src/vl6180.c **** 	for (uint8_t i = 0; i < NUMBER_OF_VL6180X_ID; i++) {
 113:Core/Src/vl6180.c **** 		printf("testing %d -   ", i);
 114:Core/Src/vl6180.c **** 		HAL_GPIO_WritePin(sensors[i].xshut_port, sensors[i].xshut_pin, GPIO_PIN_SET);
 115:Core/Src/vl6180.c **** 		HAL_Delay(5);
 116:Core/Src/vl6180.c **** 		i2cScan();
 117:Core/Src/vl6180.c **** 		HAL_GPIO_WritePin(sensors[i].xshut_port, sensors[i].xshut_pin, GPIO_PIN_RESET);
ARM GAS  /tmp/ccwbDY1Z.s 			page 13


 118:Core/Src/vl6180.c **** 	}
 119:Core/Src/vl6180.c **** 	printf("Scanning, should be nothing found \n");
 120:Core/Src/vl6180.c **** 	i2cScan();
 121:Core/Src/vl6180.c **** 	*/
 122:Core/Src/vl6180.c **** 
 123:Core/Src/vl6180.c **** 	// for all not working sensor
 124:Core/Src/vl6180.c **** 	// turn them on one by one initialize them
 125:Core/Src/vl6180.c **** 	for (uint8_t i = 0; i < NUMBER_OF_VL6180X_ID; i++) {
 540              		.loc 1 125 15 view .LVU107
 541 0028 0024     		movs	r4, #0
 542              	.LVL55:
 543              		.loc 1 125 15 view .LVU108
 544 002a 01E0     		b	.L21
 545              	.LVL56:
 546              	.L22:
 547              		.loc 1 125 49 is_stmt 1 discriminator 2 view .LVU109
 548 002c 0134     		adds	r4, r4, #1
 549              	.LVL57:
 550              		.loc 1 125 49 is_stmt 0 discriminator 2 view .LVU110
 551 002e E4B2     		uxtb	r4, r4
 552              	.LVL58:
 553              	.L21:
 554              		.loc 1 125 24 is_stmt 1 discriminator 1 view .LVU111
 555 0030 012C     		cmp	r4, #1
 556 0032 20D8     		bhi	.L26
 126:Core/Src/vl6180.c **** 		if (!sensors[i].working) {
 557              		.loc 1 126 3 view .LVU112
 558              		.loc 1 126 15 is_stmt 0 view .LVU113
 559 0034 04EB8403 		add	r3, r4, r4, lsl #2
 560 0038 9F00     		lsls	r7, r3, #2
 561 003a 06EB8305 		add	r5, r6, r3, lsl #2
 562              		.loc 1 126 18 view .LVU114
 563 003e 2B7A     		ldrb	r3, [r5, #8]	@ zero_extendqisi2
 564              		.loc 1 126 6 view .LVU115
 565 0040 002B     		cmp	r3, #0
 566 0042 F3D1     		bne	.L22
 127:Core/Src/vl6180.c **** 			HAL_GPIO_WritePin(sensors[i].xshut_port, sensors[i].xshut_pin, GPIO_PIN_SET);
 567              		.loc 1 127 4 is_stmt 1 view .LVU116
 568 0044 0122     		movs	r2, #1
 569 0046 6988     		ldrh	r1, [r5, #2]
 570 0048 6868     		ldr	r0, [r5, #4]
 571 004a FFF7FEFF 		bl	HAL_GPIO_WritePin
 572              	.LVL59:
 128:Core/Src/vl6180.c **** 			HAL_Delay(5);
 573              		.loc 1 128 4 view .LVU117
 574 004e 0520     		movs	r0, #5
 575 0050 FFF7FEFF 		bl	HAL_Delay
 576              	.LVL60:
 129:Core/Src/vl6180.c **** 			VL6180X_WriteReg(VL6180X_DEFAULT_ADDR, VL6180X_REG_I2C_SLAVE_DEV_ADDR, sensors[i].addr);
 577              		.loc 1 129 4 view .LVU118
 578 0054 F25D     		ldrb	r2, [r6, r7]	@ zero_extendqisi2
 579 0056 40F21221 		movw	r1, #530
 580 005a 2920     		movs	r0, #41
 581 005c FFF7FEFF 		bl	VL6180X_WriteReg
 582              	.LVL61:
 130:Core/Src/vl6180.c **** 			HAL_Delay(5);
 583              		.loc 1 130 4 view .LVU119
ARM GAS  /tmp/ccwbDY1Z.s 			page 14


 584 0060 0520     		movs	r0, #5
 585 0062 FFF7FEFF 		bl	HAL_Delay
 586              	.LVL62:
 131:Core/Src/vl6180.c **** 			if (VL6180X_Init(sensors[i].addr) == 0) {
 587              		.loc 1 131 4 view .LVU120
 588              		.loc 1 131 8 is_stmt 0 view .LVU121
 589 0066 F05D     		ldrb	r0, [r6, r7]	@ zero_extendqisi2
 590 0068 FFF7FEFF 		bl	VL6180X_Init
 591              	.LVL63:
 592              		.loc 1 131 7 discriminator 1 view .LVU122
 593 006c 0028     		cmp	r0, #0
 594 006e DDD1     		bne	.L22
 132:Core/Src/vl6180.c **** 				sensors[i].working = true;
 595              		.loc 1 132 5 is_stmt 1 view .LVU123
 596              		.loc 1 132 24 is_stmt 0 view .LVU124
 597 0070 0123     		movs	r3, #1
 598 0072 2B72     		strb	r3, [r5, #8]
 599 0074 DAE7     		b	.L22
 600              	.L26:
 601              		.loc 1 132 24 view .LVU125
 602              	.LBE3:
 133:Core/Src/vl6180.c **** 			}
 134:Core/Src/vl6180.c **** 		}
 135:Core/Src/vl6180.c **** 	}
 136:Core/Src/vl6180.c **** 	//i2cScan();
 137:Core/Src/vl6180.c **** }
 603              		.loc 1 137 1 view .LVU126
 604 0076 F8BD     		pop	{r3, r4, r5, r6, r7, pc}
 605              		.loc 1 137 1 view .LVU127
 606              		.cfi_endproc
 607              	.LFE227:
 609              		.section	.text.VL6180X_SendMsgToRead,"ax",%progbits
 610              		.align	1
 611              		.global	VL6180X_SendMsgToRead
 612              		.syntax unified
 613              		.thumb
 614              		.thumb_func
 616              	VL6180X_SendMsgToRead:
 617              	.LVL64:
 618              	.LFB228:
 138:Core/Src/vl6180.c **** 
 139:Core/Src/vl6180.c **** 
 140:Core/Src/vl6180.c **** void VL6180X_SendMsgToRead(VL6180X_Sensor *sensors) {
 619              		.loc 1 140 53 is_stmt 1 view -0
 620              		.cfi_startproc
 621              		@ args = 0, pretend = 0, frame = 0
 622              		@ frame_needed = 0, uses_anonymous_args = 0
 623              		.loc 1 140 53 is_stmt 0 view .LVU129
 624 0000 38B5     		push	{r3, r4, r5, lr}
 625              	.LCFI8:
 626              		.cfi_def_cfa_offset 16
 627              		.cfi_offset 3, -16
 628              		.cfi_offset 4, -12
 629              		.cfi_offset 5, -8
 630              		.cfi_offset 14, -4
 631 0002 0546     		mov	r5, r0
 141:Core/Src/vl6180.c **** 
ARM GAS  /tmp/ccwbDY1Z.s 			page 15


 142:Core/Src/vl6180.c **** 	// Send the input signal to read
 143:Core/Src/vl6180.c **** 
 144:Core/Src/vl6180.c **** 	for (int i = 0; i < NUMBER_OF_VL6180X_ID; i++) {
 632              		.loc 1 144 2 is_stmt 1 view .LVU130
 633              	.LBB4:
 634              		.loc 1 144 7 view .LVU131
 635              	.LVL65:
 636              		.loc 1 144 11 is_stmt 0 view .LVU132
 637 0004 0024     		movs	r4, #0
 638              		.loc 1 144 2 view .LVU133
 639 0006 00E0     		b	.L28
 640              	.LVL66:
 641              	.L29:
 642              		.loc 1 144 45 is_stmt 1 discriminator 2 view .LVU134
 643 0008 0134     		adds	r4, r4, #1
 644              	.LVL67:
 645              	.L28:
 646              		.loc 1 144 20 discriminator 1 view .LVU135
 647 000a 012C     		cmp	r4, #1
 648 000c 0DDC     		bgt	.L32
 145:Core/Src/vl6180.c **** 		if (sensors[i].working) {
 649              		.loc 1 145 3 view .LVU136
 650              		.loc 1 145 14 is_stmt 0 view .LVU137
 651 000e 04EB8403 		add	r3, r4, r4, lsl #2
 652 0012 9800     		lsls	r0, r3, #2
 653 0014 05EB8303 		add	r3, r5, r3, lsl #2
 654              		.loc 1 145 17 view .LVU138
 655 0018 1B7A     		ldrb	r3, [r3, #8]	@ zero_extendqisi2
 656              		.loc 1 145 6 view .LVU139
 657 001a 002B     		cmp	r3, #0
 658 001c F4D0     		beq	.L29
 146:Core/Src/vl6180.c **** 			VL6180X_WriteReg(sensors[i].addr, VL6180X_SYSRANGE_START, 0x01);
 659              		.loc 1 146 4 is_stmt 1 view .LVU140
 660 001e 0122     		movs	r2, #1
 661 0020 1821     		movs	r1, #24
 662 0022 285C     		ldrb	r0, [r5, r0]	@ zero_extendqisi2
 663 0024 FFF7FEFF 		bl	VL6180X_WriteReg
 664              	.LVL68:
 665 0028 EEE7     		b	.L29
 666              	.L32:
 667              		.loc 1 146 4 is_stmt 0 view .LVU141
 668              	.LBE4:
 147:Core/Src/vl6180.c **** 		}
 148:Core/Src/vl6180.c **** 	}
 149:Core/Src/vl6180.c **** }
 669              		.loc 1 149 1 view .LVU142
 670 002a 38BD     		pop	{r3, r4, r5, pc}
 671              		.loc 1 149 1 view .LVU143
 672              		.cfi_endproc
 673              	.LFE228:
 675              		.section	.text.VL6180X_ReadDistances,"ax",%progbits
 676              		.align	1
 677              		.global	VL6180X_ReadDistances
 678              		.syntax unified
 679              		.thumb
 680              		.thumb_func
 682              	VL6180X_ReadDistances:
ARM GAS  /tmp/ccwbDY1Z.s 			page 16


 683              	.LVL69:
 684              	.LFB229:
 150:Core/Src/vl6180.c **** 
 151:Core/Src/vl6180.c **** void VL6180X_ReadDistances(VL6180X_Sensor *sensors, uint8_t *counter) {
 685              		.loc 1 151 71 is_stmt 1 view -0
 686              		.cfi_startproc
 687              		@ args = 0, pretend = 0, frame = 0
 688              		@ frame_needed = 0, uses_anonymous_args = 0
 689              		.loc 1 151 71 is_stmt 0 view .LVU145
 690 0000 2DE9F843 		push	{r3, r4, r5, r6, r7, r8, r9, lr}
 691              	.LCFI9:
 692              		.cfi_def_cfa_offset 32
 693              		.cfi_offset 3, -32
 694              		.cfi_offset 4, -28
 695              		.cfi_offset 5, -24
 696              		.cfi_offset 6, -20
 697              		.cfi_offset 7, -16
 698              		.cfi_offset 8, -12
 699              		.cfi_offset 9, -8
 700              		.cfi_offset 14, -4
 701 0004 0646     		mov	r6, r0
 702 0006 0F46     		mov	r7, r1
 152:Core/Src/vl6180.c **** 
 153:Core/Src/vl6180.c **** 	// Minimum 60 ms after calling VL6180X_SendMsgToRead
 154:Core/Src/vl6180.c **** 	// Read values from sensors
 155:Core/Src/vl6180.c **** 
 156:Core/Src/vl6180.c **** 	uint16_t readValue = 0;
 703              		.loc 1 156 2 is_stmt 1 view .LVU146
 704              	.LVL70:
 157:Core/Src/vl6180.c **** 	uint8_t flag = 0;
 705              		.loc 1 157 2 view .LVU147
 158:Core/Src/vl6180.c **** 
 159:Core/Src/vl6180.c **** 	for (int i = 0; i < NUMBER_OF_VL6180X_ID; i++) {  // Loop over all sensors
 706              		.loc 1 159 2 view .LVU148
 707              	.LBB5:
 708              		.loc 1 159 7 view .LVU149
 709              		.loc 1 159 11 is_stmt 0 view .LVU150
 710 0008 0024     		movs	r4, #0
 711              	.LBE5:
 157:Core/Src/vl6180.c **** 	uint8_t flag = 0;
 712              		.loc 1 157 10 view .LVU151
 713 000a A046     		mov	r8, r4
 714              	.LBB6:
 715              		.loc 1 159 2 view .LVU152
 716 000c 0FE0     		b	.L34
 717              	.LVL71:
 718              	.L44:
 160:Core/Src/vl6180.c **** 		if (sensors[i].working) {  // Check if the sensor is working
 161:Core/Src/vl6180.c **** 
 162:Core/Src/vl6180.c **** 			// Check if the measurement is complete (based on the result range status)
 163:Core/Src/vl6180.c **** 			if ((VL6180X_ReadReg(sensors[i].addr, VL6180X_RESULT_RANGE_STATUS) & 0x01) == 0) {
 719              		.loc 1 163 4 is_stmt 1 view .LVU153
 720              		.loc 1 163 9 is_stmt 0 view .LVU154
 721 000e 4D21     		movs	r1, #77
 722 0010 16F80900 		ldrb	r0, [r6, r9]	@ zero_extendqisi2
 723 0014 FFF7FEFF 		bl	VL6180X_ReadReg
 724              	.LVL72:
ARM GAS  /tmp/ccwbDY1Z.s 			page 17


 725              		.loc 1 163 7 discriminator 1 view .LVU155
 726 0018 10F0010F 		tst	r0, #1
 727 001c 15D1     		bne	.L36
 164:Core/Src/vl6180.c **** 
 165:Core/Src/vl6180.c **** 				/* Error reading ith VL6180X */
 166:Core/Src/vl6180.c **** 				sensors[i].working = false;
 728              		.loc 1 166 5 is_stmt 1 view .LVU156
 729              		.loc 1 166 24 is_stmt 0 view .LVU157
 730 001e 0022     		movs	r2, #0
 731 0020 2A72     		strb	r2, [r5, #8]
 167:Core/Src/vl6180.c **** 				sensors[i].distance = 0;  // Set distance to 0 as error state
 732              		.loc 1 167 5 is_stmt 1 view .LVU158
 733              		.loc 1 167 25 is_stmt 0 view .LVU159
 734 0022 6A72     		strb	r2, [r5, #9]
 168:Core/Src/vl6180.c **** 
 169:Core/Src/vl6180.c **** 				// Shutdown the sensor (disable it)
 170:Core/Src/vl6180.c **** 				HAL_GPIO_WritePin(sensors[i].xshut_port, sensors[i].xshut_pin, GPIO_PIN_RESET);
 735              		.loc 1 170 5 is_stmt 1 view .LVU160
 736 0024 6988     		ldrh	r1, [r5, #2]
 737 0026 6868     		ldr	r0, [r5, #4]
 738 0028 FFF7FEFF 		bl	HAL_GPIO_WritePin
 739              	.LVL73:
 740              	.L35:
 159:Core/Src/vl6180.c **** 		if (sensors[i].working) {  // Check if the sensor is working
 741              		.loc 1 159 45 discriminator 2 view .LVU161
 742 002c 0134     		adds	r4, r4, #1
 743              	.LVL74:
 744              	.L34:
 159:Core/Src/vl6180.c **** 		if (sensors[i].working) {  // Check if the sensor is working
 745              		.loc 1 159 20 discriminator 1 view .LVU162
 746 002e 012C     		cmp	r4, #1
 747 0030 2DDC     		bgt	.L43
 160:Core/Src/vl6180.c **** 
 748              		.loc 1 160 3 view .LVU163
 160:Core/Src/vl6180.c **** 
 749              		.loc 1 160 14 is_stmt 0 view .LVU164
 750 0032 04EB8405 		add	r5, r4, r4, lsl #2
 751 0036 4FEA8509 		lsl	r9, r5, #2
 752 003a 06EB8505 		add	r5, r6, r5, lsl #2
 160:Core/Src/vl6180.c **** 
 753              		.loc 1 160 17 view .LVU165
 754 003e 2B7A     		ldrb	r3, [r5, #8]	@ zero_extendqisi2
 160:Core/Src/vl6180.c **** 
 755              		.loc 1 160 6 view .LVU166
 756 0040 002B     		cmp	r3, #0
 757 0042 E4D1     		bne	.L44
 171:Core/Src/vl6180.c **** 
 172:Core/Src/vl6180.c **** 			} else {
 173:Core/Src/vl6180.c **** 				// Sensor read correctly, process the reading
 174:Core/Src/vl6180.c **** 				readValue = VL6180X_ReadReg(sensors[i].addr, VL6180X_RESULT_RANGE_VAL);
 175:Core/Src/vl6180.c **** 
 176:Core/Src/vl6180.c **** 				// Reset the sensor's fresh out of reset register
 177:Core/Src/vl6180.c **** 				//VL6180X_WriteReg(sensors[i].addr, VL6180X_SYSTEM_FRESH_OUT_OF_RESET, 0x00);
 178:Core/Src/vl6180.c **** 
 179:Core/Src/vl6180.c **** 				// Apply linear transformation (using m and q from the sensor's configuration)
 180:Core/Src/vl6180.c **** 				readValue = sensors[i].m * readValue + sensors[i].q;
 181:Core/Src/vl6180.c **** 
ARM GAS  /tmp/ccwbDY1Z.s 			page 18


 182:Core/Src/vl6180.c **** 				// Clamp the read value to a valid range (0-255)
 183:Core/Src/vl6180.c **** 				if (readValue > 255) {
 184:Core/Src/vl6180.c **** 					sensors[i].distance = 255;
 185:Core/Src/vl6180.c **** 				} else if (readValue < 5) {
 186:Core/Src/vl6180.c **** 					sensors[i].distance = 0;
 187:Core/Src/vl6180.c **** 				} else {
 188:Core/Src/vl6180.c **** 					sensors[i].distance = readValue;
 189:Core/Src/vl6180.c **** 				}
 190:Core/Src/vl6180.c **** 			}
 191:Core/Src/vl6180.c **** 		} else {
 192:Core/Src/vl6180.c **** 			// If the sensor is not working, increment the counter
 193:Core/Src/vl6180.c **** 			flag = 1;
 758              		.loc 1 193 9 view .LVU167
 759 0044 4FF00108 		mov	r8, #1
 760              	.LVL75:
 761              		.loc 1 193 9 view .LVU168
 762 0048 F0E7     		b	.L35
 763              	.LVL76:
 764              	.L36:
 174:Core/Src/vl6180.c **** 
 765              		.loc 1 174 5 is_stmt 1 view .LVU169
 174:Core/Src/vl6180.c **** 
 766              		.loc 1 174 17 is_stmt 0 view .LVU170
 767 004a 6221     		movs	r1, #98
 768 004c 16F80900 		ldrb	r0, [r6, r9]	@ zero_extendqisi2
 769 0050 FFF7FEFF 		bl	VL6180X_ReadReg
 770              	.LVL77:
 771 0054 07EE900A 		vmov	s15, r0	@ int
 772              	.LVL78:
 180:Core/Src/vl6180.c **** 
 773              		.loc 1 180 5 is_stmt 1 view .LVU171
 180:Core/Src/vl6180.c **** 
 774              		.loc 1 180 27 is_stmt 0 view .LVU172
 775 0058 95ED037A 		vldr.32	s14, [r5, #12]
 180:Core/Src/vl6180.c **** 
 776              		.loc 1 180 30 view .LVU173
 777 005c F8EEE77A 		vcvt.f32.s32	s15, s15
 778 0060 67EE877A 		vmul.f32	s15, s15, s14
 180:Core/Src/vl6180.c **** 
 779              		.loc 1 180 54 view .LVU174
 780 0064 95ED047A 		vldr.32	s14, [r5, #16]
 180:Core/Src/vl6180.c **** 
 781              		.loc 1 180 42 view .LVU175
 782 0068 77EE877A 		vadd.f32	s15, s15, s14
 180:Core/Src/vl6180.c **** 
 783              		.loc 1 180 15 view .LVU176
 784 006c FCEEE77A 		vcvt.u32.f32	s15, s15
 785 0070 17EE903A 		vmov	r3, s15	@ int
 786 0074 9BB2     		uxth	r3, r3
 787              	.LVL79:
 183:Core/Src/vl6180.c **** 					sensors[i].distance = 255;
 788              		.loc 1 183 5 is_stmt 1 view .LVU177
 183:Core/Src/vl6180.c **** 					sensors[i].distance = 255;
 789              		.loc 1 183 8 is_stmt 0 view .LVU178
 790 0076 FF2B     		cmp	r3, #255
 791 0078 02D9     		bls	.L37
 184:Core/Src/vl6180.c **** 				} else if (readValue < 5) {
ARM GAS  /tmp/ccwbDY1Z.s 			page 19


 792              		.loc 1 184 6 is_stmt 1 view .LVU179
 184:Core/Src/vl6180.c **** 				} else if (readValue < 5) {
 793              		.loc 1 184 26 is_stmt 0 view .LVU180
 794 007a FF23     		movs	r3, #255
 795              	.LVL80:
 184:Core/Src/vl6180.c **** 				} else if (readValue < 5) {
 796              		.loc 1 184 26 view .LVU181
 797 007c 6B72     		strb	r3, [r5, #9]
 798 007e D5E7     		b	.L35
 799              	.LVL81:
 800              	.L37:
 185:Core/Src/vl6180.c **** 					sensors[i].distance = 0;
 801              		.loc 1 185 12 is_stmt 1 view .LVU182
 185:Core/Src/vl6180.c **** 					sensors[i].distance = 0;
 802              		.loc 1 185 15 is_stmt 0 view .LVU183
 803 0080 042B     		cmp	r3, #4
 804 0082 02D8     		bhi	.L38
 186:Core/Src/vl6180.c **** 				} else {
 805              		.loc 1 186 6 is_stmt 1 view .LVU184
 186:Core/Src/vl6180.c **** 				} else {
 806              		.loc 1 186 26 is_stmt 0 view .LVU185
 807 0084 0023     		movs	r3, #0
 808              	.LVL82:
 186:Core/Src/vl6180.c **** 				} else {
 809              		.loc 1 186 26 view .LVU186
 810 0086 6B72     		strb	r3, [r5, #9]
 811 0088 D0E7     		b	.L35
 812              	.LVL83:
 813              	.L38:
 188:Core/Src/vl6180.c **** 				}
 814              		.loc 1 188 6 is_stmt 1 view .LVU187
 188:Core/Src/vl6180.c **** 				}
 815              		.loc 1 188 26 is_stmt 0 view .LVU188
 816 008a 6B72     		strb	r3, [r5, #9]
 817 008c CEE7     		b	.L35
 818              	.LVL84:
 819              	.L43:
 188:Core/Src/vl6180.c **** 				}
 820              		.loc 1 188 26 view .LVU189
 821              	.LBE6:
 194:Core/Src/vl6180.c **** 
 195:Core/Src/vl6180.c **** 		}
 196:Core/Src/vl6180.c **** 	}
 197:Core/Src/vl6180.c **** 	if (flag) (*counter)++;
 822              		.loc 1 197 2 is_stmt 1 view .LVU190
 823              		.loc 1 197 5 is_stmt 0 view .LVU191
 824 008e B8F1000F 		cmp	r8, #0
 825 0092 02D0     		beq	.L33
 826              		.loc 1 197 12 is_stmt 1 discriminator 1 view .LVU192
 827              		.loc 1 197 13 is_stmt 0 discriminator 1 view .LVU193
 828 0094 3B78     		ldrb	r3, [r7]	@ zero_extendqisi2
 829              		.loc 1 197 22 discriminator 1 view .LVU194
 830 0096 0133     		adds	r3, r3, #1
 831 0098 3B70     		strb	r3, [r7]
 832              	.L33:
 198:Core/Src/vl6180.c **** }
 833              		.loc 1 198 1 view .LVU195
ARM GAS  /tmp/ccwbDY1Z.s 			page 20


 834 009a BDE8F883 		pop	{r3, r4, r5, r6, r7, r8, r9, pc}
 835              		.loc 1 198 1 view .LVU196
 836              		.cfi_endproc
 837              	.LFE229:
 839              		.section	.text.VL6180X_ReadDistancePolling,"ax",%progbits
 840              		.align	1
 841              		.global	VL6180X_ReadDistancePolling
 842              		.syntax unified
 843              		.thumb
 844              		.thumb_func
 846              	VL6180X_ReadDistancePolling:
 847              	.LVL85:
 848              	.LFB230:
 199:Core/Src/vl6180.c **** 
 200:Core/Src/vl6180.c **** 
 201:Core/Src/vl6180.c **** 
 202:Core/Src/vl6180.c **** 
 203:Core/Src/vl6180.c **** 
 204:Core/Src/vl6180.c **** 
 205:Core/Src/vl6180.c **** 
 206:Core/Src/vl6180.c **** 
 207:Core/Src/vl6180.c **** 
 208:Core/Src/vl6180.c **** 
 209:Core/Src/vl6180.c **** 
 210:Core/Src/vl6180.c **** 
 211:Core/Src/vl6180.c **** 
 212:Core/Src/vl6180.c **** 
 213:Core/Src/vl6180.c **** 
 214:Core/Src/vl6180.c **** 
 215:Core/Src/vl6180.c **** uint8_t VL6180X_ReadDistancePolling(uint8_t sensor_addr, uint8_t *distance) {
 849              		.loc 1 215 77 is_stmt 1 view -0
 850              		.cfi_startproc
 851              		@ args = 0, pretend = 0, frame = 0
 852              		@ frame_needed = 0, uses_anonymous_args = 0
 853              		.loc 1 215 77 is_stmt 0 view .LVU198
 854 0000 70B5     		push	{r4, r5, r6, lr}
 855              	.LCFI10:
 856              		.cfi_def_cfa_offset 16
 857              		.cfi_offset 4, -16
 858              		.cfi_offset 5, -12
 859              		.cfi_offset 6, -8
 860              		.cfi_offset 14, -4
 861 0002 0446     		mov	r4, r0
 862 0004 0E46     		mov	r6, r1
 216:Core/Src/vl6180.c **** 	uint32_t start_time = HAL_GetTick();
 863              		.loc 1 216 2 is_stmt 1 view .LVU199
 864              		.loc 1 216 24 is_stmt 0 view .LVU200
 865 0006 FFF7FEFF 		bl	HAL_GetTick
 866              	.LVL86:
 867              		.loc 1 216 24 view .LVU201
 868 000a 0546     		mov	r5, r0
 869              	.LVL87:
 217:Core/Src/vl6180.c **** 	const uint32_t timeout_ms = 80;
 870              		.loc 1 217 2 is_stmt 1 view .LVU202
 218:Core/Src/vl6180.c **** 
 219:Core/Src/vl6180.c **** 	VL6180X_WriteReg(sensor_addr, VL6180X_SYSRANGE_START, 0x01);
 871              		.loc 1 219 2 view .LVU203
ARM GAS  /tmp/ccwbDY1Z.s 			page 21


 872 000c 0122     		movs	r2, #1
 873 000e 1821     		movs	r1, #24
 874 0010 2046     		mov	r0, r4
 875              	.LVL88:
 876              		.loc 1 219 2 is_stmt 0 view .LVU204
 877 0012 FFF7FEFF 		bl	VL6180X_WriteReg
 878              	.LVL89:
 220:Core/Src/vl6180.c **** 
 221:Core/Src/vl6180.c **** 	while ((VL6180X_ReadReg(sensor_addr, VL6180X_RESULT_RANGE_STATUS) & 0x01) == 0) {
 879              		.loc 1 221 2 is_stmt 1 view .LVU205
 880              	.L46:
 881              		.loc 1 221 76 view .LVU206
 882              		.loc 1 221 10 is_stmt 0 view .LVU207
 883 0016 4D21     		movs	r1, #77
 884 0018 2046     		mov	r0, r4
 885 001a FFF7FEFF 		bl	VL6180X_ReadReg
 886              	.LVL90:
 887              		.loc 1 221 76 discriminator 1 view .LVU208
 888 001e 10F0010F 		tst	r0, #1
 889 0022 06D1     		bne	.L51
 222:Core/Src/vl6180.c **** 		if ((HAL_GetTick() - start_time) > timeout_ms) {
 890              		.loc 1 222 3 is_stmt 1 view .LVU209
 891              		.loc 1 222 8 is_stmt 0 view .LVU210
 892 0024 FFF7FEFF 		bl	HAL_GetTick
 893              	.LVL91:
 894              		.loc 1 222 22 discriminator 1 view .LVU211
 895 0028 431B     		subs	r3, r0, r5
 896              		.loc 1 222 6 discriminator 1 view .LVU212
 897 002a 502B     		cmp	r3, #80
 898 002c F3D9     		bls	.L46
 223:Core/Src/vl6180.c **** 			return 1;
 899              		.loc 1 223 11 view .LVU213
 900 002e 0120     		movs	r0, #1
 901 0030 0AE0     		b	.L47
 902              	.L51:
 224:Core/Src/vl6180.c **** 		}
 225:Core/Src/vl6180.c **** 	}
 226:Core/Src/vl6180.c **** 
 227:Core/Src/vl6180.c **** 	*distance = VL6180X_ReadReg(sensor_addr, VL6180X_RESULT_RANGE_VAL);
 903              		.loc 1 227 2 is_stmt 1 view .LVU214
 904              		.loc 1 227 14 is_stmt 0 view .LVU215
 905 0032 6221     		movs	r1, #98
 906 0034 2046     		mov	r0, r4
 907 0036 FFF7FEFF 		bl	VL6180X_ReadReg
 908              	.LVL92:
 909              		.loc 1 227 12 discriminator 1 view .LVU216
 910 003a 3070     		strb	r0, [r6]
 228:Core/Src/vl6180.c **** 	VL6180X_WriteReg(sensor_addr, VL6180X_SYSTEM_FRESH_OUT_OF_RESET, 0x00);
 911              		.loc 1 228 2 is_stmt 1 view .LVU217
 912 003c 0022     		movs	r2, #0
 913 003e 1621     		movs	r1, #22
 914 0040 2046     		mov	r0, r4
 915 0042 FFF7FEFF 		bl	VL6180X_WriteReg
 916              	.LVL93:
 229:Core/Src/vl6180.c **** 	return 0;
 917              		.loc 1 229 2 view .LVU218
 918              		.loc 1 229 9 is_stmt 0 view .LVU219
ARM GAS  /tmp/ccwbDY1Z.s 			page 22


 919 0046 0020     		movs	r0, #0
 920              	.L47:
 230:Core/Src/vl6180.c **** }
 921              		.loc 1 230 1 view .LVU220
 922 0048 70BD     		pop	{r4, r5, r6, pc}
 923              		.loc 1 230 1 view .LVU221
 924              		.cfi_endproc
 925              	.LFE230:
 927              		.section	.text.VL6180X_ReadAllDistancesPolling,"ax",%progbits
 928              		.align	1
 929              		.global	VL6180X_ReadAllDistancesPolling
 930              		.syntax unified
 931              		.thumb
 932              		.thumb_func
 934              	VL6180X_ReadAllDistancesPolling:
 935              	.LVL94:
 936              	.LFB231:
 231:Core/Src/vl6180.c **** 
 232:Core/Src/vl6180.c **** void VL6180X_ReadAllDistancesPolling(VL6180X_Sensor *sensors, uint8_t *counter) {
 937              		.loc 1 232 81 is_stmt 1 view -0
 938              		.cfi_startproc
 939              		@ args = 0, pretend = 0, frame = 0
 940              		@ frame_needed = 0, uses_anonymous_args = 0
 941              		.loc 1 232 81 is_stmt 0 view .LVU223
 942 0000 F8B5     		push	{r3, r4, r5, r6, r7, lr}
 943              	.LCFI11:
 944              		.cfi_def_cfa_offset 24
 945              		.cfi_offset 3, -24
 946              		.cfi_offset 4, -20
 947              		.cfi_offset 5, -16
 948              		.cfi_offset 6, -12
 949              		.cfi_offset 7, -8
 950              		.cfi_offset 14, -4
 951 0002 0746     		mov	r7, r0
 952 0004 0E46     		mov	r6, r1
 233:Core/Src/vl6180.c **** 	for (int i = 0; i < NUMBER_OF_VL6180X_ID; i++) {
 953              		.loc 1 233 2 is_stmt 1 view .LVU224
 954              	.LBB7:
 955              		.loc 1 233 7 view .LVU225
 956              	.LVL95:
 957              		.loc 1 233 11 is_stmt 0 view .LVU226
 958 0006 0025     		movs	r5, #0
 959              		.loc 1 233 2 view .LVU227
 960 0008 1AE0     		b	.L53
 961              	.LVL96:
 962              	.L61:
 234:Core/Src/vl6180.c **** 		if (sensors[i].working) {
 235:Core/Src/vl6180.c **** 			if (VL6180X_ReadDistancePolling(sensors[i].addr, &sensors[i].distance) == 0) {
 963              		.loc 1 235 4 is_stmt 1 view .LVU228
 964              		.loc 1 235 8 is_stmt 0 view .LVU229
 965 000a 04F10901 		add	r1, r4, #9
 966 000e B85C     		ldrb	r0, [r7, r2]	@ zero_extendqisi2
 967 0010 FFF7FEFF 		bl	VL6180X_ReadDistancePolling
 968              	.LVL97:
 969              		.loc 1 235 7 discriminator 1 view .LVU230
 970 0014 28BB     		cbnz	r0, .L55
 236:Core/Src/vl6180.c **** 				if ((int)(sensors[i].m * sensors[i].distance + sensors[i].q) <= 255){
ARM GAS  /tmp/ccwbDY1Z.s 			page 23


 971              		.loc 1 236 5 is_stmt 1 view .LVU231
 972              		.loc 1 236 25 is_stmt 0 view .LVU232
 973 0016 94ED037A 		vldr.32	s14, [r4, #12]
 974              		.loc 1 236 40 view .LVU233
 975 001a 637A     		ldrb	r3, [r4, #9]	@ zero_extendqisi2
 976 001c 07EE903A 		vmov	s15, r3	@ int
 977              		.loc 1 236 28 view .LVU234
 978 0020 F8EEE77A 		vcvt.f32.s32	s15, s15
 979 0024 67EE877A 		vmul.f32	s15, s15, s14
 980              		.loc 1 236 62 view .LVU235
 981 0028 94ED047A 		vldr.32	s14, [r4, #16]
 982              		.loc 1 236 50 view .LVU236
 983 002c 77EE877A 		vadd.f32	s15, s15, s14
 984              		.loc 1 236 9 view .LVU237
 985 0030 FDEEE77A 		vcvt.s32.f32	s15, s15
 986 0034 17EE903A 		vmov	r3, s15	@ int
 987              		.loc 1 236 8 view .LVU238
 988 0038 FF2B     		cmp	r3, #255
 989 003a 0FDC     		bgt	.L56
 237:Core/Src/vl6180.c **** 					sensors[i].distance = (int)(sensors[i].m * sensors[i].distance + sensors[i].q);
 990              		.loc 1 237 6 is_stmt 1 view .LVU239
 991              		.loc 1 237 26 is_stmt 0 view .LVU240
 992 003c 6372     		strb	r3, [r4, #9]
 993              	.L57:
 233:Core/Src/vl6180.c **** 		if (sensors[i].working) {
 994              		.loc 1 233 45 is_stmt 1 discriminator 2 view .LVU241
 995 003e 0135     		adds	r5, r5, #1
 996              	.LVL98:
 997              	.L53:
 233:Core/Src/vl6180.c **** 		if (sensors[i].working) {
 998              		.loc 1 233 20 discriminator 1 view .LVU242
 999 0040 012D     		cmp	r5, #1
 1000 0042 15DC     		bgt	.L60
 234:Core/Src/vl6180.c **** 			if (VL6180X_ReadDistancePolling(sensors[i].addr, &sensors[i].distance) == 0) {
 1001              		.loc 1 234 3 view .LVU243
 234:Core/Src/vl6180.c **** 			if (VL6180X_ReadDistancePolling(sensors[i].addr, &sensors[i].distance) == 0) {
 1002              		.loc 1 234 14 is_stmt 0 view .LVU244
 1003 0044 05EB8504 		add	r4, r5, r5, lsl #2
 1004 0048 A200     		lsls	r2, r4, #2
 1005 004a 07EB8404 		add	r4, r7, r4, lsl #2
 234:Core/Src/vl6180.c **** 			if (VL6180X_ReadDistancePolling(sensors[i].addr, &sensors[i].distance) == 0) {
 1006              		.loc 1 234 17 view .LVU245
 1007 004e 237A     		ldrb	r3, [r4, #8]	@ zero_extendqisi2
 234:Core/Src/vl6180.c **** 			if (VL6180X_ReadDistancePolling(sensors[i].addr, &sensors[i].distance) == 0) {
 1008              		.loc 1 234 6 view .LVU246
 1009 0050 002B     		cmp	r3, #0
 1010 0052 DAD1     		bne	.L61
 238:Core/Src/vl6180.c **** 				} else {
 239:Core/Src/vl6180.c **** 					sensors[i].distance = 255;
 240:Core/Src/vl6180.c **** 				}
 241:Core/Src/vl6180.c **** 			} else {
 242:Core/Src/vl6180.c **** 				/* Error reading ith VL6180X */
 243:Core/Src/vl6180.c **** 				sensors[i].working = false;
 244:Core/Src/vl6180.c **** 
 245:Core/Src/vl6180.c **** 				/* Shutdown that VL6180X */
 246:Core/Src/vl6180.c **** 				HAL_GPIO_WritePin(sensors[i].xshut_port, sensors[i].xshut_pin, GPIO_PIN_RESET);
 247:Core/Src/vl6180.c **** 			}
ARM GAS  /tmp/ccwbDY1Z.s 			page 24


 248:Core/Src/vl6180.c **** 		} else {
 249:Core/Src/vl6180.c **** 			/* ith VL6180X not working */
 250:Core/Src/vl6180.c **** 			(*counter)++;
 1011              		.loc 1 250 4 is_stmt 1 view .LVU247
 1012              		.loc 1 250 5 is_stmt 0 view .LVU248
 1013 0054 3378     		ldrb	r3, [r6]	@ zero_extendqisi2
 1014              		.loc 1 250 14 view .LVU249
 1015 0056 0133     		adds	r3, r3, #1
 1016 0058 3370     		strb	r3, [r6]
 1017 005a F0E7     		b	.L57
 1018              	.L56:
 239:Core/Src/vl6180.c **** 				}
 1019              		.loc 1 239 6 is_stmt 1 view .LVU250
 239:Core/Src/vl6180.c **** 				}
 1020              		.loc 1 239 26 is_stmt 0 view .LVU251
 1021 005c FF23     		movs	r3, #255
 1022 005e 6372     		strb	r3, [r4, #9]
 1023 0060 EDE7     		b	.L57
 1024              	.L55:
 243:Core/Src/vl6180.c **** 
 1025              		.loc 1 243 5 is_stmt 1 view .LVU252
 243:Core/Src/vl6180.c **** 
 1026              		.loc 1 243 24 is_stmt 0 view .LVU253
 1027 0062 0022     		movs	r2, #0
 1028 0064 2272     		strb	r2, [r4, #8]
 246:Core/Src/vl6180.c **** 			}
 1029              		.loc 1 246 5 is_stmt 1 view .LVU254
 1030 0066 6188     		ldrh	r1, [r4, #2]
 1031 0068 6068     		ldr	r0, [r4, #4]
 1032 006a FFF7FEFF 		bl	HAL_GPIO_WritePin
 1033              	.LVL99:
 1034 006e E6E7     		b	.L57
 1035              	.L60:
 246:Core/Src/vl6180.c **** 			}
 1036              		.loc 1 246 5 is_stmt 0 view .LVU255
 1037              	.LBE7:
 251:Core/Src/vl6180.c **** 		}
 252:Core/Src/vl6180.c **** 	}
 253:Core/Src/vl6180.c **** }
 1038              		.loc 1 253 1 view .LVU256
 1039 0070 F8BD     		pop	{r3, r4, r5, r6, r7, pc}
 1040              		.loc 1 253 1 view .LVU257
 1041              		.cfi_endproc
 1042              	.LFE231:
 1044              		.section	.rodata.VL6180X_PrintAllDistances.str1.4,"aMS",%progbits,1
 1045              		.align	2
 1046              	.LC0:
 1047 0000 53656E73 		.ascii	"Sensor %d  \000"
 1047      6F722025 
 1047      64202000 
 1048              		.align	2
 1049              	.LC1:
 1050 000c 6D656173 		.ascii	"measured %d, corrected %d \000"
 1050      75726564 
 1050      2025642C 
 1050      20636F72 
 1050      72656374 
ARM GAS  /tmp/ccwbDY1Z.s 			page 25


 1051 0027 00       		.align	2
 1052              	.LC2:
 1053 0028 2D2D2D20 		.ascii	"--- \000"
 1053      00
 1054 002d 000000   		.align	2
 1055              	.LC3:
 1056 0030 20202020 		.ascii	"     |     \000"
 1056      207C2020 
 1056      20202000 
 1057              		.align	2
 1058              	.LC4:
 1059 003c 0D00     		.ascii	"\015\000"
 1060              		.section	.text.VL6180X_PrintAllDistances,"ax",%progbits
 1061              		.align	1
 1062              		.global	VL6180X_PrintAllDistances
 1063              		.syntax unified
 1064              		.thumb
 1065              		.thumb_func
 1067              	VL6180X_PrintAllDistances:
 1068              	.LVL100:
 1069              	.LFB232:
 254:Core/Src/vl6180.c **** 
 255:Core/Src/vl6180.c **** void VL6180X_PrintAllDistances(VL6180X_Sensor *sensors){
 1070              		.loc 1 255 56 is_stmt 1 view -0
 1071              		.cfi_startproc
 1072              		@ args = 0, pretend = 0, frame = 0
 1073              		@ frame_needed = 0, uses_anonymous_args = 0
 1074              		.loc 1 255 56 is_stmt 0 view .LVU259
 1075 0000 70B5     		push	{r4, r5, r6, lr}
 1076              	.LCFI12:
 1077              		.cfi_def_cfa_offset 16
 1078              		.cfi_offset 4, -16
 1079              		.cfi_offset 5, -12
 1080              		.cfi_offset 6, -8
 1081              		.cfi_offset 14, -4
 1082 0002 0546     		mov	r5, r0
 256:Core/Src/vl6180.c **** 	for (int i = 0; i < NUMBER_OF_VL6180X_ID; i++) {
 1083              		.loc 1 256 2 is_stmt 1 view .LVU260
 1084              	.LBB8:
 1085              		.loc 1 256 7 view .LVU261
 1086              	.LVL101:
 1087              		.loc 1 256 11 is_stmt 0 view .LVU262
 1088 0004 0024     		movs	r4, #0
 1089              		.loc 1 256 2 view .LVU263
 1090 0006 06E0     		b	.L63
 1091              	.LVL102:
 1092              	.L64:
 257:Core/Src/vl6180.c **** 		printf("Sensor %d  ",i+1);
 258:Core/Src/vl6180.c **** 		if (sensors[i].working) {
 259:Core/Src/vl6180.c **** 			if (VL6180X_ReadDistancePolling(sensors[i].addr, &sensors[i].distance) == 0) {
 260:Core/Src/vl6180.c **** 				printf("measured %d, corrected %d ",
 261:Core/Src/vl6180.c **** 						sensors[i].distance,
 262:Core/Src/vl6180.c **** 						(int)(sensors[i].m * sensors[i].distance + sensors[i].q));
 263:Core/Src/vl6180.c **** 			}
 264:Core/Src/vl6180.c **** 		} else {
 265:Core/Src/vl6180.c **** 			printf("--- ");
 1093              		.loc 1 265 4 is_stmt 1 view .LVU264
ARM GAS  /tmp/ccwbDY1Z.s 			page 26


 1094 0008 1A48     		ldr	r0, .L69
 1095 000a FFF7FEFF 		bl	printf
 1096              	.LVL103:
 1097              	.L65:
 266:Core/Src/vl6180.c **** 		}
 267:Core/Src/vl6180.c **** 		printf("     |     ");
 1098              		.loc 1 267 3 view .LVU265
 1099 000e 1A48     		ldr	r0, .L69+4
 1100 0010 FFF7FEFF 		bl	printf
 1101              	.LVL104:
 256:Core/Src/vl6180.c **** 		printf("Sensor %d  ",i+1);
 1102              		.loc 1 256 45 discriminator 2 view .LVU266
 256:Core/Src/vl6180.c **** 		printf("Sensor %d  ",i+1);
 1103              		.loc 1 256 45 is_stmt 0 discriminator 2 view .LVU267
 1104 0014 3446     		mov	r4, r6
 1105              	.LVL105:
 1106              	.L63:
 256:Core/Src/vl6180.c **** 		printf("Sensor %d  ",i+1);
 1107              		.loc 1 256 20 is_stmt 1 discriminator 1 view .LVU268
 1108 0016 012C     		cmp	r4, #1
 1109 0018 28DC     		bgt	.L68
 257:Core/Src/vl6180.c **** 		printf("Sensor %d  ",i+1);
 1110              		.loc 1 257 3 view .LVU269
 1111 001a 661C     		adds	r6, r4, #1
 1112 001c 3146     		mov	r1, r6
 1113 001e 1748     		ldr	r0, .L69+8
 1114 0020 FFF7FEFF 		bl	printf
 1115              	.LVL106:
 258:Core/Src/vl6180.c **** 			if (VL6180X_ReadDistancePolling(sensors[i].addr, &sensors[i].distance) == 0) {
 1116              		.loc 1 258 3 view .LVU270
 258:Core/Src/vl6180.c **** 			if (VL6180X_ReadDistancePolling(sensors[i].addr, &sensors[i].distance) == 0) {
 1117              		.loc 1 258 14 is_stmt 0 view .LVU271
 1118 0024 04EB8404 		add	r4, r4, r4, lsl #2
 1119              	.LVL107:
 258:Core/Src/vl6180.c **** 			if (VL6180X_ReadDistancePolling(sensors[i].addr, &sensors[i].distance) == 0) {
 1120              		.loc 1 258 14 view .LVU272
 1121 0028 A200     		lsls	r2, r4, #2
 1122 002a 05EB8404 		add	r4, r5, r4, lsl #2
 258:Core/Src/vl6180.c **** 			if (VL6180X_ReadDistancePolling(sensors[i].addr, &sensors[i].distance) == 0) {
 1123              		.loc 1 258 17 view .LVU273
 1124 002e 237A     		ldrb	r3, [r4, #8]	@ zero_extendqisi2
 258:Core/Src/vl6180.c **** 			if (VL6180X_ReadDistancePolling(sensors[i].addr, &sensors[i].distance) == 0) {
 1125              		.loc 1 258 6 view .LVU274
 1126 0030 002B     		cmp	r3, #0
 1127 0032 E9D0     		beq	.L64
 259:Core/Src/vl6180.c **** 				printf("measured %d, corrected %d ",
 1128              		.loc 1 259 4 is_stmt 1 view .LVU275
 259:Core/Src/vl6180.c **** 				printf("measured %d, corrected %d ",
 1129              		.loc 1 259 8 is_stmt 0 view .LVU276
 1130 0034 04F10901 		add	r1, r4, #9
 1131 0038 A85C     		ldrb	r0, [r5, r2]	@ zero_extendqisi2
 1132 003a FFF7FEFF 		bl	VL6180X_ReadDistancePolling
 1133              	.LVL108:
 259:Core/Src/vl6180.c **** 				printf("measured %d, corrected %d ",
 1134              		.loc 1 259 7 discriminator 1 view .LVU277
 1135 003e 0028     		cmp	r0, #0
 1136 0040 E5D1     		bne	.L65
ARM GAS  /tmp/ccwbDY1Z.s 			page 27


 260:Core/Src/vl6180.c **** 						sensors[i].distance,
 1137              		.loc 1 260 5 is_stmt 1 view .LVU278
 261:Core/Src/vl6180.c **** 						(int)(sensors[i].m * sensors[i].distance + sensors[i].q));
 1138              		.loc 1 261 17 is_stmt 0 view .LVU279
 1139 0042 617A     		ldrb	r1, [r4, #9]	@ zero_extendqisi2
 262:Core/Src/vl6180.c **** 			}
 1140              		.loc 1 262 23 view .LVU280
 1141 0044 94ED037A 		vldr.32	s14, [r4, #12]
 262:Core/Src/vl6180.c **** 			}
 1142              		.loc 1 262 26 view .LVU281
 1143 0048 07EE901A 		vmov	s15, r1	@ int
 1144 004c F8EEE77A 		vcvt.f32.s32	s15, s15
 1145 0050 67EE877A 		vmul.f32	s15, s15, s14
 262:Core/Src/vl6180.c **** 			}
 1146              		.loc 1 262 60 view .LVU282
 1147 0054 94ED047A 		vldr.32	s14, [r4, #16]
 262:Core/Src/vl6180.c **** 			}
 1148              		.loc 1 262 48 view .LVU283
 1149 0058 77EE877A 		vadd.f32	s15, s15, s14
 260:Core/Src/vl6180.c **** 						sensors[i].distance,
 1150              		.loc 1 260 5 view .LVU284
 1151 005c FDEEE77A 		vcvt.s32.f32	s15, s15
 1152 0060 17EE902A 		vmov	r2, s15	@ int
 1153 0064 0648     		ldr	r0, .L69+12
 1154 0066 FFF7FEFF 		bl	printf
 1155              	.LVL109:
 1156 006a D0E7     		b	.L65
 1157              	.LVL110:
 1158              	.L68:
 260:Core/Src/vl6180.c **** 						sensors[i].distance,
 1159              		.loc 1 260 5 view .LVU285
 1160              	.LBE8:
 268:Core/Src/vl6180.c **** 	}
 269:Core/Src/vl6180.c **** 	printf("\r\n");
 1161              		.loc 1 269 2 is_stmt 1 view .LVU286
 1162 006c 0548     		ldr	r0, .L69+16
 1163 006e FFF7FEFF 		bl	puts
 1164              	.LVL111:
 270:Core/Src/vl6180.c **** }
 1165              		.loc 1 270 1 is_stmt 0 view .LVU287
 1166 0072 70BD     		pop	{r4, r5, r6, pc}
 1167              	.LVL112:
 1168              	.L70:
 1169              		.loc 1 270 1 view .LVU288
 1170              		.align	2
 1171              	.L69:
 1172 0074 28000000 		.word	.LC2
 1173 0078 30000000 		.word	.LC3
 1174 007c 00000000 		.word	.LC0
 1175 0080 0C000000 		.word	.LC1
 1176 0084 3C000000 		.word	.LC4
 1177              		.cfi_endproc
 1178              	.LFE232:
 1180              		.section	.rodata.i2cScan.str1.4,"aMS",%progbits,1
 1181              		.align	2
 1182              	.LC5:
 1183 0000 466F756E 		.ascii	"Found device at 0x%02X\012\000"
ARM GAS  /tmp/ccwbDY1Z.s 			page 28


 1183      64206465 
 1183      76696365 
 1183      20617420 
 1183      30782530 
 1184              		.align	2
 1185              	.LC6:
 1186 0018 4E6F2064 		.ascii	"No device found \000"
 1186      65766963 
 1186      6520666F 
 1186      756E6420 
 1186      00
 1187              		.section	.text.i2cScan,"ax",%progbits
 1188              		.align	1
 1189              		.global	i2cScan
 1190              		.syntax unified
 1191              		.thumb
 1192              		.thumb_func
 1194              	i2cScan:
 1195              	.LFB233:
 271:Core/Src/vl6180.c **** 
 272:Core/Src/vl6180.c **** void i2cScan() {
 1196              		.loc 1 272 16 is_stmt 1 view -0
 1197              		.cfi_startproc
 1198              		@ args = 0, pretend = 0, frame = 0
 1199              		@ frame_needed = 0, uses_anonymous_args = 0
 1200 0000 38B5     		push	{r3, r4, r5, lr}
 1201              	.LCFI13:
 1202              		.cfi_def_cfa_offset 16
 1203              		.cfi_offset 3, -16
 1204              		.cfi_offset 4, -12
 1205              		.cfi_offset 5, -8
 1206              		.cfi_offset 14, -4
 273:Core/Src/vl6180.c **** 	uint8_t c = 0;
 1207              		.loc 1 273 2 view .LVU290
 1208              	.LVL113:
 274:Core/Src/vl6180.c **** 	for (uint8_t addr = 0x03; addr < 0x77; addr++) {
 1209              		.loc 1 274 2 view .LVU291
 1210              	.LBB9:
 1211              		.loc 1 274 7 view .LVU292
 1212              		.loc 1 274 15 is_stmt 0 view .LVU293
 1213 0002 0324     		movs	r4, #3
 1214              	.LBE9:
 273:Core/Src/vl6180.c **** 	uint8_t c = 0;
 1215              		.loc 1 273 10 view .LVU294
 1216 0004 0025     		movs	r5, #0
 1217              	.LBB10:
 1218              		.loc 1 274 2 view .LVU295
 1219 0006 01E0     		b	.L72
 1220              	.LVL114:
 1221              	.L73:
 1222              		.loc 1 274 45 is_stmt 1 discriminator 2 view .LVU296
 1223 0008 0134     		adds	r4, r4, #1
 1224              	.LVL115:
 1225              		.loc 1 274 45 is_stmt 0 discriminator 2 view .LVU297
 1226 000a E4B2     		uxtb	r4, r4
 1227              	.LVL116:
 1228              	.L72:
ARM GAS  /tmp/ccwbDY1Z.s 			page 29


 1229              		.loc 1 274 33 is_stmt 1 discriminator 1 view .LVU298
 1230 000c 762C     		cmp	r4, #118
 1231 000e 0ED8     		bhi	.L77
 275:Core/Src/vl6180.c **** 		if (HAL_I2C_IsDeviceReady(&hi2c1, addr << 1, 2, 10) == HAL_OK) {
 1232              		.loc 1 275 3 view .LVU299
 1233              		.loc 1 275 7 is_stmt 0 view .LVU300
 1234 0010 0A23     		movs	r3, #10
 1235 0012 0222     		movs	r2, #2
 1236 0014 6100     		lsls	r1, r4, #1
 1237 0016 0948     		ldr	r0, .L79
 1238 0018 FFF7FEFF 		bl	HAL_I2C_IsDeviceReady
 1239              	.LVL117:
 1240              		.loc 1 275 6 discriminator 1 view .LVU301
 1241 001c 0028     		cmp	r0, #0
 1242 001e F3D1     		bne	.L73
 276:Core/Src/vl6180.c **** 			printf("Found device at 0x%02X\n", addr);
 1243              		.loc 1 276 4 is_stmt 1 view .LVU302
 1244 0020 2146     		mov	r1, r4
 1245 0022 0748     		ldr	r0, .L79+4
 1246 0024 FFF7FEFF 		bl	printf
 1247              	.LVL118:
 277:Core/Src/vl6180.c **** 			c++;
 1248              		.loc 1 277 4 view .LVU303
 1249              		.loc 1 277 5 is_stmt 0 view .LVU304
 1250 0028 0135     		adds	r5, r5, #1
 1251              	.LVL119:
 1252              		.loc 1 277 5 view .LVU305
 1253 002a EDB2     		uxtb	r5, r5
 1254              	.LVL120:
 1255              		.loc 1 277 5 view .LVU306
 1256 002c ECE7     		b	.L73
 1257              	.L77:
 1258              		.loc 1 277 5 view .LVU307
 1259              	.LBE10:
 278:Core/Src/vl6180.c **** 		}
 279:Core/Src/vl6180.c **** 	}
 280:Core/Src/vl6180.c **** 	if (c == 0) {
 1260              		.loc 1 280 2 is_stmt 1 view .LVU308
 1261              		.loc 1 280 5 is_stmt 0 view .LVU309
 1262 002e 05B1     		cbz	r5, .L78
 1263              	.L71:
 281:Core/Src/vl6180.c **** 		printf("No device found \n");
 282:Core/Src/vl6180.c **** 	}
 283:Core/Src/vl6180.c **** }
 1264              		.loc 1 283 1 view .LVU310
 1265 0030 38BD     		pop	{r3, r4, r5, pc}
 1266              	.LVL121:
 1267              	.L78:
 281:Core/Src/vl6180.c **** 		printf("No device found \n");
 1268              		.loc 1 281 3 is_stmt 1 view .LVU311
 1269 0032 0448     		ldr	r0, .L79+8
 1270 0034 FFF7FEFF 		bl	puts
 1271              	.LVL122:
 1272              		.loc 1 283 1 is_stmt 0 view .LVU312
 1273 0038 FAE7     		b	.L71
 1274              	.L80:
 1275 003a 00BF     		.align	2
ARM GAS  /tmp/ccwbDY1Z.s 			page 30


 1276              	.L79:
 1277 003c 00000000 		.word	hi2c1
 1278 0040 00000000 		.word	.LC5
 1279 0044 18000000 		.word	.LC6
 1280              		.cfi_endproc
 1281              	.LFE233:
 1283              		.section	.text.VL6180X_TryReadDistance,"ax",%progbits
 1284              		.align	1
 1285              		.global	VL6180X_TryReadDistance
 1286              		.syntax unified
 1287              		.thumb
 1288              		.thumb_func
 1290              	VL6180X_TryReadDistance:
 1291              	.LVL123:
 1292              	.LFB234:
 284:Core/Src/vl6180.c **** 
 285:Core/Src/vl6180.c **** 
 286:Core/Src/vl6180.c **** 
 287:Core/Src/vl6180.c **** 
 288:Core/Src/vl6180.c **** 
 289:Core/Src/vl6180.c **** 
 290:Core/Src/vl6180.c **** 
 291:Core/Src/vl6180.c **** 
 292:Core/Src/vl6180.c **** 
 293:Core/Src/vl6180.c **** 
 294:Core/Src/vl6180.c **** 
 295:Core/Src/vl6180.c **** 
 296:Core/Src/vl6180.c **** 
 297:Core/Src/vl6180.c **** 
 298:Core/Src/vl6180.c **** 
 299:Core/Src/vl6180.c **** 
 300:Core/Src/vl6180.c **** 
 301:Core/Src/vl6180.c **** HAL_StatusTypeDef VL6180X_TryReadDistance(VL6180X_Sensor *sensor, uint8_t *distance_out) {
 1293              		.loc 1 301 90 is_stmt 1 view -0
 1294              		.cfi_startproc
 1295              		@ args = 0, pretend = 0, frame = 8
 1296              		@ frame_needed = 0, uses_anonymous_args = 0
 1297              		.loc 1 301 90 is_stmt 0 view .LVU314
 1298 0000 30B5     		push	{r4, r5, lr}
 1299              	.LCFI14:
 1300              		.cfi_def_cfa_offset 12
 1301              		.cfi_offset 4, -12
 1302              		.cfi_offset 5, -8
 1303              		.cfi_offset 14, -4
 1304 0002 87B0     		sub	sp, sp, #28
 1305              	.LCFI15:
 1306              		.cfi_def_cfa_offset 40
 1307 0004 0446     		mov	r4, r0
 1308 0006 0D46     		mov	r5, r1
 302:Core/Src/vl6180.c ****     uint8_t range_status;
 1309              		.loc 1 302 5 is_stmt 1 view .LVU315
 303:Core/Src/vl6180.c ****     uint8_t raw_distance;
 1310              		.loc 1 303 5 view .LVU316
 304:Core/Src/vl6180.c ****     HAL_StatusTypeDef status;
 1311              		.loc 1 304 5 view .LVU317
 305:Core/Src/vl6180.c **** 
 306:Core/Src/vl6180.c ****     // Check measurement ready (range status)
ARM GAS  /tmp/ccwbDY1Z.s 			page 31


 307:Core/Src/vl6180.c ****     status = HAL_I2C_Mem_Read(&hi2c1, sensor->addr, VL6180X_RESULT_RANGE_STATUS,
 1312              		.loc 1 307 5 view .LVU318
 1313              		.loc 1 307 14 is_stmt 0 view .LVU319
 1314 0008 0A23     		movs	r3, #10
 1315 000a 0293     		str	r3, [sp, #8]
 1316 000c 0123     		movs	r3, #1
 1317 000e 0193     		str	r3, [sp, #4]
 1318 0010 0DF11702 		add	r2, sp, #23
 1319 0014 0092     		str	r2, [sp]
 1320 0016 4D22     		movs	r2, #77
 1321 0018 0178     		ldrb	r1, [r0]	@ zero_extendqisi2
 1322              	.LVL124:
 1323              		.loc 1 307 14 view .LVU320
 1324 001a 1C48     		ldr	r0, .L88
 1325              	.LVL125:
 1326              		.loc 1 307 14 view .LVU321
 1327 001c FFF7FEFF 		bl	HAL_I2C_Mem_Read
 1328              	.LVL126:
 308:Core/Src/vl6180.c ****                               I2C_MEMADD_SIZE_8BIT, &range_status, 1, 10);
 309:Core/Src/vl6180.c ****     if (status != HAL_OK) {
 1329              		.loc 1 309 5 is_stmt 1 view .LVU322
 1330              		.loc 1 309 8 is_stmt 0 view .LVU323
 1331 0020 28B9     		cbnz	r0, .L82
 310:Core/Src/vl6180.c ****         return status;  // I2C error: sensor missing or bus issue
 311:Core/Src/vl6180.c ****     }
 312:Core/Src/vl6180.c **** 
 313:Core/Src/vl6180.c ****     // Check if measurement is ready (LSB bit should be 1)
 314:Core/Src/vl6180.c ****     if ((range_status & 0x01) == 0) {
 1332              		.loc 1 314 5 is_stmt 1 view .LVU324
 1333              		.loc 1 314 23 is_stmt 0 view .LVU325
 1334 0022 9DF81730 		ldrb	r3, [sp, #23]	@ zero_extendqisi2
 1335              		.loc 1 314 8 view .LVU326
 1336 0026 13F0010F 		tst	r3, #1
 1337 002a 02D1     		bne	.L87
 315:Core/Src/vl6180.c ****         return HAL_ERROR;  // Measurement not ready or bad data
 1338              		.loc 1 315 16 view .LVU327
 1339 002c 0120     		movs	r0, #1
 1340              	.LVL127:
 1341              	.L82:
 316:Core/Src/vl6180.c ****     }
 317:Core/Src/vl6180.c **** 
 318:Core/Src/vl6180.c ****     // Read distance value
 319:Core/Src/vl6180.c ****     status = HAL_I2C_Mem_Read(&hi2c1, sensor->addr, VL6180X_RESULT_RANGE_VAL,
 320:Core/Src/vl6180.c ****                               I2C_MEMADD_SIZE_8BIT, &raw_distance, 1, 10);
 321:Core/Src/vl6180.c ****     if (status != HAL_OK) {
 322:Core/Src/vl6180.c ****         return status;
 323:Core/Src/vl6180.c ****     }
 324:Core/Src/vl6180.c **** 
 325:Core/Src/vl6180.c ****     // Apply calibration and clamping
 326:Core/Src/vl6180.c ****     int value = sensor->m * raw_distance + sensor->q;
 327:Core/Src/vl6180.c ****     if (value > 255) {
 328:Core/Src/vl6180.c ****         *distance_out = 255;
 329:Core/Src/vl6180.c ****     } else if (value < 5) {
 330:Core/Src/vl6180.c ****         *distance_out = 0;
 331:Core/Src/vl6180.c ****     } else {
 332:Core/Src/vl6180.c ****         *distance_out = value;
 333:Core/Src/vl6180.c ****     }
ARM GAS  /tmp/ccwbDY1Z.s 			page 32


 334:Core/Src/vl6180.c **** 
 335:Core/Src/vl6180.c ****     return HAL_OK;
 336:Core/Src/vl6180.c **** }
 1342              		.loc 1 336 1 view .LVU328
 1343 002e 07B0     		add	sp, sp, #28
 1344              	.LCFI16:
 1345              		.cfi_remember_state
 1346              		.cfi_def_cfa_offset 12
 1347              		@ sp needed
 1348 0030 30BD     		pop	{r4, r5, pc}
 1349              	.LVL128:
 1350              	.L87:
 1351              	.LCFI17:
 1352              		.cfi_restore_state
 319:Core/Src/vl6180.c ****                               I2C_MEMADD_SIZE_8BIT, &raw_distance, 1, 10);
 1353              		.loc 1 319 5 is_stmt 1 view .LVU329
 319:Core/Src/vl6180.c ****                               I2C_MEMADD_SIZE_8BIT, &raw_distance, 1, 10);
 1354              		.loc 1 319 14 is_stmt 0 view .LVU330
 1355 0032 0A23     		movs	r3, #10
 1356 0034 0293     		str	r3, [sp, #8]
 1357 0036 0123     		movs	r3, #1
 1358              	.LVL129:
 319:Core/Src/vl6180.c ****                               I2C_MEMADD_SIZE_8BIT, &raw_distance, 1, 10);
 1359              		.loc 1 319 14 view .LVU331
 1360 0038 0193     		str	r3, [sp, #4]
 1361 003a 0DF11602 		add	r2, sp, #22
 1362 003e 0092     		str	r2, [sp]
 1363 0040 6222     		movs	r2, #98
 1364 0042 2178     		ldrb	r1, [r4]	@ zero_extendqisi2
 1365 0044 1148     		ldr	r0, .L88
 1366 0046 FFF7FEFF 		bl	HAL_I2C_Mem_Read
 1367              	.LVL130:
 321:Core/Src/vl6180.c ****         return status;
 1368              		.loc 1 321 5 is_stmt 1 view .LVU332
 321:Core/Src/vl6180.c ****         return status;
 1369              		.loc 1 321 8 is_stmt 0 view .LVU333
 1370 004a 0028     		cmp	r0, #0
 1371 004c EFD1     		bne	.L82
 326:Core/Src/vl6180.c ****     if (value > 255) {
 1372              		.loc 1 326 5 is_stmt 1 view .LVU334
 326:Core/Src/vl6180.c ****     if (value > 255) {
 1373              		.loc 1 326 23 is_stmt 0 view .LVU335
 1374 004e 94ED037A 		vldr.32	s14, [r4, #12]
 326:Core/Src/vl6180.c ****     if (value > 255) {
 1375              		.loc 1 326 27 view .LVU336
 1376 0052 9DF81630 		ldrb	r3, [sp, #22]	@ zero_extendqisi2
 1377 0056 07EE903A 		vmov	s15, r3	@ int
 1378 005a F8EEE77A 		vcvt.f32.s32	s15, s15
 1379 005e 67EE877A 		vmul.f32	s15, s15, s14
 326:Core/Src/vl6180.c ****     if (value > 255) {
 1380              		.loc 1 326 50 view .LVU337
 1381 0062 94ED047A 		vldr.32	s14, [r4, #16]
 326:Core/Src/vl6180.c ****     if (value > 255) {
 1382              		.loc 1 326 42 view .LVU338
 1383 0066 77EE877A 		vadd.f32	s15, s15, s14
 326:Core/Src/vl6180.c ****     if (value > 255) {
 1384              		.loc 1 326 9 view .LVU339
ARM GAS  /tmp/ccwbDY1Z.s 			page 33


 1385 006a FDEEE77A 		vcvt.s32.f32	s15, s15
 1386 006e 17EE903A 		vmov	r3, s15	@ int
 1387              	.LVL131:
 327:Core/Src/vl6180.c ****         *distance_out = 255;
 1388              		.loc 1 327 5 is_stmt 1 view .LVU340
 327:Core/Src/vl6180.c ****         *distance_out = 255;
 1389              		.loc 1 327 8 is_stmt 0 view .LVU341
 1390 0072 FF2B     		cmp	r3, #255
 1391 0074 02DD     		ble	.L83
 328:Core/Src/vl6180.c ****     } else if (value < 5) {
 1392              		.loc 1 328 9 is_stmt 1 view .LVU342
 328:Core/Src/vl6180.c ****     } else if (value < 5) {
 1393              		.loc 1 328 23 is_stmt 0 view .LVU343
 1394 0076 FF23     		movs	r3, #255
 1395              	.LVL132:
 328:Core/Src/vl6180.c ****     } else if (value < 5) {
 1396              		.loc 1 328 23 view .LVU344
 1397 0078 2B70     		strb	r3, [r5]
 1398 007a D8E7     		b	.L82
 1399              	.LVL133:
 1400              	.L83:
 329:Core/Src/vl6180.c ****         *distance_out = 0;
 1401              		.loc 1 329 12 is_stmt 1 view .LVU345
 329:Core/Src/vl6180.c ****         *distance_out = 0;
 1402              		.loc 1 329 15 is_stmt 0 view .LVU346
 1403 007c 042B     		cmp	r3, #4
 1404 007e 02DC     		bgt	.L84
 330:Core/Src/vl6180.c ****     } else {
 1405              		.loc 1 330 9 is_stmt 1 view .LVU347
 330:Core/Src/vl6180.c ****     } else {
 1406              		.loc 1 330 23 is_stmt 0 view .LVU348
 1407 0080 0023     		movs	r3, #0
 1408              	.LVL134:
 330:Core/Src/vl6180.c ****     } else {
 1409              		.loc 1 330 23 view .LVU349
 1410 0082 2B70     		strb	r3, [r5]
 1411 0084 D3E7     		b	.L82
 1412              	.LVL135:
 1413              	.L84:
 332:Core/Src/vl6180.c ****     }
 1414              		.loc 1 332 9 is_stmt 1 view .LVU350
 332:Core/Src/vl6180.c ****     }
 1415              		.loc 1 332 23 is_stmt 0 view .LVU351
 1416 0086 2B70     		strb	r3, [r5]
 1417 0088 D1E7     		b	.L82
 1418              	.L89:
 1419 008a 00BF     		.align	2
 1420              	.L88:
 1421 008c 00000000 		.word	hi2c1
 1422              		.cfi_endproc
 1423              	.LFE234:
 1425              		.section	.text.VL6180X_ReadAllDistances,"ax",%progbits
 1426              		.align	1
 1427              		.global	VL6180X_ReadAllDistances
 1428              		.syntax unified
 1429              		.thumb
 1430              		.thumb_func
ARM GAS  /tmp/ccwbDY1Z.s 			page 34


 1432              	VL6180X_ReadAllDistances:
 1433              	.LVL136:
 1434              	.LFB235:
 337:Core/Src/vl6180.c **** 
 338:Core/Src/vl6180.c **** void VL6180X_ReadAllDistances(VL6180X_Sensor *sensors, uint8_t *offline_counter) {
 1435              		.loc 1 338 82 is_stmt 1 view -0
 1436              		.cfi_startproc
 1437              		@ args = 0, pretend = 0, frame = 8
 1438              		@ frame_needed = 0, uses_anonymous_args = 0
 1439              		.loc 1 338 82 is_stmt 0 view .LVU353
 1440 0000 2DE9F041 		push	{r4, r5, r6, r7, r8, lr}
 1441              	.LCFI18:
 1442              		.cfi_def_cfa_offset 24
 1443              		.cfi_offset 4, -24
 1444              		.cfi_offset 5, -20
 1445              		.cfi_offset 6, -16
 1446              		.cfi_offset 7, -12
 1447              		.cfi_offset 8, -8
 1448              		.cfi_offset 14, -4
 1449 0004 82B0     		sub	sp, sp, #8
 1450              	.LCFI19:
 1451              		.cfi_def_cfa_offset 32
 1452 0006 0646     		mov	r6, r0
 1453 0008 8846     		mov	r8, r1
 339:Core/Src/vl6180.c ****     HAL_StatusTypeDef status;
 1454              		.loc 1 339 5 is_stmt 1 view .LVU354
 340:Core/Src/vl6180.c ****     uint8_t distance;
 1455              		.loc 1 340 5 view .LVU355
 341:Core/Src/vl6180.c ****     uint8_t flag = 0;
 1456              		.loc 1 341 5 view .LVU356
 1457              	.LVL137:
 342:Core/Src/vl6180.c **** 
 343:Core/Src/vl6180.c ****     for (int i = 0; i < NUMBER_OF_VL6180X_ID; i++) {
 1458              		.loc 1 343 5 view .LVU357
 1459              	.LBB11:
 1460              		.loc 1 343 10 view .LVU358
 1461              		.loc 1 343 14 is_stmt 0 view .LVU359
 1462 000a 0024     		movs	r4, #0
 1463              	.LBE11:
 341:Core/Src/vl6180.c ****     uint8_t flag = 0;
 1464              		.loc 1 341 13 view .LVU360
 1465 000c 2746     		mov	r7, r4
 1466              	.LBB12:
 1467              		.loc 1 343 5 view .LVU361
 1468 000e 09E0     		b	.L91
 1469              	.LVL138:
 1470              	.L99:
 344:Core/Src/vl6180.c ****         if (sensors[i].working) {
 345:Core/Src/vl6180.c ****             status = VL6180X_TryReadDistance(&sensors[i], &distance);
 1471              		.loc 1 345 13 is_stmt 1 view .LVU362
 1472              		.loc 1 345 22 is_stmt 0 view .LVU363
 1473 0010 0DF10701 		add	r1, sp, #7
 1474 0014 2846     		mov	r0, r5
 1475 0016 FFF7FEFF 		bl	VL6180X_TryReadDistance
 1476              	.LVL139:
 346:Core/Src/vl6180.c **** 
 347:Core/Src/vl6180.c ****             if (status == HAL_OK) {
ARM GAS  /tmp/ccwbDY1Z.s 			page 35


 1477              		.loc 1 347 13 is_stmt 1 view .LVU364
 1478              		.loc 1 347 16 is_stmt 0 view .LVU365
 1479 001a 70B9     		cbnz	r0, .L93
 348:Core/Src/vl6180.c ****                 sensors[i].distance = distance;
 1480              		.loc 1 348 17 is_stmt 1 view .LVU366
 1481              		.loc 1 348 37 is_stmt 0 view .LVU367
 1482 001c 9DF80730 		ldrb	r3, [sp, #7]	@ zero_extendqisi2
 1483 0020 6B72     		strb	r3, [r5, #9]
 1484              	.LVL140:
 1485              	.L92:
 343:Core/Src/vl6180.c ****         if (sensors[i].working) {
 1486              		.loc 1 343 48 is_stmt 1 discriminator 2 view .LVU368
 1487 0022 0134     		adds	r4, r4, #1
 1488              	.LVL141:
 1489              	.L91:
 343:Core/Src/vl6180.c ****         if (sensors[i].working) {
 1490              		.loc 1 343 23 discriminator 1 view .LVU369
 1491 0024 012C     		cmp	r4, #1
 1492 0026 11DC     		bgt	.L98
 344:Core/Src/vl6180.c ****             status = VL6180X_TryReadDistance(&sensors[i], &distance);
 1493              		.loc 1 344 9 view .LVU370
 344:Core/Src/vl6180.c ****             status = VL6180X_TryReadDistance(&sensors[i], &distance);
 1494              		.loc 1 344 20 is_stmt 0 view .LVU371
 1495 0028 04EB8405 		add	r5, r4, r4, lsl #2
 1496 002c 06EB8505 		add	r5, r6, r5, lsl #2
 344:Core/Src/vl6180.c ****             status = VL6180X_TryReadDistance(&sensors[i], &distance);
 1497              		.loc 1 344 23 view .LVU372
 1498 0030 2B7A     		ldrb	r3, [r5, #8]	@ zero_extendqisi2
 344:Core/Src/vl6180.c ****             status = VL6180X_TryReadDistance(&sensors[i], &distance);
 1499              		.loc 1 344 12 view .LVU373
 1500 0032 002B     		cmp	r3, #0
 1501 0034 ECD1     		bne	.L99
 349:Core/Src/vl6180.c ****             } else {
 350:Core/Src/vl6180.c ****                 // If communication failed or bad data, mark sensor offline
 351:Core/Src/vl6180.c ****                 sensors[i].working = false;
 352:Core/Src/vl6180.c ****                 sensors[i].distance = 0;
 353:Core/Src/vl6180.c ****                 HAL_GPIO_WritePin(sensors[i].xshut_port, sensors[i].xshut_pin, GPIO_PIN_RESET);
 354:Core/Src/vl6180.c ****                 flag = 1;
 355:Core/Src/vl6180.c ****             }
 356:Core/Src/vl6180.c ****         } else {
 357:Core/Src/vl6180.c ****             flag = 1;  // already offline
 1502              		.loc 1 357 18 view .LVU374
 1503 0036 0127     		movs	r7, #1
 1504              	.LVL142:
 1505              		.loc 1 357 18 view .LVU375
 1506 0038 F3E7     		b	.L92
 1507              	.LVL143:
 1508              	.L93:
 351:Core/Src/vl6180.c ****                 sensors[i].distance = 0;
 1509              		.loc 1 351 17 is_stmt 1 view .LVU376
 351:Core/Src/vl6180.c ****                 sensors[i].distance = 0;
 1510              		.loc 1 351 36 is_stmt 0 view .LVU377
 1511 003a 0022     		movs	r2, #0
 1512 003c 2A72     		strb	r2, [r5, #8]
 352:Core/Src/vl6180.c ****                 HAL_GPIO_WritePin(sensors[i].xshut_port, sensors[i].xshut_pin, GPIO_PIN_RESET);
 1513              		.loc 1 352 17 is_stmt 1 view .LVU378
 352:Core/Src/vl6180.c ****                 HAL_GPIO_WritePin(sensors[i].xshut_port, sensors[i].xshut_pin, GPIO_PIN_RESET);
ARM GAS  /tmp/ccwbDY1Z.s 			page 36


 1514              		.loc 1 352 37 is_stmt 0 view .LVU379
 1515 003e 6A72     		strb	r2, [r5, #9]
 353:Core/Src/vl6180.c ****                 flag = 1;
 1516              		.loc 1 353 17 is_stmt 1 view .LVU380
 1517 0040 6988     		ldrh	r1, [r5, #2]
 1518 0042 6868     		ldr	r0, [r5, #4]
 1519              	.LVL144:
 353:Core/Src/vl6180.c ****                 flag = 1;
 1520              		.loc 1 353 17 is_stmt 0 view .LVU381
 1521 0044 FFF7FEFF 		bl	HAL_GPIO_WritePin
 1522              	.LVL145:
 354:Core/Src/vl6180.c ****             }
 1523              		.loc 1 354 17 is_stmt 1 view .LVU382
 354:Core/Src/vl6180.c ****             }
 1524              		.loc 1 354 22 is_stmt 0 view .LVU383
 1525 0048 0127     		movs	r7, #1
 1526 004a EAE7     		b	.L92
 1527              	.LVL146:
 1528              	.L98:
 354:Core/Src/vl6180.c ****             }
 1529              		.loc 1 354 22 view .LVU384
 1530              	.LBE12:
 358:Core/Src/vl6180.c ****         }
 359:Core/Src/vl6180.c ****     }
 360:Core/Src/vl6180.c **** 
 361:Core/Src/vl6180.c ****     if (flag) (*offline_counter)++;
 1531              		.loc 1 361 5 is_stmt 1 view .LVU385
 1532              		.loc 1 361 8 is_stmt 0 view .LVU386
 1533 004c 27B1     		cbz	r7, .L90
 1534              		.loc 1 361 15 is_stmt 1 discriminator 1 view .LVU387
 1535              		.loc 1 361 16 is_stmt 0 discriminator 1 view .LVU388
 1536 004e 98F80030 		ldrb	r3, [r8]	@ zero_extendqisi2
 1537              		.loc 1 361 33 discriminator 1 view .LVU389
 1538 0052 0133     		adds	r3, r3, #1
 1539 0054 88F80030 		strb	r3, [r8]
 1540              	.L90:
 362:Core/Src/vl6180.c **** }
 1541              		.loc 1 362 1 view .LVU390
 1542 0058 02B0     		add	sp, sp, #8
 1543              	.LCFI20:
 1544              		.cfi_def_cfa_offset 24
 1545              		@ sp needed
 1546 005a BDE8F081 		pop	{r4, r5, r6, r7, r8, pc}
 1547              		.loc 1 362 1 view .LVU391
 1548              		.cfi_endproc
 1549              	.LFE235:
 1551              		.text
 1552              	.Letext0:
 1553              		.file 2 "/usr/lib/gcc/arm-none-eabi/13.2.1/include/stdint.h"
 1554              		.file 3 "Drivers/CMSIS/Device/ST/STM32F4xx/Include/stm32f401xe.h"
 1555              		.file 4 "Drivers/STM32F4xx_HAL_Driver/Inc/stm32f4xx_hal_def.h"
 1556              		.file 5 "Drivers/STM32F4xx_HAL_Driver/Inc/stm32f4xx_hal_gpio.h"
 1557              		.file 6 "Drivers/STM32F4xx_HAL_Driver/Inc/stm32f4xx_hal_dma.h"
 1558              		.file 7 "Drivers/STM32F4xx_HAL_Driver/Inc/stm32f4xx_hal_i2c.h"
 1559              		.file 8 "Core/Inc/vl6180.h"
 1560              		.file 9 "/usr/include/newlib/stdio.h"
 1561              		.file 10 "Drivers/STM32F4xx_HAL_Driver/Inc/stm32f4xx_hal.h"
ARM GAS  /tmp/ccwbDY1Z.s 			page 37


 1562              		.file 11 "Core/Inc/i2c.h"
 1563              		.file 12 "<built-in>"
ARM GAS  /tmp/ccwbDY1Z.s 			page 38


DEFINED SYMBOLS
                            *ABS*:00000000 vl6180.c
     /tmp/ccwbDY1Z.s:21     .text.VL6180X_WriteReg:00000000 $t
     /tmp/ccwbDY1Z.s:27     .text.VL6180X_WriteReg:00000000 VL6180X_WriteReg
     /tmp/ccwbDY1Z.s:73     .text.VL6180X_WriteReg:00000028 $d
     /tmp/ccwbDY1Z.s:78     .text.VL6180X_ReadReg:00000000 $t
     /tmp/ccwbDY1Z.s:84     .text.VL6180X_ReadReg:00000000 VL6180X_ReadReg
     /tmp/ccwbDY1Z.s:145    .text.VL6180X_ReadReg:00000040 $d
     /tmp/ccwbDY1Z.s:150    .text.VL6180X_Setup:00000000 $t
     /tmp/ccwbDY1Z.s:156    .text.VL6180X_Setup:00000000 VL6180X_Setup
     /tmp/ccwbDY1Z.s:215    .text.VL6180X_Setup:00000034 $d
     /tmp/ccwbDY1Z.s:224    .text.VL6180X_Init:00000000 $t
     /tmp/ccwbDY1Z.s:230    .text.VL6180X_Init:00000000 VL6180X_Init
     /tmp/ccwbDY1Z.s:477    .text.VL6180X_i2c_Init:00000000 $t
     /tmp/ccwbDY1Z.s:483    .text.VL6180X_i2c_Init:00000000 VL6180X_i2c_Init
     /tmp/ccwbDY1Z.s:610    .text.VL6180X_SendMsgToRead:00000000 $t
     /tmp/ccwbDY1Z.s:616    .text.VL6180X_SendMsgToRead:00000000 VL6180X_SendMsgToRead
     /tmp/ccwbDY1Z.s:676    .text.VL6180X_ReadDistances:00000000 $t
     /tmp/ccwbDY1Z.s:682    .text.VL6180X_ReadDistances:00000000 VL6180X_ReadDistances
     /tmp/ccwbDY1Z.s:840    .text.VL6180X_ReadDistancePolling:00000000 $t
     /tmp/ccwbDY1Z.s:846    .text.VL6180X_ReadDistancePolling:00000000 VL6180X_ReadDistancePolling
     /tmp/ccwbDY1Z.s:928    .text.VL6180X_ReadAllDistancesPolling:00000000 $t
     /tmp/ccwbDY1Z.s:934    .text.VL6180X_ReadAllDistancesPolling:00000000 VL6180X_ReadAllDistancesPolling
     /tmp/ccwbDY1Z.s:1045   .rodata.VL6180X_PrintAllDistances.str1.4:00000000 $d
     /tmp/ccwbDY1Z.s:1061   .text.VL6180X_PrintAllDistances:00000000 $t
     /tmp/ccwbDY1Z.s:1067   .text.VL6180X_PrintAllDistances:00000000 VL6180X_PrintAllDistances
     /tmp/ccwbDY1Z.s:1172   .text.VL6180X_PrintAllDistances:00000074 $d
     /tmp/ccwbDY1Z.s:1181   .rodata.i2cScan.str1.4:00000000 $d
     /tmp/ccwbDY1Z.s:1188   .text.i2cScan:00000000 $t
     /tmp/ccwbDY1Z.s:1194   .text.i2cScan:00000000 i2cScan
     /tmp/ccwbDY1Z.s:1277   .text.i2cScan:0000003c $d
     /tmp/ccwbDY1Z.s:1284   .text.VL6180X_TryReadDistance:00000000 $t
     /tmp/ccwbDY1Z.s:1290   .text.VL6180X_TryReadDistance:00000000 VL6180X_TryReadDistance
     /tmp/ccwbDY1Z.s:1421   .text.VL6180X_TryReadDistance:0000008c $d
     /tmp/ccwbDY1Z.s:1426   .text.VL6180X_ReadAllDistances:00000000 $t
     /tmp/ccwbDY1Z.s:1432   .text.VL6180X_ReadAllDistances:00000000 VL6180X_ReadAllDistances

UNDEFINED SYMBOLS
HAL_I2C_Master_Transmit
hi2c1
HAL_I2C_Master_Receive
HAL_GPIO_WritePin
HAL_Delay
HAL_GetTick
printf
puts
HAL_I2C_IsDeviceReady
HAL_I2C_Mem_Read
